Archive member included to satisfy reference by file (symbol)

c:/st/stm32cubeide_1.10.1/stm32cubeide/plugins/com.st.stm32cube.ide.mcu.externaltools.gnu-tools-for-stm32.10.3-2021.10.win32_1.0.0.202111181127/tools/bin/../lib/gcc/arm-none-eabi/10.3.1/../../../../arm-none-eabi/lib/thumb/v7e-m+fp/hard\libc_nano.a(lib_a-errno.o)
                              ./Core/Src/syscalls.o (__errno)
c:/st/stm32cubeide_1.10.1/stm32cubeide/plugins/com.st.stm32cube.ide.mcu.externaltools.gnu-tools-for-stm32.10.3-2021.10.win32_1.0.0.202111181127/tools/bin/../lib/gcc/arm-none-eabi/10.3.1/../../../../arm-none-eabi/lib/thumb/v7e-m+fp/hard\libc_nano.a(lib_a-exit.o)
                              c:/st/stm32cubeide_1.10.1/stm32cubeide/plugins/com.st.stm32cube.ide.mcu.externaltools.gnu-tools-for-stm32.10.3-2021.10.win32_1.0.0.202111181127/tools/bin/../lib/gcc/arm-none-eabi/10.3.1/../../../../arm-none-eabi/lib/thumb/v7e-m+fp/hard/crt0.o (exit)
c:/st/stm32cubeide_1.10.1/stm32cubeide/plugins/com.st.stm32cube.ide.mcu.externaltools.gnu-tools-for-stm32.10.3-2021.10.win32_1.0.0.202111181127/tools/bin/../lib/gcc/arm-none-eabi/10.3.1/../../../../arm-none-eabi/lib/thumb/v7e-m+fp/hard\libc_nano.a(lib_a-impure.o)
                              c:/st/stm32cubeide_1.10.1/stm32cubeide/plugins/com.st.stm32cube.ide.mcu.externaltools.gnu-tools-for-stm32.10.3-2021.10.win32_1.0.0.202111181127/tools/bin/../lib/gcc/arm-none-eabi/10.3.1/../../../../arm-none-eabi/lib/thumb/v7e-m+fp/hard\libc_nano.a(lib_a-exit.o) (_global_impure_ptr)
c:/st/stm32cubeide_1.10.1/stm32cubeide/plugins/com.st.stm32cube.ide.mcu.externaltools.gnu-tools-for-stm32.10.3-2021.10.win32_1.0.0.202111181127/tools/bin/../lib/gcc/arm-none-eabi/10.3.1/../../../../arm-none-eabi/lib/thumb/v7e-m+fp/hard\libc_nano.a(lib_a-init.o)
                              c:/st/stm32cubeide_1.10.1/stm32cubeide/plugins/com.st.stm32cube.ide.mcu.externaltools.gnu-tools-for-stm32.10.3-2021.10.win32_1.0.0.202111181127/tools/bin/../lib/gcc/arm-none-eabi/10.3.1/../../../../arm-none-eabi/lib/thumb/v7e-m+fp/hard/crt0.o (__libc_init_array)
c:/st/stm32cubeide_1.10.1/stm32cubeide/plugins/com.st.stm32cube.ide.mcu.externaltools.gnu-tools-for-stm32.10.3-2021.10.win32_1.0.0.202111181127/tools/bin/../lib/gcc/arm-none-eabi/10.3.1/../../../../arm-none-eabi/lib/thumb/v7e-m+fp/hard\libc_nano.a(lib_a-memset.o)
                              c:/st/stm32cubeide_1.10.1/stm32cubeide/plugins/com.st.stm32cube.ide.mcu.externaltools.gnu-tools-for-stm32.10.3-2021.10.win32_1.0.0.202111181127/tools/bin/../lib/gcc/arm-none-eabi/10.3.1/../../../../arm-none-eabi/lib/thumb/v7e-m+fp/hard/crt0.o (memset)
c:/st/stm32cubeide_1.10.1/stm32cubeide/plugins/com.st.stm32cube.ide.mcu.externaltools.gnu-tools-for-stm32.10.3-2021.10.win32_1.0.0.202111181127/tools/bin/../lib/gcc/arm-none-eabi/10.3.1/../../../../arm-none-eabi/lib/thumb/v7e-m+fp/hard\libc_nano.a(lib_a-sprintf.o)
                              ./Core/Src/GMG12864_lib.o (sprintf)
c:/st/stm32cubeide_1.10.1/stm32cubeide/plugins/com.st.stm32cube.ide.mcu.externaltools.gnu-tools-for-stm32.10.3-2021.10.win32_1.0.0.202111181127/tools/bin/../lib/gcc/arm-none-eabi/10.3.1/../../../../arm-none-eabi/lib/thumb/v7e-m+fp/hard\libc_nano.a(lib_a-strlen.o)
                              ./Core/Src/GMG12864_lib.o (strlen)
c:/st/stm32cubeide_1.10.1/stm32cubeide/plugins/com.st.stm32cube.ide.mcu.externaltools.gnu-tools-for-stm32.10.3-2021.10.win32_1.0.0.202111181127/tools/bin/../lib/gcc/arm-none-eabi/10.3.1/../../../../arm-none-eabi/lib/thumb/v7e-m+fp/hard\libc_nano.a(lib_a-nano-svfprintf.o)
                              c:/st/stm32cubeide_1.10.1/stm32cubeide/plugins/com.st.stm32cube.ide.mcu.externaltools.gnu-tools-for-stm32.10.3-2021.10.win32_1.0.0.202111181127/tools/bin/../lib/gcc/arm-none-eabi/10.3.1/../../../../arm-none-eabi/lib/thumb/v7e-m+fp/hard\libc_nano.a(lib_a-sprintf.o) (_svfprintf_r)
c:/st/stm32cubeide_1.10.1/stm32cubeide/plugins/com.st.stm32cube.ide.mcu.externaltools.gnu-tools-for-stm32.10.3-2021.10.win32_1.0.0.202111181127/tools/bin/../lib/gcc/arm-none-eabi/10.3.1/../../../../arm-none-eabi/lib/thumb/v7e-m+fp/hard\libc_nano.a(lib_a-nano-vfprintf_i.o)
                              c:/st/stm32cubeide_1.10.1/stm32cubeide/plugins/com.st.stm32cube.ide.mcu.externaltools.gnu-tools-for-stm32.10.3-2021.10.win32_1.0.0.202111181127/tools/bin/../lib/gcc/arm-none-eabi/10.3.1/../../../../arm-none-eabi/lib/thumb/v7e-m+fp/hard\libc_nano.a(lib_a-nano-svfprintf.o) (_printf_i)
c:/st/stm32cubeide_1.10.1/stm32cubeide/plugins/com.st.stm32cube.ide.mcu.externaltools.gnu-tools-for-stm32.10.3-2021.10.win32_1.0.0.202111181127/tools/bin/../lib/gcc/arm-none-eabi/10.3.1/../../../../arm-none-eabi/lib/thumb/v7e-m+fp/hard\libc_nano.a(lib_a-memchr.o)
[...]
Memory Configuration

Name             Origin             Length             Attributes
CCMRAM           0x0000000010000000 0x0000000000004000 xrw
RAM              0x0000000020000000 0x0000000000010000 xrw
FLASH            0x0000000008000000 0x0000000000080000 xr
*default*        0x0000000000000000 0xffffffffffffffff

Linker script and memory map

LOAD c:/st/stm32cubeide_1.10.1/stm32cubeide/plugins/com.st.stm32cube.ide.mcu.externaltools.gnu-tools-for-stm32.10.3-2021.10.win32_1.0.0.202111181127/tools/bin/../lib/gcc/arm-none-eabi/10.3.1/thumb/v7e-m+fp/hard/crti.o
LOAD c:/st/stm32cubeide_1.10.1/stm32cubeide/plugins/com.st.stm32cube.ide.mcu.externaltools.gnu-tools-for-stm32.10.3-2021.10.win32_1.0.0.202111181127/tools/bin/../lib/gcc/arm-none-eabi/10.3.1/thumb/v7e-m+fp/hard/crtbegin.o
LOAD c:/st/stm32cubeide_1.10.1/stm32cubeide/plugins/com.st.stm32cube.ide.mcu.externaltools.gnu-tools-for-stm32.10.3-2021.10.win32_1.0.0.202111181127/tools/bin/../lib/gcc/arm-none-eabi/10.3.1/../../../../arm-none-eabi/lib/thumb/v7e-m+fp/hard/crt0.o
LOAD ./Core/Src/GMG12864_lib.o
LOAD ./Core/Src/INA219_lib.o
LOAD ./Core/Src/fatfs_sd.o
LOAD ./Core/Src/main.o
LOAD ./Core/Src/stm32f3xx_hal_msp.o
LOAD ./Core/Src/stm32f3xx_it.o
LOAD ./Core/Src/syscalls.o
LOAD ./Core/Src/sysmem.o
LOAD ./Core/Src/system_stm32f3xx.o
LOAD ./Core/Startup/startup_stm32f303retx.o
LOAD ./Drivers/STM32F3xx_HAL_Driver/Src/stm32f3xx_hal.o
LOAD ./Drivers/STM32F3xx_HAL_Driver/Src/stm32f3xx_hal_cortex.o
LOAD ./Drivers/STM32F3xx_HAL_Driver/Src/stm32f3xx_hal_dma.o
LOAD ./Drivers/STM32F3xx_HAL_Driver/Src/stm32f3xx_hal_exti.o
LOAD ./Drivers/STM32F3xx_HAL_Driver/Src/stm32f3xx_hal_flash.o
LOAD ./Drivers/STM32F3xx_HAL_Driver/Src/stm32f3xx_hal_flash_ex.o
LOAD ./Drivers/STM32F3xx_HAL_Driver/Src/stm32f3xx_hal_gpio.o
LOAD ./Drivers/STM32F3xx_HAL_Driver/Src/stm32f3xx_hal_i2c.o
LOAD ./Drivers/STM32F3xx_HAL_Driver/Src/stm32f3xx_hal_i2c_ex.o
LOAD ./Drivers/STM32F3xx_HAL_Driver/Src/stm32f3xx_hal_pwr.o
LOAD ./Drivers/STM32F3xx_HAL_Driver/Src/stm32f3xx_hal_pwr_ex.o
LOAD ./Drivers/STM32F3xx_HAL_Driver/Src/stm32f3xx_hal_rcc.o
LOAD ./Drivers/STM32F3xx_HAL_Driver/Src/stm32f3xx_hal_rcc_ex.o
LOAD ./Drivers/STM32F3xx_HAL_Driver/Src/stm32f3xx_hal_spi.o
LOAD ./Drivers/STM32F3xx_HAL_Driver/Src/stm32f3xx_hal_spi_ex.o
LOAD ./Drivers/STM32F3xx_HAL_Driver/Src/stm32f3xx_hal_tim.o
LOAD ./Drivers/STM32F3xx_HAL_Driver/Src/stm32f3xx_hal_tim_ex.o
LOAD ./Drivers/STM32F3xx_HAL_Driver/Src/stm32f3xx_hal_uart.o
LOAD ./Drivers/STM32F3xx_HAL_Driver/Src/stm32f3xx_hal_uart_ex.o
LOAD ./FATFS/App/fatfs.o
LOAD ./FATFS/Target/user_diskio.o
LOAD ./Middlewares/Third_Party/FatFs/src/diskio.o
LOAD ./Middlewares/Third_Party/FatFs/src/ff.o
LOAD ./Middlewares/Third_Party/FatFs/src/ff_gen_drv.o
LOAD ./Middlewares/Third_Party/FatFs/src/option/ccsbcs.o
LOAD ./Middlewares/Third_Party/FatFs/src/option/syscall.o
START GROUP
LOAD c:/st/stm32cubeide_1.10.1/stm32cubeide/plugins/com.st.stm32cube.ide.mcu.externaltools.gnu-tools-for-stm32.10.3-2021.10.win32_1.0.0.202111181127/tools/bin/../lib/gcc/arm-none-eabi/10.3.1/../../../../arm-none-eabi/lib/thumb/v7e-m+fp/hard\libc_nano.a
LOAD c:/st/stm32cubeide_1.10.1/stm32cubeide/plugins/com.st.stm32cube.ide.mcu.externaltools.gnu-tools-for-stm32.10.3-2021.10.win32_1.0.0.202111181127/tools/bin/../lib/gcc/arm-none-eabi/10.3.1/../../../../arm-none-eabi/lib/thumb/v7e-m+fp/hard\libm.a
END GROUP
START GROUP
LOAD c:/st/stm32cubeide_1.10.1/stm32cubeide/plugins/com.st.stm32cube.ide.mcu.externaltools.gnu-tools-for-stm32.10.3-2021.10.win32_1.0.0.202111181127/tools/bin/../lib/gcc/arm-none-eabi/10.3.1/thumb/v7e-m+fp/hard\libgcc.a
LOAD c:/st/stm32cubeide_1.10.1/stm32cubeide/plugins/com.st.stm32cube.ide.mcu.externaltools.gnu-tools-for-stm32.10.3-2021.10.win32_1.0.0.202111181127/tools/bin/../lib/gcc/arm-none-eabi/10.3.1/../../../../arm-none-eabi/lib/thumb/v7e-m+fp/hard\libc_nano.a
END GROUP
START GROUP
LOAD c:/st/stm32cubeide_1.10.1/stm32cubeide/plugins/com.st.stm32cube.ide.mcu.externaltools.gnu-tools-for-stm32.10.3-2021.10.win32_1.0.0.202111181127/tools/bin/../lib/gcc/arm-none-eabi/10.3.1/thumb/v7e-m+fp/hard\libgcc.a
LOAD c:/st/stm32cubeide_1.10.1/stm32cubeide/plugins/com.st.stm32cube.ide.mcu.externaltools.gnu-tools-for-stm32.10.3-2021.10.win32_1.0.0.202111181127/tools/bin/../lib/gcc/arm-none-eabi/10.3.1/../../../../arm-none-eabi/lib/thumb/v7e-m+fp/hard\libc_nano.a
LOAD c:/st/stm32cubeide_1.10.1/stm32cubeide/plugins/com.st.stm32cube.ide.mcu.externaltools.gnu-tools-for-stm32.10.3-2021.10.win32_1.0.0.202111181127/tools/bin/../lib/gcc/arm-none-eabi/10.3.1/../../../../arm-none-eabi/lib/thumb/v7e-m+fp/hard\libnosys.a
END GROUP
START GROUP
LOAD c:/st/stm32cubeide_1.10.1/stm32cubeide/plugins/com.st.stm32cube.ide.mcu.externaltools.gnu-tools-for-stm32.10.3-2021.10.win32_1.0.0.202111181127/tools/bin/../lib/gcc/arm-none-eabi/10.3.1/thumb/v7e-m+fp/hard\libgcc.a
LOAD c:/st/stm32cubeide_1.10.1/stm32cubeide/plugins/com.st.stm32cube.ide.mcu.externaltools.gnu-tools-for-stm32.10.3-2021.10.win32_1.0.0.202111181127/tools/bin/../lib/gcc/arm-none-eabi/10.3.1/../../../../arm-none-eabi/lib/thumb/v7e-m+fp/hard\libc_nano.a
LOAD c:/st/stm32cubeide_1.10.1/stm32cubeide/plugins/com.st.stm32cube.ide.mcu.externaltools.gnu-tools-for-stm32.10.3-2021.10.win32_1.0.0.202111181127/tools/bin/../lib/gcc/arm-none-eabi/10.3.1/../../../../arm-none-eabi/lib/thumb/v7e-m+fp/hard\libnosys.a
END GROUP
LOAD c:/st/stm32cubeide_1.10.1/stm32cubeide/plugins/com.st.stm32cube.ide.mcu.externaltools.gnu-tools-for-stm32.10.3-2021.10.win32_1.0.0.202111181127/tools/bin/../lib/gcc/arm-none-eabi/10.3.1/thumb/v7e-m+fp/hard/crtend.o
LOAD c:/st/stm32cubeide_1.10.1/stm32cubeide/plugins/com.st.stm32cube.ide.mcu.externaltools.gnu-tools-for-stm32.10.3-2021.10.win32_1.0.0.202111181127/tools/bin/../lib/gcc/arm-none-eabi/10.3.1/thumb/v7e-m+fp/hard/crtn.o
                0x0000000020010000                _estack = (ORIGIN (RAM) + LENGTH (RAM))
                0x0000000000000200                _Min_Heap_Size = 0x200
                0x0000000000000400                _Min_Stack_Size = 0x400

.isr_vector     0x0000000008000000      0x194
                0x0000000008000000                . = ALIGN (0x4)
 *(.isr_vector)
 .isr_vector    0x0000000008000000      0x194 ./Core/Startup/startup_stm32f303retx.o
                0x0000000008000000                g_pfnVectors
                0x0000000008000194                . = ALIGN (0x4)

.text           0x00000000080001a0     0xae18
                0x00000000080001a0                . = ALIGN (0x4)
 *(.text)
 .text          0x00000000080001a0       0x40 c:/st/stm32cubeide_1.10.1/stm32cubeide/plugins/com.st.stm32cube.ide.mcu.externaltools.gnu-tools-for-stm32.10.3-2021.10.win32_1.0.0.202111181127/tools/bin/../lib/gcc/arm-none-eabi/10.3.1/thumb/v7e-m+fp/hard/crtbegin.o
 .text          0x00000000080001e0       0x10 c:/st/stm32cubeide_1.10.1/stm32cubeide/plugins/com.st.stm32cube.ide.mcu.externaltools.gnu-tools-for-stm32.10.3-2021.10.win32_1.0.0.202111181127/tools/bin/../lib/gcc/arm-none-eabi/10.3.1/../../../../arm-none-eabi/lib/thumb/v7e-m+fp/hard\libc_nano.a(lib_a-strlen.o)
                0x00000000080001e0                strlen
 .text          0x00000000080001f0       0xa0 c:/st/stm32cubeide_1.10.1/stm32cubeide/plugins/com.st.stm32cube.ide.mcu.externaltools.gnu-tools-for-stm32.10.3-2021.10.win32_1.0.0.202111181127/tools/bin/../lib/gcc/arm-none-eabi/10.3.1/../../../../arm-none-eabi/lib/thumb/v7e-m+fp/hard\libc_nano.a(lib_a-memchr.o)
                0x00000000080001f0                memchr
 .text          0x0000000008000290      0x254 c:/st/stm32cubeide_1.10.1/stm32cubeide/plugins/com.st.stm32cube.ide.mcu.externaltools.gnu-tools-for-stm32.10.3-2021.10.win32_1.0.0.202111181127/tools/bin/../lib/gcc/arm-none-eabi/10.3.1/thumb/v7e-m+fp/hard\libgcc.a(_arm_muldf3.o)
                0x0000000008000290                __muldf3
                0x0000000008000290                __aeabi_dmul
 .text          0x00000000080004e4      0x378 c:/st/stm32cubeide_1.10.1/stm32cubeide/plugins/com.st.stm32cube.ide.mcu.externaltools.gnu-tools-for-stm32.10.3-2021.10.win32_1.0.0.202111181127/tools/bin/../lib/gcc/arm-none-eabi/10.3.1/thumb/v7e-m+fp/hard\libgcc.a(_arm_addsubdf3.o)
                0x00000000080004e4                __aeabi_drsub
                0x00000000080004ec                __aeabi_dsub
                0x00000000080004ec                __subdf3
                0x00000000080004f0                __aeabi_dadd
                0x00000000080004f0                __adddf3
                0x0000000008000768                __floatunsidf
                0x0000000008000768                __aeabi_ui2d
                0x0000000008000788                __floatsidf
                0x0000000008000788                __aeabi_i2d
                0x00000000080007ac                __aeabi_f2d
                0x00000000080007ac                __extendsfdf2
                0x00000000080007f0                __floatundidf
                0x00000000080007f0                __aeabi_ul2d
                0x0000000008000800                __floatdidf
                0x0000000008000800                __aeabi_l2d
 .text          0x000000000800085c       0x40 c:/st/stm32cubeide_1.10.1/stm32cubeide/plugins/com.st.stm32cube.ide.mcu.externaltools.gnu-tools-for-stm32.10.3-2021.10.win32_1.0.0.202111181127/tools/bin/../lib/gcc/arm-none-eabi/10.3.1/thumb/v7e-m+fp/hard\libgcc.a(_arm_fixunsdfsi.o)
                0x000000000800085c                __aeabi_d2uiz
                0x000000000800085c                __fixunsdfsi
 *(.text*)
 .text.GMG12864_Send_command
                0x000000000800089c       0x44 ./Core/Src/GMG12864_lib.o
 .text.GMG12864_Send_data
                0x00000000080008e0       0x34 ./Core/Src/GMG12864_lib.o
 .text.GMG12864_Init
                0x0000000008000914       0x9e ./Core/Src/GMG12864_lib.o
                0x0000000008000914                GMG12864_Init
 *fill*         0x00000000080009b2        0x2 
 .text.GMG12864_Draw_pixel
                0x00000000080009b4       0xe4 ./Core/Src/GMG12864_lib.o
                0x00000000080009b4                GMG12864_Draw_pixel
 .text.GMG12864_Update
                0x0000000008000a98       0x80 ./Core/Src/GMG12864_lib.o
                0x0000000008000a98                GMG12864_Update
 .text.GMG12864_Print_symbol_5x7
                0x0000000008000b18      0x154 ./Core/Src/GMG12864_lib.o
                0x0000000008000b18                GMG12864_Print_symbol_5x7
 .text.GMG12864_Print_symbol_3x5
                0x0000000008000c6c      0x154 ./Core/Src/GMG12864_lib.o
                0x0000000008000c6c                GMG12864_Print_symbol_3x5
 .text.GMG12864_Decode_UTF8
                0x0000000008000dc0      0x344 ./Core/Src/GMG12864_lib.o
                0x0000000008000dc0                GMG12864_Decode_UTF8
 .text.Read16   0x0000000008001104       0x44 ./Core/Src/INA219_lib.o
                0x0000000008001104                Read16
 .text.Write16  0x0000000008001148       0x48 ./Core/Src/INA219_lib.o
                0x0000000008001148                Write16
 .text.INA219_ReadBusVoltage
                0x0000000008001190       0x26 ./Core/Src/INA219_lib.o
                0x0000000008001190                INA219_ReadBusVoltage
 .text.INA219_ReadCurrent_raw
                0x00000000080011b6       0x20 ./Core/Src/INA219_lib.o
                0x00000000080011b6                INA219_ReadCurrent_raw
 *fill*         0x00000000080011d6        0x2 
 .text.INA219_ReadCurrent
                0x00000000080011d8       0x4c ./Core/Src/INA219_lib.o
                0x00000000080011d8                INA219_ReadCurrent
 *fill*         0x0000000008001224        0x4 
 .text.INA219_ReadShuntVoltage
                0x0000000008001228       0x48 ./Core/Src/INA219_lib.o
                0x0000000008001228                INA219_ReadShuntVoltage
 .text.INA219_Read_Power
                0x0000000008001270       0x4c ./Core/Src/INA219_lib.o
                0x0000000008001270                INA219_Read_Power
 .text.INA219_Reset
                0x00000000080012bc       0x22 ./Core/Src/INA219_lib.o
                0x00000000080012bc                INA219_Reset
 .text.INA219_setCalibration
                0x00000000080012de       0x20 ./Core/Src/INA219_lib.o
                0x00000000080012de                INA219_setCalibration
 .text.INA219_setConfig
                0x00000000080012fe       0x20 ./Core/Src/INA219_lib.o
                0x00000000080012fe                INA219_setConfig
 *fill*         0x000000000800131e        0x2 
 .text.INA219_setCalibration_32V_2A
                0x0000000008001320       0x54 ./Core/Src/INA219_lib.o
                0x0000000008001320                INA219_setCalibration_32V_2A
 .text.INA219_Init
                0x0000000008001374       0x68 ./Core/Src/INA219_lib.o
                0x0000000008001374                INA219_Init
 .text.SELECT   0x00000000080013dc       0x14 ./Core/Src/fatfs_sd.o
 .text.DESELECT
                0x00000000080013f0       0x14 ./Core/Src/fatfs_sd.o
 .text.SPI_TxByte
                0x0000000008001404       0x34 ./Core/Src/fatfs_sd.o
 .text.SPI_RxByte
                0x0000000008001438       0x3c ./Core/Src/fatfs_sd.o
 .text.SPI_RxBytePtr
                0x0000000008001474       0x1c ./Core/Src/fatfs_sd.o
 .text.SD_ReadyWait
                0x0000000008001490       0x38 ./Core/Src/fatfs_sd.o
 .text.SD_PowerOn
                0x00000000080014c8       0x98 ./Core/Src/fatfs_sd.o
 .text.SD_PowerOff
                0x0000000008001560       0x18 ./Core/Src/fatfs_sd.o
 .text.SD_CheckPower
                0x0000000008001578       0x18 ./Core/Src/fatfs_sd.o
 .text.SD_RxDataBlock
                0x0000000008001590       0x6c ./Core/Src/fatfs_sd.o
 .text.SD_TxDataBlock
                0x00000000080015fc       0xa8 ./Core/Src/fatfs_sd.o
 .text.SD_SendCmd
                0x00000000080016a4       0xa4 ./Core/Src/fatfs_sd.o
 .text.SD_disk_initialize
                0x0000000008001748      0x1d4 ./Core/Src/fatfs_sd.o
                0x0000000008001748                SD_disk_initialize
 .text.SD_disk_status
                0x000000000800191c       0x2c ./Core/Src/fatfs_sd.o
                0x000000000800191c                SD_disk_status
 .text.SD_disk_read
                0x0000000008001948       0xd4 ./Core/Src/fatfs_sd.o
                0x0000000008001948                SD_disk_read
 .text.SD_disk_write
                0x0000000008001a1c      0x108 ./Core/Src/fatfs_sd.o
                0x0000000008001a1c                SD_disk_write
 .text.SD_disk_ioctl
                0x0000000008001b24      0x264 ./Core/Src/fatfs_sd.o
                0x0000000008001b24                SD_disk_ioctl
 .text.main     0x0000000008001d88       0xac ./Core/Src/main.o
                0x0000000008001d88                main
 .text.SystemClock_Config
                0x0000000008001e34       0xca ./Core/Src/main.o
                0x0000000008001e34                SystemClock_Config
 *fill*         0x0000000008001efe        0x2 
 .text.MX_I2C1_Init
                0x0000000008001f00       0x80 ./Core/Src/main.o
 .text.MX_I2C2_Init
                0x0000000008001f80       0x80 ./Core/Src/main.o
 .text.MX_SPI1_Init
                0x0000000008002000       0x7c ./Core/Src/main.o
 .text.MX_SPI2_Init
                0x000000000800207c       0x7c ./Core/Src/main.o
 .text.MX_USART2_UART_Init
                0x00000000080020f8       0x60 ./Core/Src/main.o
 .text.MX_GPIO_Init
                0x0000000008002158      0x11c ./Core/Src/main.o
 .text.manual_mode_func
                0x0000000008002274       0xdc ./Core/Src/main.o
                0x0000000008002274                manual_mode_func
 .text.automatik_mode
                0x0000000008002350       0xfc ./Core/Src/main.o
                0x0000000008002350                automatik_mode
 .text.get_param_from_ina219
                0x000000000800244c       0x74 ./Core/Src/main.o
                0x000000000800244c                get_param_from_ina219
 .text.HAL_GPIO_EXTI_Callback
                0x00000000080024c0       0x4c ./Core/Src/main.o
                0x00000000080024c0                HAL_GPIO_EXTI_Callback
 .text.mode_change_func
                0x000000000800250c       0x4c ./Core/Src/main.o
                0x000000000800250c                mode_change_func
 .text.read_state_of_relays
                0x0000000008002558       0x60 ./Core/Src/main.o
                0x0000000008002558                read_state_of_relays
 .text.print_gmg12864_level_1
                0x00000000080025b8       0x58 ./Core/Src/main.o
                0x00000000080025b8                print_gmg12864_level_1
 .text.GMG12864_first_line_level_1
                0x0000000008002610       0x48 ./Core/Src/main.o
                0x0000000008002610                GMG12864_first_line_level_1
 .text.GMG12864_second_line_level_1
                0x0000000008002658       0x48 ./Core/Src/main.o
                0x0000000008002658                GMG12864_second_line_level_1
 .text.GMG12864_third_line_level_1
                0x00000000080026a0       0x48 ./Core/Src/main.o
                0x00000000080026a0                GMG12864_third_line_level_1
 .text.GMG12864_fourth_line_level_1
                0x00000000080026e8       0x48 ./Core/Src/main.o
                0x00000000080026e8                GMG12864_fourth_line_level_1
 .text.GMG12864_fifth_line_level_1
                0x0000000008002730       0x48 ./Core/Src/main.o
                0x0000000008002730                GMG12864_fifth_line_level_1
 .text.GMG12864_sixth_line_level_1
                0x0000000008002778       0x48 ./Core/Src/main.o
                0x0000000008002778                GMG12864_sixth_line_level_1
 .text.sd_card_write
                0x00000000080027c0       0x68 ./Core/Src/main.o
                0x00000000080027c0                sd_card_write
 .text.Error_Handler
                0x0000000008002828        0xa ./Core/Src/main.o
                0x0000000008002828                Error_Handler
 *fill*         0x0000000008002832        0x2 
 .text.HAL_MspInit
                0x0000000008002834       0x48 ./Core/Src/stm32f3xx_hal_msp.o
                0x0000000008002834                HAL_MspInit
 .text.HAL_I2C_MspInit
                0x000000000800287c      0x128 ./Core/Src/stm32f3xx_hal_msp.o
                0x000000000800287c                HAL_I2C_MspInit
 .text.HAL_SPI_MspInit
                0x00000000080029a4      0x124 ./Core/Src/stm32f3xx_hal_msp.o
                0x00000000080029a4                HAL_SPI_MspInit
 .text.HAL_UART_MspInit
                0x0000000008002ac8       0x84 ./Core/Src/stm32f3xx_hal_msp.o
                0x0000000008002ac8                HAL_UART_MspInit
 .text.SDTimer_Handler
                0x0000000008002b4c       0x48 ./Core/Src/stm32f3xx_it.o
                0x0000000008002b4c                SDTimer_Handler
 .text.NMI_Handler
                0x0000000008002b94        0x6 ./Core/Src/stm32f3xx_it.o
                0x0000000008002b94                NMI_Handler
 .text.HardFault_Handler
                0x0000000008002b9a        0x6 ./Core/Src/stm32f3xx_it.o
                0x0000000008002b9a                HardFault_Handler
 .text.MemManage_Handler
                0x0000000008002ba0        0x6 ./Core/Src/stm32f3xx_it.o
                0x0000000008002ba0                MemManage_Handler
 .text.BusFault_Handler
                0x0000000008002ba6        0x6 ./Core/Src/stm32f3xx_it.o
                0x0000000008002ba6                BusFault_Handler
 .text.UsageFault_Handler
                0x0000000008002bac        0x6 ./Core/Src/stm32f3xx_it.o
                0x0000000008002bac                UsageFault_Handler
 .text.SVC_Handler
                0x0000000008002bb2        0xe ./Core/Src/stm32f3xx_it.o
                0x0000000008002bb2                SVC_Handler
 .text.DebugMon_Handler
                0x0000000008002bc0        0xe ./Core/Src/stm32f3xx_it.o
                0x0000000008002bc0                DebugMon_Handler
 .text.PendSV_Handler
                0x0000000008002bce        0xe ./Core/Src/stm32f3xx_it.o
                0x0000000008002bce                PendSV_Handler
 .text.SysTick_Handler
                0x0000000008002bdc       0x34 ./Core/Src/stm32f3xx_it.o
                0x0000000008002bdc                SysTick_Handler
 .text.EXTI15_10_IRQHandler
                0x0000000008002c10       0x10 ./Core/Src/stm32f3xx_it.o
                0x0000000008002c10                EXTI15_10_IRQHandler
 .text._sbrk    0x0000000008002c20       0x6c ./Core/Src/sysmem.o
                0x0000000008002c20                _sbrk
 .text.SystemInit
                0x0000000008002c8c       0x24 ./Core/Src/system_stm32f3xx.o
                0x0000000008002c8c                SystemInit
 .text.Reset_Handler
                0x0000000008002cb0       0x50 ./Core/Startup/startup_stm32f303retx.o
                0x0000000008002cb0                Reset_Handler
 .text.Default_Handler
                0x0000000008002d00        0x2 ./Core/Startup/startup_stm32f303retx.o
                0x0000000008002d00                RTC_Alarm_IRQHandler
                0x0000000008002d00                TIM8_TRG_COM_IRQHandler
                0x0000000008002d00                TIM8_CC_IRQHandler
                0x0000000008002d00                SPI4_IRQHandler
                0x0000000008002d00                TIM1_CC_IRQHandler
                0x0000000008002d00                USB_HP_IRQHandler
                0x0000000008002d00                PVD_IRQHandler
                0x0000000008002d00                TAMP_STAMP_IRQHandler
                0x0000000008002d00                EXTI3_IRQHandler
                0x0000000008002d00                I2C3_ER_IRQHandler
                0x0000000008002d00                USB_HP_CAN_TX_IRQHandler
                0x0000000008002d00                EXTI0_IRQHandler
                0x0000000008002d00                I2C2_EV_IRQHandler
                0x0000000008002d00                FPU_IRQHandler
                0x0000000008002d00                TIM1_UP_TIM16_IRQHandler
                0x0000000008002d00                ADC1_2_IRQHandler
                0x0000000008002d00                SPI1_IRQHandler
                0x0000000008002d00                CAN_SCE_IRQHandler
                0x0000000008002d00                TIM6_DAC_IRQHandler
                0x0000000008002d00                TIM8_UP_IRQHandler
                0x0000000008002d00                DMA2_Channel2_IRQHandler
                0x0000000008002d00                DMA1_Channel4_IRQHandler
                0x0000000008002d00                TIM20_TRG_COM_IRQHandler
                0x0000000008002d00                USART3_IRQHandler
                0x0000000008002d00                DMA1_Channel7_IRQHandler
                0x0000000008002d00                UART5_IRQHandler
                0x0000000008002d00                ADC3_IRQHandler
                0x0000000008002d00                TIM4_IRQHandler
                0x0000000008002d00                CAN_RX1_IRQHandler
                0x0000000008002d00                DMA2_Channel1_IRQHandler
                0x0000000008002d00                I2C1_EV_IRQHandler
                0x0000000008002d00                DMA1_Channel6_IRQHandler
                0x0000000008002d00                UART4_IRQHandler
                0x0000000008002d00                DMA2_Channel4_IRQHandler
                0x0000000008002d00                TIM3_IRQHandler
                0x0000000008002d00                RCC_IRQHandler
                0x0000000008002d00                TIM20_UP_IRQHandler
                0x0000000008002d00                DMA1_Channel1_IRQHandler
                0x0000000008002d00                Default_Handler
                0x0000000008002d00                USBWakeUp_RMP_IRQHandler
                0x0000000008002d00                TIM7_IRQHandler
                0x0000000008002d00                I2C3_EV_IRQHandler
                0x0000000008002d00                EXTI9_5_IRQHandler
                0x0000000008002d00                RTC_WKUP_IRQHandler
                0x0000000008002d00                SPI2_IRQHandler
                0x0000000008002d00                USB_LP_CAN_RX0_IRQHandler
                0x0000000008002d00                DMA2_Channel5_IRQHandler
                0x0000000008002d00                DMA1_Channel5_IRQHandler
                0x0000000008002d00                USB_LP_IRQHandler
                0x0000000008002d00                EXTI4_IRQHandler
                0x0000000008002d00                TIM1_TRG_COM_TIM17_IRQHandler
                0x0000000008002d00                DMA1_Channel3_IRQHandler
                0x0000000008002d00                ADC4_IRQHandler
                0x0000000008002d00                WWDG_IRQHandler
                0x0000000008002d00                TIM2_IRQHandler
                0x0000000008002d00                COMP7_IRQHandler
                0x0000000008002d00                COMP1_2_3_IRQHandler
                0x0000000008002d00                EXTI1_IRQHandler
                0x0000000008002d00                USART2_IRQHandler
                0x0000000008002d00                COMP4_5_6_IRQHandler
                0x0000000008002d00                TIM20_BRK_IRQHandler
                0x0000000008002d00                I2C2_ER_IRQHandler
                0x0000000008002d00                DMA1_Channel2_IRQHandler
                0x0000000008002d00                TIM8_BRK_IRQHandler
                0x0000000008002d00                FLASH_IRQHandler
                0x0000000008002d00                TIM20_CC_IRQHandler
                0x0000000008002d00                USART1_IRQHandler
                0x0000000008002d00                SPI3_IRQHandler
                0x0000000008002d00                I2C1_ER_IRQHandler
                0x0000000008002d00                FMC_IRQHandler
                0x0000000008002d00                USBWakeUp_IRQHandler
                0x0000000008002d00                DMA2_Channel3_IRQHandler
                0x0000000008002d00                EXTI2_TSC_IRQHandler
                0x0000000008002d00                TIM1_BRK_TIM15_IRQHandler
 *fill*         0x0000000008002d02        0x2 
 .text.HAL_Init
                0x0000000008002d04       0x2c ./Drivers/STM32F3xx_HAL_Driver/Src/stm32f3xx_hal.o
                0x0000000008002d04                HAL_Init
 .text.HAL_InitTick
                0x0000000008002d30       0x60 ./Drivers/STM32F3xx_HAL_Driver/Src/stm32f3xx_hal.o
                0x0000000008002d30                HAL_InitTick
 .text.HAL_IncTick
                0x0000000008002d90       0x28 ./Drivers/STM32F3xx_HAL_Driver/Src/stm32f3xx_hal.o
                0x0000000008002d90                HAL_IncTick
 .text.HAL_GetTick
                0x0000000008002db8       0x18 ./Drivers/STM32F3xx_HAL_Driver/Src/stm32f3xx_hal.o
                0x0000000008002db8                HAL_GetTick
 .text.HAL_Delay
                0x0000000008002dd0       0x48 ./Drivers/STM32F3xx_HAL_Driver/Src/stm32f3xx_hal.o
                0x0000000008002dd0                HAL_Delay
 .text.__NVIC_SetPriorityGrouping
                0x0000000008002e18       0x48 ./Drivers/STM32F3xx_HAL_Driver/Src/stm32f3xx_hal_cortex.o
 .text.__NVIC_GetPriorityGrouping
                0x0000000008002e60       0x1c ./Drivers/STM32F3xx_HAL_Driver/Src/stm32f3xx_hal_cortex.o
 .text.__NVIC_EnableIRQ
                0x0000000008002e7c       0x3c ./Drivers/STM32F3xx_HAL_Driver/Src/stm32f3xx_hal_cortex.o
 .text.__NVIC_SetPriority
                0x0000000008002eb8       0x54 ./Drivers/STM32F3xx_HAL_Driver/Src/stm32f3xx_hal_cortex.o
 .text.NVIC_EncodePriority
                0x0000000008002f0c       0x66 ./Drivers/STM32F3xx_HAL_Driver/Src/stm32f3xx_hal_cortex.o
 *fill*         0x0000000008002f72        0x2 
 .text.SysTick_Config
                0x0000000008002f74       0x44 ./Drivers/STM32F3xx_HAL_Driver/Src/stm32f3xx_hal_cortex.o
 .text.HAL_NVIC_SetPriorityGrouping
                0x0000000008002fb8       0x16 ./Drivers/STM32F3xx_HAL_Driver/Src/stm32f3xx_hal_cortex.o
                0x0000000008002fb8                HAL_NVIC_SetPriorityGrouping
 .text.HAL_NVIC_SetPriority
                0x0000000008002fce       0x38 ./Drivers/STM32F3xx_HAL_Driver/Src/stm32f3xx_hal_cortex.o
                0x0000000008002fce                HAL_NVIC_SetPriority
 .text.HAL_NVIC_EnableIRQ
                0x0000000008003006       0x1c ./Drivers/STM32F3xx_HAL_Driver/Src/stm32f3xx_hal_cortex.o
                0x0000000008003006                HAL_NVIC_EnableIRQ
 .text.HAL_SYSTICK_Config
                0x0000000008003022       0x18 ./Drivers/STM32F3xx_HAL_Driver/Src/stm32f3xx_hal_cortex.o
                0x0000000008003022                HAL_SYSTICK_Config
 *fill*         0x000000000800303a        0x2 
 .text.HAL_GPIO_Init
                0x000000000800303c      0x314 ./Drivers/STM32F3xx_HAL_Driver/Src/stm32f3xx_hal_gpio.o
                0x000000000800303c                HAL_GPIO_Init
 .text.HAL_GPIO_WritePin
                0x0000000008003350       0x30 ./Drivers/STM32F3xx_HAL_Driver/Src/stm32f3xx_hal_gpio.o
                0x0000000008003350                HAL_GPIO_WritePin
 .text.HAL_GPIO_EXTI_IRQHandler
                0x0000000008003380       0x30 ./Drivers/STM32F3xx_HAL_Driver/Src/stm32f3xx_hal_gpio.o
                0x0000000008003380                HAL_GPIO_EXTI_IRQHandler
 .text.HAL_I2C_Init
                0x00000000080033b0      0x11e ./Drivers/STM32F3xx_HAL_Driver/Src/stm32f3xx_hal_i2c.o
                0x00000000080033b0                HAL_I2C_Init
 *fill*         0x00000000080034ce        0x2 
 .text.HAL_I2C_Mem_Write
                0x00000000080034d0      0x228 ./Drivers/STM32F3xx_HAL_Driver/Src/stm32f3xx_hal_i2c.o
                0x00000000080034d0                HAL_I2C_Mem_Write
 .text.HAL_I2C_Mem_Read
                0x00000000080036f8      0x234 ./Drivers/STM32F3xx_HAL_Driver/Src/stm32f3xx_hal_i2c.o
                0x00000000080036f8                HAL_I2C_Mem_Read
 .text.HAL_I2C_IsDeviceReady
                0x000000000800392c      0x20e ./Drivers/STM32F3xx_HAL_Driver/Src/stm32f3xx_hal_i2c.o
                0x000000000800392c                HAL_I2C_IsDeviceReady
 *fill*         0x0000000008003b3a        0x2 
 .text.I2C_RequestMemoryWrite
                0x0000000008003b3c       0xa8 ./Drivers/STM32F3xx_HAL_Driver/Src/stm32f3xx_hal_i2c.o
 .text.I2C_RequestMemoryRead
                0x0000000008003be4       0xa8 ./Drivers/STM32F3xx_HAL_Driver/Src/stm32f3xx_hal_i2c.o
 .text.I2C_Flush_TXDR
                0x0000000008003c8c       0x48 ./Drivers/STM32F3xx_HAL_Driver/Src/stm32f3xx_hal_i2c.o
 .text.I2C_WaitOnFlagUntilTimeout
                0x0000000008003cd4       0x80 ./Drivers/STM32F3xx_HAL_Driver/Src/stm32f3xx_hal_i2c.o
 .text.I2C_WaitOnTXISFlagUntilTimeout
                0x0000000008003d54       0x80 ./Drivers/STM32F3xx_HAL_Driver/Src/stm32f3xx_hal_i2c.o
 .text.I2C_WaitOnSTOPFlagUntilTimeout
                0x0000000008003dd4       0x78 ./Drivers/STM32F3xx_HAL_Driver/Src/stm32f3xx_hal_i2c.o
 .text.I2C_IsAcknowledgeFailed
                0x0000000008003e4c       0xec ./Drivers/STM32F3xx_HAL_Driver/Src/stm32f3xx_hal_i2c.o
 .text.I2C_TransferConfig
                0x0000000008003f38       0x5c ./Drivers/STM32F3xx_HAL_Driver/Src/stm32f3xx_hal_i2c.o
 .text.HAL_I2CEx_ConfigAnalogFilter
                0x0000000008003f94       0x96 ./Drivers/STM32F3xx_HAL_Driver/Src/stm32f3xx_hal_i2c_ex.o
                0x0000000008003f94                HAL_I2CEx_ConfigAnalogFilter
 .text.HAL_I2CEx_ConfigDigitalFilter
                0x000000000800402a       0x98 ./Drivers/STM32F3xx_HAL_Driver/Src/stm32f3xx_hal_i2c_ex.o
                0x000000000800402a                HAL_I2CEx_ConfigDigitalFilter
 *fill*         0x00000000080040c2        0x2 
 .text.HAL_RCC_OscConfig
                0x00000000080040c4     0x10a8 ./Drivers/STM32F3xx_HAL_Driver/Src/stm32f3xx_hal_rcc.o
                0x00000000080040c4                HAL_RCC_OscConfig
 .text.HAL_RCC_ClockConfig
                0x000000000800516c      0x2f8 ./Drivers/STM32F3xx_HAL_Driver/Src/stm32f3xx_hal_rcc.o
                0x000000000800516c                HAL_RCC_ClockConfig
 .text.HAL_RCC_GetSysClockFreq
                0x0000000008005464       0xd4 ./Drivers/STM32F3xx_HAL_Driver/Src/stm32f3xx_hal_rcc.o
                0x0000000008005464                HAL_RCC_GetSysClockFreq
 .text.HAL_RCC_GetHCLKFreq
                0x0000000008005538       0x18 ./Drivers/STM32F3xx_HAL_Driver/Src/stm32f3xx_hal_rcc.o
                0x0000000008005538                HAL_RCC_GetHCLKFreq
 .text.HAL_RCC_GetPCLK1Freq
                0x0000000008005550       0x44 ./Drivers/STM32F3xx_HAL_Driver/Src/stm32f3xx_hal_rcc.o
                0x0000000008005550                HAL_RCC_GetPCLK1Freq
 .text.HAL_RCC_GetPCLK2Freq
                0x0000000008005594       0x44 ./Drivers/STM32F3xx_HAL_Driver/Src/stm32f3xx_hal_rcc.o
                0x0000000008005594                HAL_RCC_GetPCLK2Freq
 .text.HAL_RCCEx_PeriphCLKConfig
                0x00000000080055d8      0x43c ./Drivers/STM32F3xx_HAL_Driver/Src/stm32f3xx_hal_rcc_ex.o
                0x00000000080055d8                HAL_RCCEx_PeriphCLKConfig
 .text.HAL_SPI_Init
                0x0000000008005a14      0x156 ./Drivers/STM32F3xx_HAL_Driver/Src/stm32f3xx_hal_spi.o
                0x0000000008005a14                HAL_SPI_Init
 .text.HAL_SPI_Transmit
                0x0000000008005b6a      0x2dc ./Drivers/STM32F3xx_HAL_Driver/Src/stm32f3xx_hal_spi.o
                0x0000000008005b6a                HAL_SPI_Transmit
 .text.HAL_SPI_TransmitReceive
                0x0000000008005e46      0x426 ./Drivers/STM32F3xx_HAL_Driver/Src/stm32f3xx_hal_spi.o
                0x0000000008005e46                HAL_SPI_TransmitReceive
 .text.HAL_SPI_GetState
                0x000000000800626c       0x1c ./Drivers/STM32F3xx_HAL_Driver/Src/stm32f3xx_hal_spi.o
                0x000000000800626c                HAL_SPI_GetState
 .text.SPI_WaitFlagStateUntilTimeout
                0x0000000008006288      0x110 ./Drivers/STM32F3xx_HAL_Driver/Src/stm32f3xx_hal_spi.o
 .text.SPI_WaitFifoStateUntilTimeout
                0x0000000008006398      0x12c ./Drivers/STM32F3xx_HAL_Driver/Src/stm32f3xx_hal_spi.o
 .text.SPI_EndRxTxTransaction
                0x00000000080064c4       0x8c ./Drivers/STM32F3xx_HAL_Driver/Src/stm32f3xx_hal_spi.o
 .text.HAL_UART_Init
                0x0000000008006550       0x9c ./Drivers/STM32F3xx_HAL_Driver/Src/stm32f3xx_hal_uart.o
                0x0000000008006550                HAL_UART_Init
 .text.UART_SetConfig
                0x00000000080065ec      0x3ac ./Drivers/STM32F3xx_HAL_Driver/Src/stm32f3xx_hal_uart.o
                0x00000000080065ec                UART_SetConfig
 .text.UART_AdvFeatureConfig
                0x0000000008006998      0x144 ./Drivers/STM32F3xx_HAL_Driver/Src/stm32f3xx_hal_uart.o
                0x0000000008006998                UART_AdvFeatureConfig
 .text.UART_CheckIdleState
                0x0000000008006adc       0x92 ./Drivers/STM32F3xx_HAL_Driver/Src/stm32f3xx_hal_uart.o
                0x0000000008006adc                UART_CheckIdleState
 .text.UART_WaitOnFlagUntilTimeout
                0x0000000008006b6e      0x188 ./Drivers/STM32F3xx_HAL_Driver/Src/stm32f3xx_hal_uart.o
                0x0000000008006b6e                UART_WaitOnFlagUntilTimeout
 *fill*         0x0000000008006cf6        0x2 
 .text.MX_FATFS_Init
                0x0000000008006cf8       0x24 ./FATFS/App/fatfs.o
                0x0000000008006cf8                MX_FATFS_Init
 .text.get_fattime
                0x0000000008006d1c       0x10 ./FATFS/App/fatfs.o
                0x0000000008006d1c                get_fattime
 .text.USER_initialize
                0x0000000008006d2c       0x1e ./FATFS/Target/user_diskio.o
                0x0000000008006d2c                USER_initialize
 .text.USER_status
                0x0000000008006d4a       0x1e ./FATFS/Target/user_diskio.o
                0x0000000008006d4a                USER_status
 .text.USER_read
                0x0000000008006d68       0x28 ./FATFS/Target/user_diskio.o
                0x0000000008006d68                USER_read
 .text.USER_write
                0x0000000008006d90       0x28 ./FATFS/Target/user_diskio.o
                0x0000000008006d90                USER_write
 .text.USER_ioctl
                0x0000000008006db8       0x28 ./FATFS/Target/user_diskio.o
                0x0000000008006db8                USER_ioctl
 .text.disk_status
                0x0000000008006de0       0x34 ./Middlewares/Third_Party/FatFs/src/diskio.o
                0x0000000008006de0                disk_status
 .text.disk_initialize
                0x0000000008006e14       0x4c ./Middlewares/Third_Party/FatFs/src/diskio.o
                0x0000000008006e14                disk_initialize
 .text.disk_read
                0x0000000008006e60       0x40 ./Middlewares/Third_Party/FatFs/src/diskio.o
                0x0000000008006e60                disk_read
 .text.disk_write
                0x0000000008006ea0       0x40 ./Middlewares/Third_Party/FatFs/src/diskio.o
                0x0000000008006ea0                disk_write
 .text.disk_ioctl
                0x0000000008006ee0       0x3c ./Middlewares/Third_Party/FatFs/src/diskio.o
                0x0000000008006ee0                disk_ioctl
 .text.mem_cpy  0x0000000008006f1c       0x3e ./Middlewares/Third_Party/FatFs/src/ff.o
 .text.mem_set  0x0000000008006f5a       0x36 ./Middlewares/Third_Party/FatFs/src/ff.o
 .text.mem_cmp  0x0000000008006f90       0x4e ./Middlewares/Third_Party/FatFs/src/ff.o
 .text.chk_chr  0x0000000008006fde       0x36 ./Middlewares/Third_Party/FatFs/src/ff.o
 .text.chk_lock
                0x0000000008007014       0xe0 ./Middlewares/Third_Party/FatFs/src/ff.o
 .text.enq_lock
                0x00000000080070f4       0x48 ./Middlewares/Third_Party/FatFs/src/ff.o
 .text.inc_lock
                0x000000000800713c      0x17c ./Middlewares/Third_Party/FatFs/src/ff.o
 .text.dec_lock
                0x00000000080072b8       0x88 ./Middlewares/Third_Party/FatFs/src/ff.o
 .text.clear_lock
                0x0000000008007340       0x54 ./Middlewares/Third_Party/FatFs/src/ff.o
 .text.sync_window
                0x0000000008007394       0xa4 ./Middlewares/Third_Party/FatFs/src/ff.o
 .text.move_window
                0x0000000008007438       0x64 ./Middlewares/Third_Party/FatFs/src/ff.o
 .text.sync_fs  0x000000000800749c      0x17e ./Middlewares/Third_Party/FatFs/src/ff.o
 .text.clust2sect
                0x000000000800761a       0x4a ./Middlewares/Third_Party/FatFs/src/ff.o
                0x000000000800761a                clust2sect
 .text.get_fat  0x0000000008007664      0x1f8 ./Middlewares/Third_Party/FatFs/src/ff.o
                0x0000000008007664                get_fat
 .text.put_fat  0x000000000800785c      0x2a6 ./Middlewares/Third_Party/FatFs/src/ff.o
                0x000000000800785c                put_fat
 .text.remove_chain
                0x0000000008007b02       0xc2 ./Middlewares/Third_Party/FatFs/src/ff.o
 .text.create_chain
                0x0000000008007bc4      0x150 ./Middlewares/Third_Party/FatFs/src/ff.o
 .text.clmt_clust
                0x0000000008007d14       0x82 ./Middlewares/Third_Party/FatFs/src/ff.o
 .text.dir_sdi  0x0000000008007d96      0x19c ./Middlewares/Third_Party/FatFs/src/ff.o
 .text.dir_next
                0x0000000008007f32      0x294 ./Middlewares/Third_Party/FatFs/src/ff.o
 .text.dir_alloc
                0x00000000080081c6       0x9c ./Middlewares/Third_Party/FatFs/src/ff.o
 .text.ld_clust
                0x0000000008008262       0x5e ./Middlewares/Third_Party/FatFs/src/ff.o
 .text.st_clust
                0x00000000080082c0       0x4e ./Middlewares/Third_Party/FatFs/src/ff.o
 *fill*         0x000000000800830e        0x2 
 .text.cmp_lfn  0x0000000008008310       0xdc ./Middlewares/Third_Party/FatFs/src/ff.o
 .text.fit_lfn  0x00000000080083ec       0xec ./Middlewares/Third_Party/FatFs/src/ff.o
 .text.gen_numname
                0x00000000080084d8      0x11c ./Middlewares/Third_Party/FatFs/src/ff.o
 .text.sum_sfn  0x00000000080085f4       0x42 ./Middlewares/Third_Party/FatFs/src/ff.o
 .text.dir_find
                0x0000000008008636      0x198 ./Middlewares/Third_Party/FatFs/src/ff.o
 *fill*         0x00000000080087ce        0x2 
 .text.dir_register
                0x00000000080087d0      0x248 ./Middlewares/Third_Party/FatFs/src/ff.o
 .text.create_name
                0x0000000008008a18      0x37c ./Middlewares/Third_Party/FatFs/src/ff.o
 .text.follow_path
                0x0000000008008d94       0xec ./Middlewares/Third_Party/FatFs/src/ff.o
 .text.get_ldnumber
                0x0000000008008e80       0x88 ./Middlewares/Third_Party/FatFs/src/ff.o
 .text.check_fs
                0x0000000008008f08       0xdc ./Middlewares/Third_Party/FatFs/src/ff.o
 .text.find_volume
                0x0000000008008fe4      0x664 ./Middlewares/Third_Party/FatFs/src/ff.o
 .text.validate
                0x0000000008009648       0x76 ./Middlewares/Third_Party/FatFs/src/ff.o
 *fill*         0x00000000080096be        0x2 
 .text.f_mount  0x00000000080096c0       0x94 ./Middlewares/Third_Party/FatFs/src/ff.o
                0x00000000080096c0                f_mount
 .text.f_open   0x0000000008009754      0x630 ./Middlewares/Third_Party/FatFs/src/ff.o
                0x0000000008009754                f_open
 .text.f_write  0x0000000008009d84      0x472 ./Middlewares/Third_Party/FatFs/src/ff.o
                0x0000000008009d84                f_write
 .text.f_sync   0x000000000800a1f6      0x19c ./Middlewares/Third_Party/FatFs/src/ff.o
                0x000000000800a1f6                f_sync
 .text.f_close  0x000000000800a392       0x56 ./Middlewares/Third_Party/FatFs/src/ff.o
                0x000000000800a392                f_close
 .text.putc_bfd
                0x000000000800a3e8       0x7a ./Middlewares/Third_Party/FatFs/src/ff.o
 .text.f_puts   0x000000000800a462       0x72 ./Middlewares/Third_Party/FatFs/src/ff.o
                0x000000000800a462                f_puts
 .text.FATFS_LinkDriverEx
                0x000000000800a4d4       0x98 ./Middlewares/Third_Party/FatFs/src/ff_gen_drv.o
                0x000000000800a4d4                FATFS_LinkDriverEx
 .text.FATFS_LinkDriver
                0x000000000800a56c       0x1e ./Middlewares/Third_Party/FatFs/src/ff_gen_drv.o
                0x000000000800a56c                FATFS_LinkDriver
 *fill*         0x000000000800a58a        0x2 
 .text.ff_convert
                0x000000000800a58c       0x78 ./Middlewares/Third_Party/FatFs/src/option/ccsbcs.o
                0x000000000800a58c                ff_convert
 .text.ff_wtoupper
                0x000000000800a604       0x5c ./Middlewares/Third_Party/FatFs/src/option/ccsbcs.o
                0x000000000800a604                ff_wtoupper
 .text.__errno  0x000000000800a660        0xc c:/st/stm32cubeide_1.10.1/stm32cubeide/plugins/com.st.stm32cube.ide.mcu.externaltools.gnu-tools-for-stm32.10.3-2021.10.win32_1.0.0.202111181127/tools/bin/../lib/gcc/arm-none-eabi/10.3.1/../../../../arm-none-eabi/lib/thumb/v7e-m+fp/hard\libc_nano.a(lib_a-errno.o)
                0x000000000800a660                __errno
 .text.__libc_init_array
                0x000000000800a66c       0x48 c:/st/stm32cubeide_1.10.1/stm32cubeide/plugins/com.st.stm32cube.ide.mcu.externaltools.gnu-tools-for-stm32.10.3-2021.10.win32_1.0.0.202111181127/tools/bin/../lib/gcc/arm-none-eabi/10.3.1/../../../../arm-none-eabi/lib/thumb/v7e-m+fp/hard\libc_nano.a(lib_a-init.o)
                0x000000000800a66c                __libc_init_array
 .text.memset   0x000000000800a6b4       0x10 c:/st/stm32cubeide_1.10.1/stm32cubeide/plugins/com.st.stm32cube.ide.mcu.externaltools.gnu-tools-for-stm32.10.3-2021.10.win32_1.0.0.202111181127/tools/bin/../lib/gcc/arm-none-eabi/10.3.1/../../../../arm-none-eabi/lib/thumb/v7e-m+fp/hard\libc_nano.a(lib_a-memset.o)
                0x000000000800a6b4                memset
 .text.sprintf  0x000000000800a6c4       0x40 c:/st/stm32cubeide_1.10.1/stm32cubeide/plugins/com.st.stm32cube.ide.mcu.externaltools.gnu-tools-for-stm32.10.3-2021.10.win32_1.0.0.202111181127/tools/bin/../lib/gcc/arm-none-eabi/10.3.1/../../../../arm-none-eabi/lib/thumb/v7e-m+fp/hard\libc_nano.a(lib_a-sprintf.o)
                0x000000000800a6c4                siprintf
                0x000000000800a6c4                sprintf
 .text.__ssputs_r
                0x000000000800a704       0xb6 c:/st/stm32cubeide_1.10.1/stm32cubeide/plugins/com.st.stm32cube.ide.mcu.externaltools.gnu-tools-for-stm32.10.3-2021.10.win32_1.0.0.202111181127/tools/bin/../lib/gcc/arm-none-eabi/10.3.1/../../../../arm-none-eabi/lib/thumb/v7e-m+fp/hard\libc_nano.a(lib_a-nano-svfprintf.o)
                0x000000000800a704                __ssputs_r
 *fill*         0x000000000800a7ba        0x2 
 .text._svfprintf_r
                0x000000000800a7bc      0x200 c:/st/stm32cubeide_1.10.1/stm32cubeide/plugins/com.st.stm32cube.ide.mcu.externaltools.gnu-tools-for-stm32.10.3-2021.10.win32_1.0.0.202111181127/tools/bin/../lib/gcc/arm-none-eabi/10.3.1/../../../../arm-none-eabi/lib/thumb/v7e-m+fp/hard\libc_nano.a(lib_a-nano-svfprintf.o)
                0x000000000800a7bc                _svfiprintf_r
                0x000000000800a7bc                _svfprintf_r
 .text._printf_common
                0x000000000800a9bc       0xda c:/st/stm32cubeide_1.10.1/stm32cubeide/plugins/com.st.stm32cube.ide.mcu.externaltools.gnu-tools-for-stm32.10.3-2021.10.win32_1.0.0.202111181127/tools/bin/../lib/gcc/arm-none-eabi/10.3.1/../../../../arm-none-eabi/lib/thumb/v7e-m+fp/hard\libc_nano.a(lib_a-nano-vfprintf_i.o)
                0x000000000800a9bc                _printf_common
 *fill*         0x000000000800aa96        0x2 
 .text._printf_i
                0x000000000800aa98      0x24c c:/st/stm32cubeide_1.10.1/stm32cubeide/plugins/com.st.stm32cube.ide.mcu.externaltools.gnu-tools-for-stm32.10.3-2021.10.win32_1.0.0.202111181127/tools/bin/../lib/gcc/arm-none-eabi/10.3.1/../../../../arm-none-eabi/lib/thumb/v7e-m+fp/hard\libc_nano.a(lib_a-nano-vfprintf_i.o)
                0x000000000800aa98                _printf_i
 .text.memcpy   0x000000000800ace4       0x1c c:/st/stm32cubeide_1.10.1/stm32cubeide/plugins/com.st.stm32cube.ide.mcu.externaltools.gnu-tools-for-stm32.10.3-2021.10.win32_1.0.0.202111181127/tools/bin/../lib/gcc/arm-none-eabi/10.3.1/../../../../arm-none-eabi/lib/thumb/v7e-m+fp/hard\libc_nano.a(lib_a-memcpy-stub.o)
                0x000000000800ace4                memcpy
 .text.memmove  0x000000000800ad00       0x34 c:/st/stm32cubeide_1.10.1/stm32cubeide/plugins/com.st.stm32cube.ide.mcu.externaltools.gnu-tools-for-stm32.10.3-2021.10.win32_1.0.0.202111181127/tools/bin/../lib/gcc/arm-none-eabi/10.3.1/../../../../arm-none-eabi/lib/thumb/v7e-m+fp/hard\libc_nano.a(lib_a-memmove.o)
                0x000000000800ad00                memmove
 .text._free_r  0x000000000800ad34       0x98 c:/st/stm32cubeide_1.10.1/stm32cubeide/plugins/com.st.stm32cube.ide.mcu.externaltools.gnu-tools-for-stm32.10.3-2021.10.win32_1.0.0.202111181127/tools/bin/../lib/gcc/arm-none-eabi/10.3.1/../../../../arm-none-eabi/lib/thumb/v7e-m+fp/hard\libc_nano.a(lib_a-nano-freer.o)
                0x000000000800ad34                _free_r
 .text.sbrk_aligned
                0x000000000800adcc       0x40 c:/st/stm32cubeide_1.10.1/stm32cubeide/plugins/com.st.stm32cube.ide.mcu.externaltools.gnu-tools-for-stm32.10.3-2021.10.win32_1.0.0.202111181127/tools/bin/../lib/gcc/arm-none-eabi/10.3.1/../../../../arm-none-eabi/lib/thumb/v7e-m+fp/hard\libc_nano.a(lib_a-nano-mallocr.o)
 .text._malloc_r
                0x000000000800ae0c       0xe8 c:/st/stm32cubeide_1.10.1/stm32cubeide/plugins/com.st.stm32cube.ide.mcu.externaltools.gnu-tools-for-stm32.10.3-2021.10.win32_1.0.0.202111181127/tools/bin/../lib/gcc/arm-none-eabi/10.3.1/../../../../arm-none-eabi/lib/thumb/v7e-m+fp/hard\libc_nano.a(lib_a-nano-mallocr.o)
                0x000000000800ae0c                _malloc_r
 .text._realloc_r
                0x000000000800aef4       0x5e c:/st/stm32cubeide_1.10.1/stm32cubeide/plugins/com.st.stm32cube.ide.mcu.externaltools.gnu-tools-for-stm32.10.3-2021.10.win32_1.0.0.202111181127/tools/bin/../lib/gcc/arm-none-eabi/10.3.1/../../../../arm-none-eabi/lib/thumb/v7e-m+fp/hard\libc_nano.a(lib_a-nano-reallocr.o)
                0x000000000800aef4                _realloc_r
 *fill*         0x000000000800af52        0x2 
 .text._sbrk_r  0x000000000800af54       0x20 c:/st/stm32cubeide_1.10.1/stm32cubeide/plugins/com.st.stm32cube.ide.mcu.externaltools.gnu-tools-for-stm32.10.3-2021.10.win32_1.0.0.202111181127/tools/bin/../lib/gcc/arm-none-eabi/10.3.1/../../../../arm-none-eabi/lib/thumb/v7e-m+fp/hard\libc_nano.a(lib_a-sbrkr.o)
                0x000000000800af54                _sbrk_r
 .text.__malloc_lock
                0x000000000800af74        0xc c:/st/stm32cubeide_1.10.1/stm32cubeide/plugins/com.st.stm32cube.ide.mcu.externaltools.gnu-tools-for-stm32.10.3-2021.10.win32_1.0.0.202111181127/tools/bin/../lib/gcc/arm-none-eabi/10.3.1/../../../../arm-none-eabi/lib/thumb/v7e-m+fp/hard\libc_nano.a(lib_a-mlock.o)
                0x000000000800af74                __malloc_lock
 .text.__malloc_unlock
                0x000000000800af80        0xc c:/st/stm32cubeide_1.10.1/stm32cubeide/plugins/com.st.stm32cube.ide.mcu.externaltools.gnu-tools-for-stm32.10.3-2021.10.win32_1.0.0.202111181127/tools/bin/../lib/gcc/arm-none-eabi/10.3.1/../../../../arm-none-eabi/lib/thumb/v7e-m+fp/hard\libc_nano.a(lib_a-mlock.o)
                0x000000000800af80                __malloc_unlock
 .text._malloc_usable_size_r
                0x000000000800af8c       0x10 c:/st/stm32cubeide_1.10.1/stm32cubeide/plugins/com.st.stm32cube.ide.mcu.externaltools.gnu-tools-for-stm32.10.3-2021.10.win32_1.0.0.202111181127/tools/bin/../lib/gcc/arm-none-eabi/10.3.1/../../../../arm-none-eabi/lib/thumb/v7e-m+fp/hard\libc_nano.a(lib_a-nano-msizer.o)
                0x000000000800af8c                _malloc_usable_size_r
 .text.__retarget_lock_acquire_recursive
                0x000000000800af9c        0x2 c:/st/stm32cubeide_1.10.1/stm32cubeide/plugins/com.st.stm32cube.ide.mcu.externaltools.gnu-tools-for-stm32.10.3-2021.10.win32_1.0.0.202111181127/tools/bin/../lib/gcc/arm-none-eabi/10.3.1/../../../../arm-none-eabi/lib/thumb/v7e-m+fp/hard\libc_nano.a(lib_a-lock.o)
                0x000000000800af9c                __retarget_lock_acquire_recursive
 .text.__retarget_lock_release_recursive
                0x000000000800af9e        0x2 c:/st/stm32cubeide_1.10.1/stm32cubeide/plugins/com.st.stm32cube.ide.mcu.externaltools.gnu-tools-for-stm32.10.3-2021.10.win32_1.0.0.202111181127/tools/bin/../lib/gcc/arm-none-eabi/10.3.1/../../../../arm-none-eabi/lib/thumb/v7e-m+fp/hard\libc_nano.a(lib_a-lock.o)
                0x000000000800af9e                __retarget_lock_release_recursive
 *(.glue_7)
 .glue_7        0x000000000800afa0        0x0 linker stubs
 *(.glue_7t)
 .glue_7t       0x000000000800afa0        0x0 linker stubs
 *(.eh_frame)
 .eh_frame      0x000000000800afa0        0x0 c:/st/stm32cubeide_1.10.1/stm32cubeide/plugins/com.st.stm32cube.ide.mcu.externaltools.gnu-tools-for-stm32.10.3-2021.10.win32_1.0.0.202111181127/tools/bin/../lib/gcc/arm-none-eabi/10.3.1/thumb/v7e-m+fp/hard/crtbegin.o
 *(.init)
 .init          0x000000000800afa0        0x4 c:/st/stm32cubeide_1.10.1/stm32cubeide/plugins/com.st.stm32cube.ide.mcu.externaltools.gnu-tools-for-stm32.10.3-2021.10.win32_1.0.0.202111181127/tools/bin/../lib/gcc/arm-none-eabi/10.3.1/thumb/v7e-m+fp/hard/crti.o
                0x000000000800afa0                _init
 .init          0x000000000800afa4        0x8 c:/st/stm32cubeide_1.10.1/stm32cubeide/plugins/com.st.stm32cube.ide.mcu.externaltools.gnu-tools-for-stm32.10.3-2021.10.win32_1.0.0.202111181127/tools/bin/../lib/gcc/arm-none-eabi/10.3.1/thumb/v7e-m+fp/hard/crtn.o
 *(.fini)
 .fini          0x000000000800afac        0x4 c:/st/stm32cubeide_1.10.1/stm32cubeide/plugins/com.st.stm32cube.ide.mcu.externaltools.gnu-tools-for-stm32.10.3-2021.10.win32_1.0.0.202111181127/tools/bin/../lib/gcc/arm-none-eabi/10.3.1/thumb/v7e-m+fp/hard/crti.o
                0x000000000800afac                _fini
 .fini          0x000000000800afb0        0x8 c:/st/stm32cubeide_1.10.1/stm32cubeide/plugins/com.st.stm32cube.ide.mcu.externaltools.gnu-tools-for-stm32.10.3-2021.10.win32_1.0.0.202111181127/tools/bin/../lib/gcc/arm-none-eabi/10.3.1/thumb/v7e-m+fp/hard/crtn.o
                0x000000000800afb8                . = ALIGN (0x4)
                0x000000000800afb8                _etext = .

.vfp11_veneer   0x000000000800afb8        0x0
 .vfp11_veneer  0x000000000800afb8        0x0 linker stubs

.v4_bx          0x000000000800afb8        0x0
 .v4_bx         0x000000000800afb8        0x0 linker stubs

.iplt           0x000000000800afb8        0x0
 .iplt          0x000000000800afb8        0x0 c:/st/stm32cubeide_1.10.1/stm32cubeide/plugins/com.st.stm32cube.ide.mcu.externaltools.gnu-tools-for-stm32.10.3-2021.10.win32_1.0.0.202111181127/tools/bin/../lib/gcc/arm-none-eabi/10.3.1/thumb/v7e-m+fp/hard/crtbegin.o

.rodata         0x000000000800afb8      0xbc8
                0x000000000800afb8                . = ALIGN (0x4)
 *(.rodata)
 .rodata        0x000000000800afb8       0xae ./Core/Src/main.o
 *fill*         0x000000000800b066        0x2 
 .rodata        0x000000000800b068       0x48 ./Middlewares/Third_Party/FatFs/src/ff.o
 *(.rodata*)
 .rodata.Font_3x5
                0x000000000800b0b0      0x1e6 ./Core/Src/GMG12864_lib.o
                0x000000000800b0b0                Font_3x5
 *fill*         0x000000000800b296        0x2 
 .rodata.Font_5x7
                0x000000000800b298      0x32a ./Core/Src/GMG12864_lib.o
                0x000000000800b298                Font_5x7
 *fill*         0x000000000800b5c2        0x2 
 .rodata.AHBPrescTable
                0x000000000800b5c4       0x10 ./Core/Src/system_stm32f3xx.o
                0x000000000800b5c4                AHBPrescTable
 .rodata.APBPrescTable
                0x000000000800b5d4        0x8 ./Core/Src/system_stm32f3xx.o
                0x000000000800b5d4                APBPrescTable
 .rodata.aPLLMULFactorTable
                0x000000000800b5dc       0x10 ./Drivers/STM32F3xx_HAL_Driver/Src/stm32f3xx_hal_rcc.o
                0x000000000800b5dc                aPLLMULFactorTable
 .rodata.aPredivFactorTable
                0x000000000800b5ec       0x10 ./Drivers/STM32F3xx_HAL_Driver/Src/stm32f3xx_hal_rcc.o
                0x000000000800b5ec                aPredivFactorTable
 .rodata.ExCvt  0x000000000800b5fc       0x80 ./Middlewares/Third_Party/FatFs/src/ff.o
 .rodata.LfnOfs
                0x000000000800b67c        0xd ./Middlewares/Third_Party/FatFs/src/ff.o
 *fill*         0x000000000800b689        0x3 
 .rodata.Tbl    0x000000000800b68c      0x100 ./Middlewares/Third_Party/FatFs/src/option/ccsbcs.o
 .rodata.tbl_lower.1
                0x000000000800b78c      0x1e0 ./Middlewares/Third_Party/FatFs/src/option/ccsbcs.o
 .rodata.tbl_upper.0
                0x000000000800b96c      0x1e0 ./Middlewares/Third_Party/FatFs/src/option/ccsbcs.o
 .rodata._svfprintf_r.str1.1
                0x000000000800bb4c       0x11 c:/st/stm32cubeide_1.10.1/stm32cubeide/plugins/com.st.stm32cube.ide.mcu.externaltools.gnu-tools-for-stm32.10.3-2021.10.win32_1.0.0.202111181127/tools/bin/../lib/gcc/arm-none-eabi/10.3.1/../../../../arm-none-eabi/lib/thumb/v7e-m+fp/hard\libc_nano.a(lib_a-nano-svfprintf.o)
 .rodata._printf_i.str1.1
                0x000000000800bb5d       0x22 c:/st/stm32cubeide_1.10.1/stm32cubeide/plugins/com.st.stm32cube.ide.mcu.externaltools.gnu-tools-for-stm32.10.3-2021.10.win32_1.0.0.202111181127/tools/bin/../lib/gcc/arm-none-eabi/10.3.1/../../../../arm-none-eabi/lib/thumb/v7e-m+fp/hard\libc_nano.a(lib_a-nano-vfprintf_i.o)
                0x000000000800bb80                . = ALIGN (0x4)
 *fill*         0x000000000800bb7f        0x1 

.rel.dyn        0x000000000800bb80        0x0
 .rel.iplt      0x000000000800bb80        0x0 c:/st/stm32cubeide_1.10.1/stm32cubeide/plugins/com.st.stm32cube.ide.mcu.externaltools.gnu-tools-for-stm32.10.3-2021.10.win32_1.0.0.202111181127/tools/bin/../lib/gcc/arm-none-eabi/10.3.1/thumb/v7e-m+fp/hard/crtbegin.o

.ARM.extab      0x000000000800bb80        0x0
                0x000000000800bb80                . = ALIGN (0x4)
 *(.ARM.extab* .gnu.linkonce.armextab.*)
                0x000000000800bb80                . = ALIGN (0x4)

.ARM            0x000000000800bb80        0x0
                0x000000000800bb80                . = ALIGN (0x4)
                0x000000000800bb80                __exidx_start = .
 *(.ARM.exidx*)
                0x000000000800bb80                __exidx_end = .
                0x000000000800bb80                . = ALIGN (0x4)

.preinit_array  0x000000000800bb80        0x0
                0x000000000800bb80                . = ALIGN (0x4)
                0x000000000800bb80                PROVIDE (__preinit_array_start = .)
 *(.preinit_array*)
                0x000000000800bb80                PROVIDE (__preinit_array_end = .)
                0x000000000800bb80                . = ALIGN (0x4)

.init_array     0x000000000800bb80        0x4
                0x000000000800bb80                . = ALIGN (0x4)
                0x000000000800bb80                PROVIDE (__init_array_start = .)
 *(SORT_BY_NAME(.init_array.*))
 *(.init_array*)
 .init_array    0x000000000800bb80        0x4 c:/st/stm32cubeide_1.10.1/stm32cubeide/plugins/com.st.stm32cube.ide.mcu.externaltools.gnu-tools-for-stm32.10.3-2021.10.win32_1.0.0.202111181127/tools/bin/../lib/gcc/arm-none-eabi/10.3.1/thumb/v7e-m+fp/hard/crtbegin.o
                0x000000000800bb84                PROVIDE (__init_array_end = .)
                0x000000000800bb84                . = ALIGN (0x4)

.fini_array     0x000000000800bb84        0x4
                0x000000000800bb84                . = ALIGN (0x4)
                [!provide]                        PROVIDE (__fini_array_start = .)
 *(SORT_BY_NAME(.fini_array.*))
 *(.fini_array*)
 .fini_array    0x000000000800bb84        0x4 c:/st/stm32cubeide_1.10.1/stm32cubeide/plugins/com.st.stm32cube.ide.mcu.externaltools.gnu-tools-for-stm32.10.3-2021.10.win32_1.0.0.202111181127/tools/bin/../lib/gcc/arm-none-eabi/10.3.1/thumb/v7e-m+fp/hard/crtbegin.o
                [!provide]                        PROVIDE (__fini_array_end = .)
                0x000000000800bb88                . = ALIGN (0x4)
                0x000000000800bb88                _sidata = LOADADDR (.data)

.data           0x0000000020000000       0x88 load address 0x000000000800bb88
                0x0000000020000000                . = ALIGN (0x4)
                0x0000000020000000                _sdata = .
 *(.data)
 *(.data*)
 .data.GMG12864_width
                0x0000000020000000        0x1 ./Core/Src/GMG12864_lib.o
                0x0000000020000000                GMG12864_width
 .data.GMG12864_height
                0x0000000020000001        0x1 ./Core/Src/GMG12864_lib.o
                0x0000000020000001                GMG12864_height
 .data.Stat     0x0000000020000002        0x1 ./Core/Src/fatfs_sd.o
 *fill*         0x0000000020000003        0x1 
 .data.SystemCoreClock
                0x0000000020000004        0x4 ./Core/Src/system_stm32f3xx.o
                0x0000000020000004                SystemCoreClock
 .data.uwTickPrio
                0x0000000020000008        0x4 ./Drivers/STM32F3xx_HAL_Driver/Src/stm32f3xx_hal.o
                0x0000000020000008                uwTickPrio
 .data.uwTickFreq
                0x000000002000000c        0x1 ./Drivers/STM32F3xx_HAL_Driver/Src/stm32f3xx_hal.o
                0x000000002000000c                uwTickFreq
 *fill*         0x000000002000000d        0x3 
 .data.USER_Driver
                0x0000000020000010       0x14 ./FATFS/Target/user_diskio.o
                0x0000000020000010                USER_Driver
 .data._impure_ptr
                0x0000000020000024        0x4 c:/st/stm32cubeide_1.10.1/stm32cubeide/plugins/com.st.stm32cube.ide.mcu.externaltools.gnu-tools-for-stm32.10.3-2021.10.win32_1.0.0.202111181127/tools/bin/../lib/gcc/arm-none-eabi/10.3.1/../../../../arm-none-eabi/lib/thumb/v7e-m+fp/hard\libc_nano.a(lib_a-impure.o)
                0x0000000020000024                _impure_ptr
 .data.impure_data
                0x0000000020000028       0x60 c:/st/stm32cubeide_1.10.1/stm32cubeide/plugins/com.st.stm32cube.ide.mcu.externaltools.gnu-tools-for-stm32.10.3-2021.10.win32_1.0.0.202111181127/tools/bin/../lib/gcc/arm-none-eabi/10.3.1/../../../../arm-none-eabi/lib/thumb/v7e-m+fp/hard\libc_nano.a(lib_a-impure.o)
 *(.RamFunc)
 *(.RamFunc*)
                0x0000000020000088                . = ALIGN (0x4)
                0x0000000020000088                _edata = .
                0x000000000800bc10                _siccmram = LOADADDR (.ccmram)

.igot.plt       0x0000000020000088        0x0 load address 0x000000000800bc10
 .igot.plt      0x0000000020000088        0x0 c:/st/stm32cubeide_1.10.1/stm32cubeide/plugins/com.st.stm32cube.ide.mcu.externaltools.gnu-tools-for-stm32.10.3-2021.10.win32_1.0.0.202111181127/tools/bin/../lib/gcc/arm-none-eabi/10.3.1/thumb/v7e-m+fp/hard/crtbegin.o

.ccmram         0x0000000010000000        0x0 load address 0x000000000800bc10
                0x0000000010000000                . = ALIGN (0x4)
                0x0000000010000000                _sccmram = .
 *(.ccmram)
 *(.ccmram*)
                0x0000000010000000                . = ALIGN (0x4)
                0x0000000010000000                _eccmram = .
                0x0000000010000000                . = ALIGN (0x4)

.bss            0x0000000020000088     0x2964
                0x0000000020000088                _sbss = .
                0x0000000020000088                __bss_start__ = _sbss
 *(.bss)
 .bss           0x0000000020000088       0x1c c:/st/stm32cubeide_1.10.1/stm32cubeide/plugins/com.st.stm32cube.ide.mcu.externaltools.gnu-tools-for-stm32.10.3-2021.10.win32_1.0.0.202111181127/tools/bin/../lib/gcc/arm-none-eabi/10.3.1/thumb/v7e-m+fp/hard/crtbegin.o
 *(.bss*)
 .bss.tx_buffer
                0x00000000200000a4       0x80 ./Core/Src/GMG12864_lib.o
                0x00000000200000a4                tx_buffer
 .bss.Frame_buffer
                0x0000000020000124      0x400 ./Core/Src/GMG12864_lib.o
                0x0000000020000124                Frame_buffer
 .bss.ina219_calibrationValue
                0x0000000020000524        0x2 ./Core/Src/INA219_lib.o
                0x0000000020000524                ina219_calibrationValue
 *fill*         0x0000000020000526        0x2 
 .bss.ina219_currentDivider_mA
                0x0000000020000528        0x4 ./Core/Src/INA219_lib.o
                0x0000000020000528                ina219_currentDivider_mA
 .bss.ina219_powerMultiplier_mW
                0x000000002000052c        0x4 ./Core/Src/INA219_lib.o
                0x000000002000052c                ina219_powerMultiplier_mW
 .bss.CardType  0x0000000020000530        0x1 ./Core/Src/fatfs_sd.o
 .bss.PowerFlag
                0x0000000020000531        0x1 ./Core/Src/fatfs_sd.o
 *fill*         0x0000000020000532        0x2 
 .bss.hi2c1     0x0000000020000534       0x4c ./Core/Src/main.o
                0x0000000020000534                hi2c1
 .bss.hi2c2     0x0000000020000580       0x4c ./Core/Src/main.o
                0x0000000020000580                hi2c2
 .bss.hspi1     0x00000000200005cc       0x64 ./Core/Src/main.o
                0x00000000200005cc                hspi1
 .bss.hspi2     0x0000000020000630       0x64 ./Core/Src/main.o
                0x0000000020000630                hspi2
 .bss.huart2    0x0000000020000694       0x84 ./Core/Src/main.o
                0x0000000020000694                huart2
 .bss.fs        0x0000000020000718     0x1030 ./Core/Src/main.o
                0x0000000020000718                fs
 .bss.fil       0x0000000020001748     0x102c ./Core/Src/main.o
                0x0000000020001748                fil
 .bss.fresult   0x0000000020002774        0x1 ./Core/Src/main.o
                0x0000000020002774                fresult
 *fill*         0x0000000020002775        0x3 
 .bss.ina219    0x0000000020002778        0x8 ./Core/Src/main.o
                0x0000000020002778                ina219
 .bss.v_bus     0x0000000020002780        0x2 ./Core/Src/main.o
                0x0000000020002780                v_bus
 .bss.v_shunt   0x0000000020002782        0x2 ./Core/Src/main.o
                0x0000000020002782                v_shunt
 .bss.current   0x0000000020002784        0x2 ./Core/Src/main.o
                0x0000000020002784                current
 .bss.power     0x0000000020002786        0x2 ./Core/Src/main.o
                0x0000000020002786                power
 .bss.t_ina219  0x0000000020002788        0x4 ./Core/Src/main.o
                0x0000000020002788                t_ina219
 .bss.t_gmg12864
                0x000000002000278c        0x4 ./Core/Src/main.o
                0x000000002000278c                t_gmg12864
 .bss.t_sd_card
                0x0000000020002790        0x4 ./Core/Src/main.o
                0x0000000020002790                t_sd_card
 .bss.state_high_charge
                0x0000000020002794        0x1 ./Core/Src/main.o
                0x0000000020002794                state_high_charge
 .bss.state_low_charge
                0x0000000020002795        0x1 ./Core/Src/main.o
                0x0000000020002795                state_low_charge
 .bss.state_discharge
                0x0000000020002796        0x1 ./Core/Src/main.o
                0x0000000020002796                state_discharge
 .bss.discharge_enable
                0x0000000020002797        0x1 ./Core/Src/main.o
                0x0000000020002797                discharge_enable
 .bss.control_mode
                0x0000000020002798        0x1 ./Core/Src/main.o
                0x0000000020002798                control_mode
 .bss.manual_mode
                0x0000000020002799        0x1 ./Core/Src/main.o
                0x0000000020002799                manual_mode
 .bss.flag_change_mode
                0x000000002000279a        0x1 ./Core/Src/main.o
                0x000000002000279a                flag_change_mode
 .bss.FatFsCnt  0x000000002000279b        0x1 ./Core/Src/stm32f3xx_it.o
                0x000000002000279b                FatFsCnt
 .bss.Timer1    0x000000002000279c        0x1 ./Core/Src/stm32f3xx_it.o
                0x000000002000279c                Timer1
 .bss.Timer2    0x000000002000279d        0x1 ./Core/Src/stm32f3xx_it.o
                0x000000002000279d                Timer2
 *fill*         0x000000002000279e        0x2 
 .bss.__sbrk_heap_end
                0x00000000200027a0        0x4 ./Core/Src/sysmem.o
 .bss.uwTick    0x00000000200027a4        0x4 ./Drivers/STM32F3xx_HAL_Driver/Src/stm32f3xx_hal.o
                0x00000000200027a4                uwTick
 .bss.retUSER   0x00000000200027a8        0x1 ./FATFS/App/fatfs.o
                0x00000000200027a8                retUSER
 *fill*         0x00000000200027a9        0x3 
 .bss.USERPath  0x00000000200027ac        0x4 ./FATFS/App/fatfs.o
                0x00000000200027ac                USERPath
 .bss.FatFs     0x00000000200027b0        0x4 ./Middlewares/Third_Party/FatFs/src/ff.o
 .bss.Fsid      0x00000000200027b4        0x2 ./Middlewares/Third_Party/FatFs/src/ff.o
 *fill*         0x00000000200027b6        0x2 
 .bss.Files     0x00000000200027b8       0x18 ./Middlewares/Third_Party/FatFs/src/ff.o
 .bss.LfnBuf    0x00000000200027d0      0x200 ./Middlewares/Third_Party/FatFs/src/ff.o
 .bss.disk      0x00000000200029d0        0xc ./Middlewares/Third_Party/FatFs/src/ff_gen_drv.o
                0x00000000200029d0                disk
 .bss.__malloc_free_list
                0x00000000200029dc        0x4 c:/st/stm32cubeide_1.10.1/stm32cubeide/plugins/com.st.stm32cube.ide.mcu.externaltools.gnu-tools-for-stm32.10.3-2021.10.win32_1.0.0.202111181127/tools/bin/../lib/gcc/arm-none-eabi/10.3.1/../../../../arm-none-eabi/lib/thumb/v7e-m+fp/hard\libc_nano.a(lib_a-nano-mallocr.o)
                0x00000000200029dc                __malloc_free_list
 .bss.__malloc_sbrk_start
                0x00000000200029e0        0x4 c:/st/stm32cubeide_1.10.1/stm32cubeide/plugins/com.st.stm32cube.ide.mcu.externaltools.gnu-tools-for-stm32.10.3-2021.10.win32_1.0.0.202111181127/tools/bin/../lib/gcc/arm-none-eabi/10.3.1/../../../../arm-none-eabi/lib/thumb/v7e-m+fp/hard\libc_nano.a(lib_a-nano-mallocr.o)
                0x00000000200029e0                __malloc_sbrk_start
 .bss.errno     0x00000000200029e4        0x4 c:/st/stm32cubeide_1.10.1/stm32cubeide/plugins/com.st.stm32cube.ide.mcu.externaltools.gnu-tools-for-stm32.10.3-2021.10.win32_1.0.0.202111181127/tools/bin/../lib/gcc/arm-none-eabi/10.3.1/../../../../arm-none-eabi/lib/thumb/v7e-m+fp/hard\libc_nano.a(lib_a-reent.o)
                0x00000000200029e4                errno
 .bss.__lock___malloc_recursive_mutex
                0x00000000200029e8        0x1 c:/st/stm32cubeide_1.10.1/stm32cubeide/plugins/com.st.stm32cube.ide.mcu.externaltools.gnu-tools-for-stm32.10.3-2021.10.win32_1.0.0.202111181127/tools/bin/../lib/gcc/arm-none-eabi/10.3.1/../../../../arm-none-eabi/lib/thumb/v7e-m+fp/hard\libc_nano.a(lib_a-lock.o)
                0x00000000200029e8                __lock___malloc_recursive_mutex
 *(COMMON)
                0x00000000200029ec                . = ALIGN (0x4)
 *fill*         0x00000000200029e9        0x3 
                0x00000000200029ec                _ebss = .
                0x00000000200029ec                __bss_end__ = _ebss

._user_heap_stack
                0x00000000200029ec      0x604
                0x00000000200029f0                . = ALIGN (0x8)
 *fill*         0x00000000200029ec        0x4 
                [!provide]                        PROVIDE (end = .)
                0x00000000200029f0                PROVIDE (_end = .)
                0x0000000020002bf0                . = (. + _Min_Heap_Size)
 *fill*         0x00000000200029f0      0x200 
                0x0000000020002ff0                . = (. + _Min_Stack_Size)
 *fill*         0x0000000020002bf0      0x400 
                0x0000000020002ff0                . = ALIGN (0x8)

/DISCARD/
 libc.a(*)
 libm.a(*)
 libgcc.a(*)

.ARM.attributes
                0x0000000000000000       0x30
 *(.ARM.attributes)
 .ARM.attributes
                0x0000000000000000       0x1e c:/st/stm32cubeide_1.10.1/stm32cubeide/plugins/com.st.stm32cube.ide.mcu.externaltools.gnu-tools-for-stm32.10.3-2021.10.win32_1.0.0.202111181127/tools/bin/../lib/gcc/arm-none-eabi/10.3.1/thumb/v7e-m+fp/hard/crti.o
 .ARM.attributes
                0x000000000000001e       0x34 c:/st/stm32cubeide_1.10.1/stm32cubeide/plugins/com.st.stm32cube.ide.mcu.externaltools.gnu-tools-for-stm32.10.3-2021.10.win32_1.0.0.202111181127/tools/bin/../lib/gcc/arm-none-eabi/10.3.1/thumb/v7e-m+fp/hard/crtbegin.o
 .ARM.attributes
                0x0000000000000052       0x34 ./Core/Src/GMG12864_lib.o
 .ARM.attributes
                0x0000000000000086       0x34 ./Core/Src/INA219_lib.o
 .ARM.attributes
                0x00000000000000ba       0x34 ./Core/Src/fatfs_sd.o
 .ARM.attributes
                0x00000000000000ee       0x34 ./Core/Src/main.o
 .ARM.attributes
                0x0000000000000122       0x34 ./Core/Src/stm32f3xx_hal_msp.o
 .ARM.attributes
                0x0000000000000156       0x34 ./Core/Src/stm32f3xx_it.o
 .ARM.attributes
                0x000000000000018a       0x34 ./Core/Src/sysmem.o
 .ARM.attributes
                0x00000000000001be       0x34 ./Core/Src/system_stm32f3xx.o
 .ARM.attributes
                0x00000000000001f2       0x21 ./Core/Startup/startup_stm32f303retx.o
 .ARM.attributes
                0x0000000000000213       0x34 ./Drivers/STM32F3xx_HAL_Driver/Src/stm32f3xx_hal.o
 .ARM.attributes
                0x0000000000000247       0x34 ./Drivers/STM32F3xx_HAL_Driver/Src/stm32f3xx_hal_cortex.o
 .ARM.attributes
                0x000000000000027b       0x34 ./Drivers/STM32F3xx_HAL_Driver/Src/stm32f3xx_hal_gpio.o
 .ARM.attributes
                0x00000000000002af       0x34 ./Drivers/STM32F3xx_HAL_Driver/Src/stm32f3xx_hal_i2c.o
 .ARM.attributes
                0x00000000000002e3       0x34 ./Drivers/STM32F3xx_HAL_Driver/Src/stm32f3xx_hal_i2c_ex.o
 .ARM.attributes
                0x0000000000000317       0x34 ./Drivers/STM32F3xx_HAL_Driver/Src/stm32f3xx_hal_rcc.o
 .ARM.attributes
                0x000000000000034b       0x34 ./Drivers/STM32F3xx_HAL_Driver/Src/stm32f3xx_hal_rcc_ex.o
 .ARM.attributes
                0x000000000000037f       0x34 ./Drivers/STM32F3xx_HAL_Driver/Src/stm32f3xx_hal_spi.o
 .ARM.attributes
                0x00000000000003b3       0x34 ./Drivers/STM32F3xx_HAL_Driver/Src/stm32f3xx_hal_uart.o
 .ARM.attributes
                0x00000000000003e7       0x34 ./FATFS/App/fatfs.o
 .ARM.attributes
                0x000000000000041b       0x34 ./FATFS/Target/user_diskio.o
 .ARM.attributes
                0x000000000000044f       0x34 ./Middlewares/Third_Party/FatFs/src/diskio.o
 .ARM.attributes
                0x0000000000000483       0x34 ./Middlewares/Third_Party/FatFs/src/ff.o
 .ARM.attributes
                0x00000000000004b7       0x34 ./Middlewares/Third_Party/FatFs/src/ff_gen_drv.o
 .ARM.attributes
                0x00000000000004eb       0x34 ./Middlewares/Third_Party/FatFs/src/option/ccsbcs.o
 .ARM.attributes
                0x000000000000051f       0x34 c:/st/stm32cubeide_1.10.1/stm32cubeide/plugins/com.st.stm32cube.ide.mcu.externaltools.gnu-tools-for-stm32.10.3-2021.10.win32_1.0.0.202111181127/tools/bin/../lib/gcc/arm-none-eabi/10.3.1/../../../../arm-none-eabi/lib/thumb/v7e-m+fp/hard\libc_nano.a(lib_a-errno.o)
 .ARM.attributes
                0x0000000000000553       0x34 c:/st/stm32cubeide_1.10.1/stm32cubeide/plugins/com.st.stm32cube.ide.mcu.externaltools.gnu-tools-for-stm32.10.3-2021.10.win32_1.0.0.202111181127/tools/bin/../lib/gcc/arm-none-eabi/10.3.1/../../../../arm-none-eabi/lib/thumb/v7e-m+fp/hard\libc_nano.a(lib_a-impure.o)
 .ARM.attributes
                0x0000000000000587       0x34 c:/st/stm32cubeide_1.10.1/stm32cubeide/plugins/com.st.stm32cube.ide.mcu.externaltools.gnu-tools-for-stm32.10.3-2021.10.win32_1.0.0.202111181127/tools/bin/../lib/gcc/arm-none-eabi/10.3.1/../../../../arm-none-eabi/lib/thumb/v7e-m+fp/hard\libc_nano.a(lib_a-init.o)
 .ARM.attributes
                0x00000000000005bb       0x34 c:/st/stm32cubeide_1.10.1/stm32cubeide/plugins/com.st.stm32cube.ide.mcu.externaltools.gnu-tools-for-stm32.10.3-2021.10.win32_1.0.0.202111181127/tools/bin/../lib/gcc/arm-none-eabi/10.3.1/../../../../arm-none-eabi/lib/thumb/v7e-m+fp/hard\libc_nano.a(lib_a-memset.o)
 .ARM.attributes
                0x00000000000005ef       0x34 c:/st/stm32cubeide_1.10.1/stm32cubeide/plugins/com.st.stm32cube.ide.mcu.externaltools.gnu-tools-for-stm32.10.3-2021.10.win32_1.0.0.202111181127/tools/bin/../lib/gcc/arm-none-eabi/10.3.1/../../../../arm-none-eabi/lib/thumb/v7e-m+fp/hard\libc_nano.a(lib_a-sprintf.o)
 .ARM.attributes
                0x0000000000000623       0x17 c:/st/stm32cubeide_1.10.1/stm32cubeide/plugins/com.st.stm32cube.ide.mcu.externaltools.gnu-tools-for-stm32.10.3-2021.10.win32_1.0.0.202111181127/tools/bin/../lib/gcc/arm-none-eabi/10.3.1/../../../../arm-none-eabi/lib/thumb/v7e-m+fp/hard\libc_nano.a(lib_a-strlen.o)
 .ARM.attributes
                0x000000000000063a       0x34 c:/st/stm32cubeide_1.10.1/stm32cubeide/plugins/com.st.stm32cube.ide.mcu.externaltools.gnu-tools-for-stm32.10.3-2021.10.win32_1.0.0.202111181127/tools/bin/../lib/gcc/arm-none-eabi/10.3.1/../../../../arm-none-eabi/lib/thumb/v7e-m+fp/hard\libc_nano.a(lib_a-nano-svfprintf.o)
 .ARM.attributes
                0x000000000000066e       0x34 c:/st/stm32cubeide_1.10.1/stm32cubeide/plugins/com.st.stm32cube.ide.mcu.externaltools.gnu-tools-for-stm32.10.3-2021.10.win32_1.0.0.202111181127/tools/bin/../lib/gcc/arm-none-eabi/10.3.1/../../../../arm-none-eabi/lib/thumb/v7e-m+fp/hard\libc_nano.a(lib_a-nano-vfprintf_i.o)
 .ARM.attributes
                0x00000000000006a2       0x1c c:/st/stm32cubeide_1.10.1/stm32cubeide/plugins/com.st.stm32cube.ide.mcu.externaltools.gnu-tools-for-stm32.10.3-2021.10.win32_1.0.0.202111181127/tools/bin/../lib/gcc/arm-none-eabi/10.3.1/../../../../arm-none-eabi/lib/thumb/v7e-m+fp/hard\libc_nano.a(lib_a-memchr.o)
 .ARM.attributes
                0x00000000000006be       0x34 c:/st/stm32cubeide_1.10.1/stm32cubeide/plugins/com.st.stm32cube.ide.mcu.externaltools.gnu-tools-for-stm32.10.3-2021.10.win32_1.0.0.202111181127/tools/bin/../lib/gcc/arm-none-eabi/10.3.1/../../../../arm-none-eabi/lib/thumb/v7e-m+fp/hard\libc_nano.a(lib_a-memcpy-stub.o)
 .ARM.attributes
                0x00000000000006f2       0x34 c:/st/stm32cubeide_1.10.1/stm32cubeide/plugins/com.st.stm32cube.ide.mcu.externaltools.gnu-tools-for-stm32.10.3-2021.10.win32_1.0.0.202111181127/tools/bin/../lib/gcc/arm-none-eabi/10.3.1/../../../../arm-none-eabi/lib/thumb/v7e-m+fp/hard\libc_nano.a(lib_a-memmove.o)
 .ARM.attributes
                0x0000000000000726       0x34 c:/st/stm32cubeide_1.10.1/stm32cubeide/plugins/com.st.stm32cube.ide.mcu.externaltools.gnu-tools-for-stm32.10.3-2021.10.win32_1.0.0.202111181127/tools/bin/../lib/gcc/arm-none-eabi/10.3.1/../../../../arm-none-eabi/lib/thumb/v7e-m+fp/hard\libc_nano.a(lib_a-nano-freer.o)
 .ARM.attributes
                0x000000000000075a       0x34 c:/st/stm32cubeide_1.10.1/stm32cubeide/plugins/com.st.stm32cube.ide.mcu.externaltools.gnu-tools-for-stm32.10.3-2021.10.win32_1.0.0.202111181127/tools/bin/../lib/gcc/arm-none-eabi/10.3.1/../../../../arm-none-eabi/lib/thumb/v7e-m+fp/hard\libc_nano.a(lib_a-nano-mallocr.o)
 .ARM.attributes
                0x000000000000078e       0x34 c:/st/stm32cubeide_1.10.1/stm32cubeide/plugins/com.st.stm32cube.ide.mcu.externaltools.gnu-tools-for-stm32.10.3-2021.10.win32_1.0.0.202111181127/tools/bin/../lib/gcc/arm-none-eabi/10.3.1/../../../../arm-none-eabi/lib/thumb/v7e-m+fp/hard\libc_nano.a(lib_a-nano-reallocr.o)
 .ARM.attributes
                0x00000000000007c2       0x34 c:/st/stm32cubeide_1.10.1/stm32cubeide/plugins/com.st.stm32cube.ide.mcu.externaltools.gnu-tools-for-stm32.10.3-2021.10.win32_1.0.0.202111181127/tools/bin/../lib/gcc/arm-none-eabi/10.3.1/../../../../arm-none-eabi/lib/thumb/v7e-m+fp/hard\libc_nano.a(lib_a-sbrkr.o)
 .ARM.attributes
                0x00000000000007f6       0x34 c:/st/stm32cubeide_1.10.1/stm32cubeide/plugins/com.st.stm32cube.ide.mcu.externaltools.gnu-tools-for-stm32.10.3-2021.10.win32_1.0.0.202111181127/tools/bin/../lib/gcc/arm-none-eabi/10.3.1/../../../../arm-none-eabi/lib/thumb/v7e-m+fp/hard\libc_nano.a(lib_a-mlock.o)
 .ARM.attributes
                0x000000000000082a       0x34 c:/st/stm32cubeide_1.10.1/stm32cubeide/plugins/com.st.stm32cube.ide.mcu.externaltools.gnu-tools-for-stm32.10.3-2021.10.win32_1.0.0.202111181127/tools/bin/../lib/gcc/arm-none-eabi/10.3.1/../../../../arm-none-eabi/lib/thumb/v7e-m+fp/hard\libc_nano.a(lib_a-nano-msizer.o)
 .ARM.attributes
                0x000000000000085e       0x34 c:/st/stm32cubeide_1.10.1/stm32cubeide/plugins/com.st.stm32cube.ide.mcu.externaltools.gnu-tools-for-stm32.10.3-2021.10.win32_1.0.0.202111181127/tools/bin/../lib/gcc/arm-none-eabi/10.3.1/../../../../arm-none-eabi/lib/thumb/v7e-m+fp/hard\libc_nano.a(lib_a-reent.o)
 .ARM.attributes
                0x0000000000000892       0x34 c:/st/stm32cubeide_1.10.1/stm32cubeide/plugins/com.st.stm32cube.ide.mcu.externaltools.gnu-tools-for-stm32.10.3-2021.10.win32_1.0.0.202111181127/tools/bin/../lib/gcc/arm-none-eabi/10.3.1/../../../../arm-none-eabi/lib/thumb/v7e-m+fp/hard\libc_nano.a(lib_a-lock.o)
 .ARM.attributes
                0x00000000000008c6       0x1e c:/st/stm32cubeide_1.10.1/stm32cubeide/plugins/com.st.stm32cube.ide.mcu.externaltools.gnu-tools-for-stm32.10.3-2021.10.win32_1.0.0.202111181127/tools/bin/../lib/gcc/arm-none-eabi/10.3.1/thumb/v7e-m+fp/hard\libgcc.a(_arm_muldf3.o)
 .ARM.attributes
                0x00000000000008e4       0x1e c:/st/stm32cubeide_1.10.1/stm32cubeide/plugins/com.st.stm32cube.ide.mcu.externaltools.gnu-tools-for-stm32.10.3-2021.10.win32_1.0.0.202111181127/tools/bin/../lib/gcc/arm-none-eabi/10.3.1/thumb/v7e-m+fp/hard\libgcc.a(_arm_addsubdf3.o)
 .ARM.attributes
                0x0000000000000902       0x1e c:/st/stm32cubeide_1.10.1/stm32cubeide/plugins/com.st.stm32cube.ide.mcu.externaltools.gnu-tools-for-stm32.10.3-2021.10.win32_1.0.0.202111181127/tools/bin/../lib/gcc/arm-none-eabi/10.3.1/thumb/v7e-m+fp/hard\libgcc.a(_arm_fixunsdfsi.o)
 .ARM.attributes
                0x0000000000000920       0x1e c:/st/stm32cubeide_1.10.1/stm32cubeide/plugins/com.st.stm32cube.ide.mcu.externaltools.gnu-tools-for-stm32.10.3-2021.10.win32_1.0.0.202111181127/tools/bin/../lib/gcc/arm-none-eabi/10.3.1/thumb/v7e-m+fp/hard/crtn.o
OUTPUT(F303_battery_test.elf elf32-littlearm)
LOAD linker stubs
LOAD c:/st/stm32cubeide_1.10.1/stm32cubeide/plugins/com.st.stm32cube.ide.mcu.externaltools.gnu-tools-for-stm32.10.3-2021.10.win32_1.0.0.202111181127/tools/bin/../lib/gcc/arm-none-eabi/10.3.1/../../../../arm-none-eabi/lib/thumb/v7e-m+fp/hard\libc.a
LOAD c:/st/stm32cubeide_1.10.1/stm32cubeide/plugins/com.st.stm32cube.ide.mcu.externaltools.gnu-tools-for-stm32.10.3-2021.10.win32_1.0.0.202111181127/tools/bin/../lib/gcc/arm-none-eabi/10.3.1/../../../../arm-none-eabi/lib/thumb/v7e-m+fp/hard\libm.a
LOAD c:/st/stm32cubeide_1.10.1/stm32cubeide/plugins/com.st.stm32cube.ide.mcu.externaltools.gnu-tools-for-stm32.10.3-2021.10.win32_1.0.0.202111181127/tools/bin/../lib/gcc/arm-none-eabi/10.3.1/thumb/v7e-m+fp/hard\libgcc.a

.debug_info     0x0000000000000000    0x152f7
 .debug_info    0x0000000000000000     0x1501 ./Core/Src/GMG12864_lib.o
 .debug_info    0x0000000000001501      0xaff ./Core/Src/INA219_lib.o
 .debug_info    0x0000000000002000      0xcb0 ./Core/Src/fatfs_sd.o
 .debug_info    0x0000000000002cb0     0x1e5c ./Core/Src/main.o
 .debug_info    0x0000000000004b0c     0x10d4 ./Core/Src/stm32f3xx_hal_msp.o
 .debug_info    0x0000000000005be0      0x1c4 ./Core/Src/stm32f3xx_it.o
 .debug_info    0x0000000000005da4      0x171 ./Core/Src/sysmem.o
 .debug_info    0x0000000000005f15      0x416 ./Core/Src/system_stm32f3xx.o
 .debug_info    0x000000000000632b       0x22 ./Core/Startup/startup_stm32f303retx.o
 .debug_info    0x000000000000634d      0x837 ./Drivers/STM32F3xx_HAL_Driver/Src/stm32f3xx_hal.o
 .debug_info    0x0000000000006b84      0xdb5 ./Drivers/STM32F3xx_HAL_Driver/Src/stm32f3xx_hal_cortex.o
 .debug_info    0x0000000000007939      0x74e ./Drivers/STM32F3xx_HAL_Driver/Src/stm32f3xx_hal_gpio.o
 .debug_info    0x0000000000008087     0x214e ./Drivers/STM32F3xx_HAL_Driver/Src/stm32f3xx_hal_i2c.o
 .debug_info    0x000000000000a1d5      0x955 ./Drivers/STM32F3xx_HAL_Driver/Src/stm32f3xx_hal_i2c_ex.o
 .debug_info    0x000000000000ab2a     0x1597 ./Drivers/STM32F3xx_HAL_Driver/Src/stm32f3xx_hal_rcc.o
 .debug_info    0x000000000000c0c1      0x67f ./Drivers/STM32F3xx_HAL_Driver/Src/stm32f3xx_hal_rcc_ex.o
 .debug_info    0x000000000000c740     0x178c ./Drivers/STM32F3xx_HAL_Driver/Src/stm32f3xx_hal_spi.o
 .debug_info    0x000000000000decc     0x3ad3 ./Drivers/STM32F3xx_HAL_Driver/Src/stm32f3xx_hal_uart.o
 .debug_info    0x000000000001199f      0x52d ./FATFS/App/fatfs.o
 .debug_info    0x0000000000011ecc      0x3dc ./FATFS/Target/user_diskio.o
 .debug_info    0x00000000000122a8      0x40d ./Middlewares/Third_Party/FatFs/src/diskio.o
 .debug_info    0x00000000000126b5     0x2721 ./Middlewares/Third_Party/FatFs/src/ff.o
 .debug_info    0x0000000000014dd6      0x3a4 ./Middlewares/Third_Party/FatFs/src/ff_gen_drv.o
 .debug_info    0x000000000001517a      0x17d ./Middlewares/Third_Party/FatFs/src/option/ccsbcs.o

.debug_abbrev   0x0000000000000000     0x2e38
 .debug_abbrev  0x0000000000000000      0x2ba ./Core/Src/GMG12864_lib.o
 .debug_abbrev  0x00000000000002ba      0x1d5 ./Core/Src/INA219_lib.o
 .debug_abbrev  0x000000000000048f      0x2b1 ./Core/Src/fatfs_sd.o
 .debug_abbrev  0x0000000000000740      0x3bb ./Core/Src/main.o
 .debug_abbrev  0x0000000000000afb      0x1dd ./Core/Src/stm32f3xx_hal_msp.o
 .debug_abbrev  0x0000000000000cd8       0xb9 ./Core/Src/stm32f3xx_it.o
 .debug_abbrev  0x0000000000000d91       0xbb ./Core/Src/sysmem.o
 .debug_abbrev  0x0000000000000e4c      0x116 ./Core/Src/system_stm32f3xx.o
 .debug_abbrev  0x0000000000000f62       0x12 ./Core/Startup/startup_stm32f303retx.o
 .debug_abbrev  0x0000000000000f74      0x20e ./Drivers/STM32F3xx_HAL_Driver/Src/stm32f3xx_hal.o
 .debug_abbrev  0x0000000000001182      0x316 ./Drivers/STM32F3xx_HAL_Driver/Src/stm32f3xx_hal_cortex.o
 .debug_abbrev  0x0000000000001498      0x1bb ./Drivers/STM32F3xx_HAL_Driver/Src/stm32f3xx_hal_gpio.o
 .debug_abbrev  0x0000000000001653      0x243 ./Drivers/STM32F3xx_HAL_Driver/Src/stm32f3xx_hal_i2c.o
 .debug_abbrev  0x0000000000001896      0x1b0 ./Drivers/STM32F3xx_HAL_Driver/Src/stm32f3xx_hal_i2c_ex.o
 .debug_abbrev  0x0000000000001a46      0x30c ./Drivers/STM32F3xx_HAL_Driver/Src/stm32f3xx_hal_rcc.o
 .debug_abbrev  0x0000000000001d52      0x239 ./Drivers/STM32F3xx_HAL_Driver/Src/stm32f3xx_hal_rcc_ex.o
 .debug_abbrev  0x0000000000001f8b      0x254 ./Drivers/STM32F3xx_HAL_Driver/Src/stm32f3xx_hal_spi.o
 .debug_abbrev  0x00000000000021df      0x2bc ./Drivers/STM32F3xx_HAL_Driver/Src/stm32f3xx_hal_uart.o
 .debug_abbrev  0x000000000000249b      0x19a ./FATFS/App/fatfs.o
 .debug_abbrev  0x0000000000002635      0x155 ./FATFS/Target/user_diskio.o
 .debug_abbrev  0x000000000000278a      0x178 ./Middlewares/Third_Party/FatFs/src/diskio.o
 .debug_abbrev  0x0000000000002902      0x2cd ./Middlewares/Third_Party/FatFs/src/ff.o
 .debug_abbrev  0x0000000000002bcf      0x196 ./Middlewares/Third_Party/FatFs/src/ff_gen_drv.o
 .debug_abbrev  0x0000000000002d65       0xd3 ./Middlewares/Third_Party/FatFs/src/option/ccsbcs.o

.debug_aranges  0x0000000000000000     0x1110
 .debug_aranges
                0x0000000000000000       0xc8 ./Core/Src/GMG12864_lib.o
 .debug_aranges
                0x00000000000000c8       0x98 ./Core/Src/INA219_lib.o
 .debug_aranges
                0x0000000000000160       0xa0 ./Core/Src/fatfs_sd.o
 .debug_aranges
                0x0000000000000200       0xd0 ./Core/Src/main.o
 .debug_aranges
                0x00000000000002d0       0x50 ./Core/Src/stm32f3xx_hal_msp.o
 .debug_aranges
                0x0000000000000320       0x70 ./Core/Src/stm32f3xx_it.o
 .debug_aranges
                0x0000000000000390       0x20 ./Core/Src/sysmem.o
 .debug_aranges
                0x00000000000003b0       0x28 ./Core/Src/system_stm32f3xx.o
 .debug_aranges
                0x00000000000003d8       0x28 ./Core/Startup/startup_stm32f303retx.o
 .debug_aranges
                0x0000000000000400       0xe0 ./Drivers/STM32F3xx_HAL_Driver/Src/stm32f3xx_hal.o
 .debug_aranges
                0x00000000000004e0      0x118 ./Drivers/STM32F3xx_HAL_Driver/Src/stm32f3xx_hal_cortex.o
 .debug_aranges
                0x00000000000005f8       0x58 ./Drivers/STM32F3xx_HAL_Driver/Src/stm32f3xx_hal_gpio.o
 .debug_aranges
                0x0000000000000650      0x290 ./Drivers/STM32F3xx_HAL_Driver/Src/stm32f3xx_hal_i2c.o
 .debug_aranges
                0x00000000000008e0       0x48 ./Drivers/STM32F3xx_HAL_Driver/Src/stm32f3xx_hal_i2c_ex.o
 .debug_aranges
                0x0000000000000928       0x88 ./Drivers/STM32F3xx_HAL_Driver/Src/stm32f3xx_hal_rcc.o
 .debug_aranges
                0x00000000000009b0       0x38 ./Drivers/STM32F3xx_HAL_Driver/Src/stm32f3xx_hal_rcc_ex.o
 .debug_aranges
                0x00000000000009e8      0x1d8 ./Drivers/STM32F3xx_HAL_Driver/Src/stm32f3xx_hal_spi.o
 .debug_aranges
                0x0000000000000bc0      0x228 ./Drivers/STM32F3xx_HAL_Driver/Src/stm32f3xx_hal_uart.o
 .debug_aranges
                0x0000000000000de8       0x28 ./FATFS/App/fatfs.o
 .debug_aranges
                0x0000000000000e10       0x40 ./FATFS/Target/user_diskio.o
 .debug_aranges
                0x0000000000000e50       0x48 ./Middlewares/Third_Party/FatFs/src/diskio.o
 .debug_aranges
                0x0000000000000e98      0x210 ./Middlewares/Third_Party/FatFs/src/ff.o
 .debug_aranges
                0x00000000000010a8       0x40 ./Middlewares/Third_Party/FatFs/src/ff_gen_drv.o
 .debug_aranges
                0x00000000000010e8       0x28 ./Middlewares/Third_Party/FatFs/src/option/ccsbcs.o

.debug_ranges   0x0000000000000000      0xfe0
 .debug_ranges  0x0000000000000000       0xd0 ./Core/Src/GMG12864_lib.o
 .debug_ranges  0x00000000000000d0       0x88 ./Core/Src/INA219_lib.o
 .debug_ranges  0x0000000000000158       0x90 ./Core/Src/fatfs_sd.o
 .debug_ranges  0x00000000000001e8       0xc0 ./Core/Src/main.o
 .debug_ranges  0x00000000000002a8       0x40 ./Core/Src/stm32f3xx_hal_msp.o
 .debug_ranges  0x00000000000002e8       0x60 ./Core/Src/stm32f3xx_it.o
 .debug_ranges  0x0000000000000348       0x10 ./Core/Src/sysmem.o
 .debug_ranges  0x0000000000000358       0x18 ./Core/Src/system_stm32f3xx.o
 .debug_ranges  0x0000000000000370       0x20 ./Core/Startup/startup_stm32f303retx.o
 .debug_ranges  0x0000000000000390       0xd0 ./Drivers/STM32F3xx_HAL_Driver/Src/stm32f3xx_hal.o
 .debug_ranges  0x0000000000000460      0x108 ./Drivers/STM32F3xx_HAL_Driver/Src/stm32f3xx_hal_cortex.o
 .debug_ranges  0x0000000000000568       0x48 ./Drivers/STM32F3xx_HAL_Driver/Src/stm32f3xx_hal_gpio.o
 .debug_ranges  0x00000000000005b0      0x280 ./Drivers/STM32F3xx_HAL_Driver/Src/stm32f3xx_hal_i2c.o
 .debug_ranges  0x0000000000000830       0x38 ./Drivers/STM32F3xx_HAL_Driver/Src/stm32f3xx_hal_i2c_ex.o
 .debug_ranges  0x0000000000000868       0x78 ./Drivers/STM32F3xx_HAL_Driver/Src/stm32f3xx_hal_rcc.o
 .debug_ranges  0x00000000000008e0       0x28 ./Drivers/STM32F3xx_HAL_Driver/Src/stm32f3xx_hal_rcc_ex.o
 .debug_ranges  0x0000000000000908      0x1c8 ./Drivers/STM32F3xx_HAL_Driver/Src/stm32f3xx_hal_spi.o
 .debug_ranges  0x0000000000000ad0      0x248 ./Drivers/STM32F3xx_HAL_Driver/Src/stm32f3xx_hal_uart.o
 .debug_ranges  0x0000000000000d18       0x18 ./FATFS/App/fatfs.o
 .debug_ranges  0x0000000000000d30       0x30 ./FATFS/Target/user_diskio.o
 .debug_ranges  0x0000000000000d60       0x38 ./Middlewares/Third_Party/FatFs/src/diskio.o
 .debug_ranges  0x0000000000000d98      0x200 ./Middlewares/Third_Party/FatFs/src/ff.o
 .debug_ranges  0x0000000000000f98       0x30 ./Middlewares/Third_Party/FatFs/src/ff_gen_drv.o
 .debug_ranges  0x0000000000000fc8       0x18 ./Middlewares/Third_Party/FatFs/src/option/ccsbcs.o

.debug_macro    0x0000000000000000    0x225aa
 .debug_macro   0x0000000000000000      0x395 ./Core/Src/GMG12864_lib.o
 .debug_macro   0x0000000000000395      0xa78 ./Core/Src/GMG12864_lib.o
 .debug_macro   0x0000000000000e0d      0x157 ./Core/Src/GMG12864_lib.o
 .debug_macro   0x0000000000000f64       0x2e ./Core/Src/GMG12864_lib.o
 .debug_macro   0x0000000000000f92       0x28 ./Core/Src/GMG12864_lib.o
 .debug_macro   0x0000000000000fba       0x22 ./Core/Src/GMG12864_lib.o
 .debug_macro   0x0000000000000fdc       0x8e ./Core/Src/GMG12864_lib.o
 .debug_macro   0x000000000000106a       0x51 ./Core/Src/GMG12864_lib.o
 .debug_macro   0x00000000000010bb      0x103 ./Core/Src/GMG12864_lib.o
 .debug_macro   0x00000000000011be       0x6a ./Core/Src/GMG12864_lib.o
 .debug_macro   0x0000000000001228      0x1df ./Core/Src/GMG12864_lib.o
 .debug_macro   0x0000000000001407       0x1c ./Core/Src/GMG12864_lib.o
 .debug_macro   0x0000000000001423       0x22 ./Core/Src/GMG12864_lib.o
 .debug_macro   0x0000000000001445       0xd9 ./Core/Src/GMG12864_lib.o
 .debug_macro   0x000000000000151e     0x102d ./Core/Src/GMG12864_lib.o
 .debug_macro   0x000000000000254b      0x11f ./Core/Src/GMG12864_lib.o
 .debug_macro   0x000000000000266a    0x1535a ./Core/Src/GMG12864_lib.o
 .debug_macro   0x00000000000179c4       0x6d ./Core/Src/GMG12864_lib.o
 .debug_macro   0x0000000000017a31     0x3540 ./Core/Src/GMG12864_lib.o
 .debug_macro   0x000000000001af71      0x174 ./Core/Src/GMG12864_lib.o
 .debug_macro   0x000000000001b0e5       0x55 ./Core/Src/GMG12864_lib.o
 .debug_macro   0x000000000001b13a      0x954 ./Core/Src/GMG12864_lib.o
 .debug_macro   0x000000000001ba8e      0x84a ./Core/Src/GMG12864_lib.o
 .debug_macro   0x000000000001c2d8      0x1b6 ./Core/Src/GMG12864_lib.o
 .debug_macro   0x000000000001c48e      0x23a ./Core/Src/GMG12864_lib.o
 .debug_macro   0x000000000001c6c8      0x1ea ./Core/Src/GMG12864_lib.o
 .debug_macro   0x000000000001c8b2      0x1bc ./Core/Src/GMG12864_lib.o
 .debug_macro   0x000000000001ca6e       0x30 ./Core/Src/GMG12864_lib.o
 .debug_macro   0x000000000001ca9e       0x3c ./Core/Src/GMG12864_lib.o
 .debug_macro   0x000000000001cada      0x236 ./Core/Src/GMG12864_lib.o
 .debug_macro   0x000000000001cd10       0xc5 ./Core/Src/GMG12864_lib.o
 .debug_macro   0x000000000001cdd5      0x21d ./Core/Src/GMG12864_lib.o
 .debug_macro   0x000000000001cff2      0x22c ./Core/Src/GMG12864_lib.o
 .debug_macro   0x000000000001d21e       0x5b ./Core/Src/GMG12864_lib.o
 .debug_macro   0x000000000001d279       0xa5 ./Core/Src/GMG12864_lib.o
 .debug_macro   0x000000000001d31e       0x81 ./Core/Src/GMG12864_lib.o
 .debug_macro   0x000000000001d39f       0xd3 ./Core/Src/GMG12864_lib.o
 .debug_macro   0x000000000001d472      0x2fe ./Core/Src/GMG12864_lib.o
 .debug_macro   0x000000000001d770      0x5a5 ./Core/Src/GMG12864_lib.o
 .debug_macro   0x000000000001dd15       0x44 ./Core/Src/GMG12864_lib.o
 .debug_macro   0x000000000001dd59      0x347 ./Core/Src/GMG12864_lib.o
 .debug_macro   0x000000000001e0a0       0xca ./Core/Src/GMG12864_lib.o
 .debug_macro   0x000000000001e16a       0x52 ./Core/Src/GMG12864_lib.o
 .debug_macro   0x000000000001e1bc       0x1e ./Core/Src/GMG12864_lib.o
 .debug_macro   0x000000000001e1da       0x3c ./Core/Src/GMG12864_lib.o
 .debug_macro   0x000000000001e216       0x34 ./Core/Src/GMG12864_lib.o
 .debug_macro   0x000000000001e24a       0x16 ./Core/Src/GMG12864_lib.o
 .debug_macro   0x000000000001e260       0x35 ./Core/Src/GMG12864_lib.o
 .debug_macro   0x000000000001e295      0x341 ./Core/Src/GMG12864_lib.o
 .debug_macro   0x000000000001e5d6       0x10 ./Core/Src/GMG12864_lib.o
 .debug_macro   0x000000000001e5e6       0x16 ./Core/Src/GMG12864_lib.o
 .debug_macro   0x000000000001e5fc       0x43 ./Core/Src/GMG12864_lib.o
 .debug_macro   0x000000000001e63f       0x34 ./Core/Src/GMG12864_lib.o
 .debug_macro   0x000000000001e673       0x10 ./Core/Src/GMG12864_lib.o
 .debug_macro   0x000000000001e683       0x58 ./Core/Src/GMG12864_lib.o
 .debug_macro   0x000000000001e6db       0x71 ./Core/Src/GMG12864_lib.o
 .debug_macro   0x000000000001e74c       0x1c ./Core/Src/GMG12864_lib.o
 .debug_macro   0x000000000001e768      0x12a ./Core/Src/GMG12864_lib.o
 .debug_macro   0x000000000001e892       0x10 ./Core/Src/GMG12864_lib.o