Archive member included to satisfy reference by file (symbol)

c:/st/stm32cubeide_1.10.1/stm32cubeide/plugins/com.st.stm32cube.ide.mcu.externaltools.gnu-tools-for-stm32.10.3-2021.10.win32_1.0.0.202111181127/tools/bin/../lib/gcc/arm-none-eabi/10.3.1/../../../../arm-none-eabi/lib/thumb/v7e-m+fp/hard\libc_nano.a(lib_a-errno.o)
                              ./Core/Src/syscalls.o (__errno)
c:/st/stm32cubeide_1.10.1/stm32cubeide/plugins/com.st.stm32cube.ide.mcu.externaltools.gnu-tools-for-stm32.10.3-2021.10.win32_1.0.0.202111181127/tools/bin/../lib/gcc/arm-none-eabi/10.3.1/../../../../arm-none-eabi/lib/thumb/v7e-m+fp/hard\libc_nano.a(lib_a-exit.o)
                              c:/st/stm32cubeide_1.10.1/stm32cubeide/plugins/com.st.stm32cube.ide.mcu.externaltools.gnu-tools-for-stm32.10.3-2021.10.win32_1.0.0.202111181127/tools/bin/../lib/gcc/arm-none-eabi/10.3.1/../../../../arm-none-eabi/lib/thumb/v7e-m+fp/hard/crt0.o (exit)
c:/st/stm32cubeide_1.10.1/stm32cubeide/plugins/com.st.stm32cube.ide.mcu.externaltools.gnu-tools-for-stm32.10.3-2021.10.win32_1.0.0.202111181127/tools/bin/../lib/gcc/arm-none-eabi/10.3.1/../../../../arm-none-eabi/lib/thumb/v7e-m+fp/hard\libc_nano.a(lib_a-impure.o)
                              c:/st/stm32cubeide_1.10.1/stm32cubeide/plugins/com.st.stm32cube.ide.mcu.externaltools.gnu-tools-for-stm32.10.3-2021.10.win32_1.0.0.202111181127/tools/bin/../lib/gcc/arm-none-eabi/10.3.1/../../../../arm-none-eabi/lib/thumb/v7e-m+fp/hard\libc_nano.a(lib_a-exit.o) (_global_impure_ptr)
c:/st/stm32cubeide_1.10.1/stm32cubeide/plugins/com.st.stm32cube.ide.mcu.externaltools.gnu-tools-for-stm32.10.3-2021.10.win32_1.0.0.202111181127/tools/bin/../lib/gcc/arm-none-eabi/10.3.1/../../../../arm-none-eabi/lib/thumb/v7e-m+fp/hard\libc_nano.a(lib_a-init.o)
                              c:/st/stm32cubeide_1.10.1/stm32cubeide/plugins/com.st.stm32cube.ide.mcu.externaltools.gnu-tools-for-stm32.10.3-2021.10.win32_1.0.0.202111181127/tools/bin/../lib/gcc/arm-none-eabi/10.3.1/../../../../arm-none-eabi/lib/thumb/v7e-m+fp/hard/crt0.o (__libc_init_array)
c:/st/stm32cubeide_1.10.1/stm32cubeide/plugins/com.st.stm32cube.ide.mcu.externaltools.gnu-tools-for-stm32.10.3-2021.10.win32_1.0.0.202111181127/tools/bin/../lib/gcc/arm-none-eabi/10.3.1/../../../../arm-none-eabi/lib/thumb/v7e-m+fp/hard\libc_nano.a(lib_a-memset.o)
                              c:/st/stm32cubeide_1.10.1/stm32cubeide/plugins/com.st.stm32cube.ide.mcu.externaltools.gnu-tools-for-stm32.10.3-2021.10.win32_1.0.0.202111181127/tools/bin/../lib/gcc/arm-none-eabi/10.3.1/../../../../arm-none-eabi/lib/thumb/v7e-m+fp/hard/crt0.o (memset)
c:/st/stm32cubeide_1.10.1/stm32cubeide/plugins/com.st.stm32cube.ide.mcu.externaltools.gnu-tools-for-stm32.10.3-2021.10.win32_1.0.0.202111181127/tools/bin/../lib/gcc/arm-none-eabi/10.3.1/../../../../arm-none-eabi/lib/thumb/v7e-m+fp/hard\libc_nano.a(lib_a-nano-vfprintf_float.o)
                              (_printf_float)
c:/st/stm32cubeide_1.10.1/stm32cubeide/plugins/com.st.stm32cube.ide.mcu.externaltools.gnu-tools-for-stm32.10.3-2021.10.win32_1.0.0.202111181127/tools/bin/../lib/gcc/arm-none-eabi/10.3.1/../../../../arm-none-eabi/lib/thumb/v7e-m+fp/hard\libc_nano.a(lib_a-nano-vfprintf_i.o)
                              c:/st/stm32cubeide_1.10.1/stm32cubeide/plugins/com.st.stm32cube.ide.mcu.externaltools.gnu-tools-for-stm32.10.3-2021.10.win32_1.0.0.202111181127/tools/bin/../lib/gcc/arm-none-eabi/10.3.1/../../../../arm-none-eabi/lib/thumb/v7e-m+fp/hard\libc_nano.a(lib_a-nano-vfprintf_float.o) (_printf_common)
c:/st/stm32cubeide_1.10.1/stm32cubeide/plugins/com.st.stm32cube.ide.mcu.externaltools.gnu-tools-for-stm32.10.3-2021.10.win32_1.0.0.202111181127/tools/bin/../lib/gcc/arm-none-eabi/10.3.1/../../../../arm-none-eabi/lib/thumb/v7e-m+fp/hard\libc_nano.a(lib_a-sprintf.o)
                              ./Core/Src/GMG12864_lib.o (sprintf)
c:/st/stm32cubeide_1.10.1/stm32cubeide/plugins/com.st.stm32cube.ide.mcu.externaltools.gnu-tools-for-stm32.10.3-2021.10.win32_1.0.0.202111181127/tools/bin/../lib/gcc/arm-none-eabi/10.3.1/../../../../arm-none-eabi/lib/thumb/v7e-m+fp/hard\libc_nano.a(lib_a-strlen.o)
                              ./Core/Src/GMG12864_lib.o (strlen)
c:/st/stm32cubeide_1.10.1/stm32cubeide/plugins/com.st.stm32cube.ide.mcu.externaltools.gnu-tools-for-stm32.10.3-2021.10.win32_1.0.0.202111181127/tools/bin/../lib/gcc/arm-none-eabi/10.3.1/../../../../arm-none-eabi/lib/thumb/v7e-m+fp/hard\libc_nano.a(lib_a-dtoa.o)
                              c:/st/stm32cubeide_1.10.1/stm32cubeide/plugins/com.st.stm32cube.ide.mcu.externaltools.gnu-tools-for-stm32.10.3-2021.10.win32_1.0.0.202111181127/tools/bin/../lib/gcc/arm-none-eabi/10.3.1/../../../../arm-none-eabi/lib/thumb/v7e-m+fp/hard\libc_nano.a(lib_a-nano-vfprintf_float.o) (_dtoa_r)
[...]
Memory Configuration

Name             Origin             Length             Attributes
CCMRAM           0x0000000010000000 0x0000000000004000 xrw
RAM              0x0000000020000000 0x0000000000010000 xrw
FLASH            0x0000000008000000 0x0000000000080000 xr
*default*        0x0000000000000000 0xffffffffffffffff

Linker script and memory map

LOAD c:/st/stm32cubeide_1.10.1/stm32cubeide/plugins/com.st.stm32cube.ide.mcu.externaltools.gnu-tools-for-stm32.10.3-2021.10.win32_1.0.0.202111181127/tools/bin/../lib/gcc/arm-none-eabi/10.3.1/thumb/v7e-m+fp/hard/crti.o
LOAD c:/st/stm32cubeide_1.10.1/stm32cubeide/plugins/com.st.stm32cube.ide.mcu.externaltools.gnu-tools-for-stm32.10.3-2021.10.win32_1.0.0.202111181127/tools/bin/../lib/gcc/arm-none-eabi/10.3.1/thumb/v7e-m+fp/hard/crtbegin.o
LOAD c:/st/stm32cubeide_1.10.1/stm32cubeide/plugins/com.st.stm32cube.ide.mcu.externaltools.gnu-tools-for-stm32.10.3-2021.10.win32_1.0.0.202111181127/tools/bin/../lib/gcc/arm-none-eabi/10.3.1/../../../../arm-none-eabi/lib/thumb/v7e-m+fp/hard/crt0.o
LOAD ./Core/Src/GMG12864_lib.o
LOAD ./Core/Src/INA219_lib.o
LOAD ./Core/Src/SMA_filter_lib.o
LOAD ./Core/Src/fatfs_sd.o
LOAD ./Core/Src/main.o
LOAD ./Core/Src/max_ds3231_lib.o
LOAD ./Core/Src/stm32f3xx_hal_msp.o
LOAD ./Core/Src/stm32f3xx_it.o
LOAD ./Core/Src/syscalls.o
LOAD ./Core/Src/sysmem.o
LOAD ./Core/Src/system_stm32f3xx.o
LOAD ./Core/Startup/startup_stm32f303retx.o
LOAD ./Drivers/STM32F3xx_HAL_Driver/Src/stm32f3xx_hal.o
LOAD ./Drivers/STM32F3xx_HAL_Driver/Src/stm32f3xx_hal_adc.o
LOAD ./Drivers/STM32F3xx_HAL_Driver/Src/stm32f3xx_hal_adc_ex.o
LOAD ./Drivers/STM32F3xx_HAL_Driver/Src/stm32f3xx_hal_cortex.o
LOAD ./Drivers/STM32F3xx_HAL_Driver/Src/stm32f3xx_hal_dma.o
LOAD ./Drivers/STM32F3xx_HAL_Driver/Src/stm32f3xx_hal_exti.o
LOAD ./Drivers/STM32F3xx_HAL_Driver/Src/stm32f3xx_hal_flash.o
LOAD ./Drivers/STM32F3xx_HAL_Driver/Src/stm32f3xx_hal_flash_ex.o
LOAD ./Drivers/STM32F3xx_HAL_Driver/Src/stm32f3xx_hal_gpio.o
LOAD ./Drivers/STM32F3xx_HAL_Driver/Src/stm32f3xx_hal_i2c.o
LOAD ./Drivers/STM32F3xx_HAL_Driver/Src/stm32f3xx_hal_i2c_ex.o
LOAD ./Drivers/STM32F3xx_HAL_Driver/Src/stm32f3xx_hal_pwr.o
LOAD ./Drivers/STM32F3xx_HAL_Driver/Src/stm32f3xx_hal_pwr_ex.o
LOAD ./Drivers/STM32F3xx_HAL_Driver/Src/stm32f3xx_hal_rcc.o
LOAD ./Drivers/STM32F3xx_HAL_Driver/Src/stm32f3xx_hal_rcc_ex.o
LOAD ./Drivers/STM32F3xx_HAL_Driver/Src/stm32f3xx_hal_spi.o
LOAD ./Drivers/STM32F3xx_HAL_Driver/Src/stm32f3xx_hal_spi_ex.o
LOAD ./Drivers/STM32F3xx_HAL_Driver/Src/stm32f3xx_hal_tim.o
LOAD ./Drivers/STM32F3xx_HAL_Driver/Src/stm32f3xx_hal_tim_ex.o
LOAD ./Drivers/STM32F3xx_HAL_Driver/Src/stm32f3xx_hal_uart.o
LOAD ./Drivers/STM32F3xx_HAL_Driver/Src/stm32f3xx_hal_uart_ex.o
LOAD ./FATFS/App/fatfs.o
LOAD ./FATFS/Target/user_diskio.o
LOAD ./Middlewares/Third_Party/FatFs/src/diskio.o
LOAD ./Middlewares/Third_Party/FatFs/src/ff.o
LOAD ./Middlewares/Third_Party/FatFs/src/ff_gen_drv.o
LOAD ./Middlewares/Third_Party/FatFs/src/option/ccsbcs.o
LOAD ./Middlewares/Third_Party/FatFs/src/option/syscall.o
START GROUP
LOAD c:/st/stm32cubeide_1.10.1/stm32cubeide/plugins/com.st.stm32cube.ide.mcu.externaltools.gnu-tools-for-stm32.10.3-2021.10.win32_1.0.0.202111181127/tools/bin/../lib/gcc/arm-none-eabi/10.3.1/../../../../arm-none-eabi/lib/thumb/v7e-m+fp/hard\libc_nano.a
LOAD c:/st/stm32cubeide_1.10.1/stm32cubeide/plugins/com.st.stm32cube.ide.mcu.externaltools.gnu-tools-for-stm32.10.3-2021.10.win32_1.0.0.202111181127/tools/bin/../lib/gcc/arm-none-eabi/10.3.1/../../../../arm-none-eabi/lib/thumb/v7e-m+fp/hard\libm.a
END GROUP
START GROUP
LOAD c:/st/stm32cubeide_1.10.1/stm32cubeide/plugins/com.st.stm32cube.ide.mcu.externaltools.gnu-tools-for-stm32.10.3-2021.10.win32_1.0.0.202111181127/tools/bin/../lib/gcc/arm-none-eabi/10.3.1/thumb/v7e-m+fp/hard\libgcc.a
LOAD c:/st/stm32cubeide_1.10.1/stm32cubeide/plugins/com.st.stm32cube.ide.mcu.externaltools.gnu-tools-for-stm32.10.3-2021.10.win32_1.0.0.202111181127/tools/bin/../lib/gcc/arm-none-eabi/10.3.1/../../../../arm-none-eabi/lib/thumb/v7e-m+fp/hard\libc_nano.a
END GROUP
START GROUP
LOAD c:/st/stm32cubeide_1.10.1/stm32cubeide/plugins/com.st.stm32cube.ide.mcu.externaltools.gnu-tools-for-stm32.10.3-2021.10.win32_1.0.0.202111181127/tools/bin/../lib/gcc/arm-none-eabi/10.3.1/thumb/v7e-m+fp/hard\libgcc.a
LOAD c:/st/stm32cubeide_1.10.1/stm32cubeide/plugins/com.st.stm32cube.ide.mcu.externaltools.gnu-tools-for-stm32.10.3-2021.10.win32_1.0.0.202111181127/tools/bin/../lib/gcc/arm-none-eabi/10.3.1/../../../../arm-none-eabi/lib/thumb/v7e-m+fp/hard\libc_nano.a
LOAD c:/st/stm32cubeide_1.10.1/stm32cubeide/plugins/com.st.stm32cube.ide.mcu.externaltools.gnu-tools-for-stm32.10.3-2021.10.win32_1.0.0.202111181127/tools/bin/../lib/gcc/arm-none-eabi/10.3.1/../../../../arm-none-eabi/lib/thumb/v7e-m+fp/hard\libnosys.a
END GROUP
START GROUP
LOAD c:/st/stm32cubeide_1.10.1/stm32cubeide/plugins/com.st.stm32cube.ide.mcu.externaltools.gnu-tools-for-stm32.10.3-2021.10.win32_1.0.0.202111181127/tools/bin/../lib/gcc/arm-none-eabi/10.3.1/thumb/v7e-m+fp/hard\libgcc.a
LOAD c:/st/stm32cubeide_1.10.1/stm32cubeide/plugins/com.st.stm32cube.ide.mcu.externaltools.gnu-tools-for-stm32.10.3-2021.10.win32_1.0.0.202111181127/tools/bin/../lib/gcc/arm-none-eabi/10.3.1/../../../../arm-none-eabi/lib/thumb/v7e-m+fp/hard\libc_nano.a
LOAD c:/st/stm32cubeide_1.10.1/stm32cubeide/plugins/com.st.stm32cube.ide.mcu.externaltools.gnu-tools-for-stm32.10.3-2021.10.win32_1.0.0.202111181127/tools/bin/../lib/gcc/arm-none-eabi/10.3.1/../../../../arm-none-eabi/lib/thumb/v7e-m+fp/hard\libnosys.a
END GROUP
LOAD c:/st/stm32cubeide_1.10.1/stm32cubeide/plugins/com.st.stm32cube.ide.mcu.externaltools.gnu-tools-for-stm32.10.3-2021.10.win32_1.0.0.202111181127/tools/bin/../lib/gcc/arm-none-eabi/10.3.1/thumb/v7e-m+fp/hard/crtend.o
LOAD c:/st/stm32cubeide_1.10.1/stm32cubeide/plugins/com.st.stm32cube.ide.mcu.externaltools.gnu-tools-for-stm32.10.3-2021.10.win32_1.0.0.202111181127/tools/bin/../lib/gcc/arm-none-eabi/10.3.1/thumb/v7e-m+fp/hard/crtn.o
                0x0000000020010000                _estack = (ORIGIN (RAM) + LENGTH (RAM))
                0x0000000000000200                _Min_Heap_Size = 0x200
                0x0000000000000400                _Min_Stack_Size = 0x400

.isr_vector     0x0000000008000000      0x194
                0x0000000008000000                . = ALIGN (0x4)
 *(.isr_vector)
 .isr_vector    0x0000000008000000      0x194 ./Core/Startup/startup_stm32f303retx.o
                0x0000000008000000                g_pfnVectors
                0x0000000008000194                . = ALIGN (0x4)

.text           0x00000000080001a0    0x132d8
                0x00000000080001a0                . = ALIGN (0x4)
 *(.text)
 .text          0x00000000080001a0       0x40 c:/st/stm32cubeide_1.10.1/stm32cubeide/plugins/com.st.stm32cube.ide.mcu.externaltools.gnu-tools-for-stm32.10.3-2021.10.win32_1.0.0.202111181127/tools/bin/../lib/gcc/arm-none-eabi/10.3.1/thumb/v7e-m+fp/hard/crtbegin.o
 .text          0x00000000080001e0       0x10 c:/st/stm32cubeide_1.10.1/stm32cubeide/plugins/com.st.stm32cube.ide.mcu.externaltools.gnu-tools-for-stm32.10.3-2021.10.win32_1.0.0.202111181127/tools/bin/../lib/gcc/arm-none-eabi/10.3.1/../../../../arm-none-eabi/lib/thumb/v7e-m+fp/hard\libc_nano.a(lib_a-strlen.o)
                0x00000000080001e0                strlen
 .text          0x00000000080001f0       0xa0 c:/st/stm32cubeide_1.10.1/stm32cubeide/plugins/com.st.stm32cube.ide.mcu.externaltools.gnu-tools-for-stm32.10.3-2021.10.win32_1.0.0.202111181127/tools/bin/../lib/gcc/arm-none-eabi/10.3.1/../../../../arm-none-eabi/lib/thumb/v7e-m+fp/hard\libc_nano.a(lib_a-memchr.o)
                0x00000000080001f0                memchr
 .text          0x0000000008000290      0x378 c:/st/stm32cubeide_1.10.1/stm32cubeide/plugins/com.st.stm32cube.ide.mcu.externaltools.gnu-tools-for-stm32.10.3-2021.10.win32_1.0.0.202111181127/tools/bin/../lib/gcc/arm-none-eabi/10.3.1/thumb/v7e-m+fp/hard\libgcc.a(_arm_addsubdf3.o)
                0x0000000008000290                __aeabi_drsub
                0x0000000008000298                __aeabi_dsub
                0x0000000008000298                __subdf3
                0x000000000800029c                __aeabi_dadd
                0x000000000800029c                __adddf3
                0x0000000008000514                __floatunsidf
                0x0000000008000514                __aeabi_ui2d
                0x0000000008000534                __floatsidf
                0x0000000008000534                __aeabi_i2d
                0x0000000008000558                __aeabi_f2d
                0x0000000008000558                __extendsfdf2
                0x000000000800059c                __floatundidf
                0x000000000800059c                __aeabi_ul2d
                0x00000000080005ac                __floatdidf
                0x00000000080005ac                __aeabi_l2d
 .text          0x0000000008000608      0x424 c:/st/stm32cubeide_1.10.1/stm32cubeide/plugins/com.st.stm32cube.ide.mcu.externaltools.gnu-tools-for-stm32.10.3-2021.10.win32_1.0.0.202111181127/tools/bin/../lib/gcc/arm-none-eabi/10.3.1/thumb/v7e-m+fp/hard\libgcc.a(_arm_muldivdf3.o)
                0x0000000008000608                __aeabi_dmul
                0x0000000008000608                __muldf3
                0x000000000800085c                __divdf3
                0x000000000800085c                __aeabi_ddiv
 .text          0x0000000008000a2c      0x110 c:/st/stm32cubeide_1.10.1/stm32cubeide/plugins/com.st.stm32cube.ide.mcu.externaltools.gnu-tools-for-stm32.10.3-2021.10.win32_1.0.0.202111181127/tools/bin/../lib/gcc/arm-none-eabi/10.3.1/thumb/v7e-m+fp/hard\libgcc.a(_arm_cmpdf2.o)
                0x0000000008000a2c                __gtdf2
                0x0000000008000a2c                __gedf2
                0x0000000008000a34                __ltdf2
                0x0000000008000a34                __ledf2
                0x0000000008000a3c                __nedf2
                0x0000000008000a3c                __eqdf2
                0x0000000008000a3c                __cmpdf2
                0x0000000008000ab8                __aeabi_cdrcmple
                0x0000000008000ac8                __aeabi_cdcmpeq
                0x0000000008000ac8                __aeabi_cdcmple
                0x0000000008000ad8                __aeabi_dcmpeq
                0x0000000008000aec                __aeabi_dcmplt
                0x0000000008000b00                __aeabi_dcmple
                0x0000000008000b14                __aeabi_dcmpge
                0x0000000008000b28                __aeabi_dcmpgt
 .text          0x0000000008000b3c       0x2c c:/st/stm32cubeide_1.10.1/stm32cubeide/plugins/com.st.stm32cube.ide.mcu.externaltools.gnu-tools-for-stm32.10.3-2021.10.win32_1.0.0.202111181127/tools/bin/../lib/gcc/arm-none-eabi/10.3.1/thumb/v7e-m+fp/hard\libgcc.a(_arm_unorddf2.o)
                0x0000000008000b3c                __unorddf2
                0x0000000008000b3c                __aeabi_dcmpun
 .text          0x0000000008000b68       0x50 c:/st/stm32cubeide_1.10.1/stm32cubeide/plugins/com.st.stm32cube.ide.mcu.externaltools.gnu-tools-for-stm32.10.3-2021.10.win32_1.0.0.202111181127/tools/bin/../lib/gcc/arm-none-eabi/10.3.1/thumb/v7e-m+fp/hard\libgcc.a(_arm_fixdfsi.o)
                0x0000000008000b68                __aeabi_d2iz
                0x0000000008000b68                __fixdfsi
 .text          0x0000000008000bb8       0x40 c:/st/stm32cubeide_1.10.1/stm32cubeide/plugins/com.st.stm32cube.ide.mcu.externaltools.gnu-tools-for-stm32.10.3-2021.10.win32_1.0.0.202111181127/tools/bin/../lib/gcc/arm-none-eabi/10.3.1/thumb/v7e-m+fp/hard\libgcc.a(_arm_fixunsdfsi.o)
                0x0000000008000bb8                __aeabi_d2uiz
                0x0000000008000bb8                __fixunsdfsi
 *(.text*)
 .text.GMG12864_logo_demonstration
                0x0000000008000bf8      0x114 ./Core/Src/GMG12864_lib.o
                0x0000000008000bf8                GMG12864_logo_demonstration
 .text.GMG12864_Send_command
                0x0000000008000d0c       0x44 ./Core/Src/GMG12864_lib.o
 .text.GMG12864_Send_data
                0x0000000008000d50       0x34 ./Core/Src/GMG12864_lib.o
 .text.GMG12864_Clean_Frame_buffer
                0x0000000008000d84       0x18 ./Core/Src/GMG12864_lib.o
                0x0000000008000d84                GMG12864_Clean_Frame_buffer
 .text.GMG12864_Init
                0x0000000008000d9c       0x9e ./Core/Src/GMG12864_lib.o
                0x0000000008000d9c                GMG12864_Init
 *fill*         0x0000000008000e3a        0x2 
 .text.GMG12864_Draw_pixel
                0x0000000008000e3c       0xe4 ./Core/Src/GMG12864_lib.o
                0x0000000008000e3c                GMG12864_Draw_pixel
 .text.GMG12864_Update
                0x0000000008000f20       0x80 ./Core/Src/GMG12864_lib.o
                0x0000000008000f20                GMG12864_Update
 .text.GMG12864_Print_symbol_5x7
                0x0000000008000fa0      0x154 ./Core/Src/GMG12864_lib.o
                0x0000000008000fa0                GMG12864_Print_symbol_5x7
 .text.GMG12864_Print_symbol_3x5
                0x00000000080010f4      0x154 ./Core/Src/GMG12864_lib.o
                0x00000000080010f4                GMG12864_Print_symbol_3x5
 .text.GMG12864_Decode_UTF8
                0x0000000008001248      0x344 ./Core/Src/GMG12864_lib.o
                0x0000000008001248                GMG12864_Decode_UTF8
 .text.Read16   0x000000000800158c       0x44 ./Core/Src/INA219_lib.o
                0x000000000800158c                Read16
 .text.Write16  0x00000000080015d0       0x48 ./Core/Src/INA219_lib.o
                0x00000000080015d0                Write16
 .text.INA219_ReadBusVoltage
                0x0000000008001618       0x26 ./Core/Src/INA219_lib.o
                0x0000000008001618                INA219_ReadBusVoltage
 .text.INA219_ReadCurrent_raw
                0x000000000800163e       0x20 ./Core/Src/INA219_lib.o
                0x000000000800163e                INA219_ReadCurrent_raw
 *fill*         0x000000000800165e        0x2 
 .text.INA219_ReadCurrent
                0x0000000008001660       0x4c ./Core/Src/INA219_lib.o
                0x0000000008001660                INA219_ReadCurrent
 *fill*         0x00000000080016ac        0x4 
 .text.INA219_ReadShuntVoltage
                0x00000000080016b0       0x48 ./Core/Src/INA219_lib.o
                0x00000000080016b0                INA219_ReadShuntVoltage
 .text.INA219_Read_Power
                0x00000000080016f8       0x4c ./Core/Src/INA219_lib.o
                0x00000000080016f8                INA219_Read_Power
 .text.INA219_Reset
                0x0000000008001744       0x22 ./Core/Src/INA219_lib.o
                0x0000000008001744                INA219_Reset
 .text.INA219_setCalibration
                0x0000000008001766       0x20 ./Core/Src/INA219_lib.o
                0x0000000008001766                INA219_setCalibration
 .text.INA219_setConfig
                0x0000000008001786       0x20 ./Core/Src/INA219_lib.o
                0x0000000008001786                INA219_setConfig
 *fill*         0x00000000080017a6        0x2 
 .text.INA219_setCalibration_32V_2A
                0x00000000080017a8       0x54 ./Core/Src/INA219_lib.o
                0x00000000080017a8                INA219_setCalibration_32V_2A
 .text.INA219_Init
                0x00000000080017fc       0x68 ./Core/Src/INA219_lib.o
                0x00000000080017fc                INA219_Init
 .text.SMA_FILTER_Get_Value
                0x0000000008001864       0x7a ./Core/Src/SMA_filter_lib.o
                0x0000000008001864                SMA_FILTER_Get_Value
 .text.SELECT   0x00000000080018de       0x14 ./Core/Src/fatfs_sd.o
 .text.DESELECT
                0x00000000080018f2       0x14 ./Core/Src/fatfs_sd.o
 *fill*         0x0000000008001906        0x2 
 .text.SPI_TxByte
                0x0000000008001908       0x34 ./Core/Src/fatfs_sd.o
 .text.SPI_RxByte
                0x000000000800193c       0x3c ./Core/Src/fatfs_sd.o
 .text.SPI_RxBytePtr
                0x0000000008001978       0x1c ./Core/Src/fatfs_sd.o
 .text.SD_ReadyWait
                0x0000000008001994       0x38 ./Core/Src/fatfs_sd.o
 .text.SD_PowerOn
                0x00000000080019cc       0x98 ./Core/Src/fatfs_sd.o
 .text.SD_PowerOff
                0x0000000008001a64       0x18 ./Core/Src/fatfs_sd.o
 .text.SD_CheckPower
                0x0000000008001a7c       0x18 ./Core/Src/fatfs_sd.o
 .text.SD_RxDataBlock
                0x0000000008001a94       0x6c ./Core/Src/fatfs_sd.o
 .text.SD_TxDataBlock
                0x0000000008001b00       0xa8 ./Core/Src/fatfs_sd.o
 .text.SD_SendCmd
                0x0000000008001ba8       0xa4 ./Core/Src/fatfs_sd.o
 .text.SD_disk_initialize
                0x0000000008001c4c      0x1d4 ./Core/Src/fatfs_sd.o
                0x0000000008001c4c                SD_disk_initialize
 .text.SD_disk_status
                0x0000000008001e20       0x2c ./Core/Src/fatfs_sd.o
                0x0000000008001e20                SD_disk_status
 .text.SD_disk_read
                0x0000000008001e4c       0xd4 ./Core/Src/fatfs_sd.o
                0x0000000008001e4c                SD_disk_read
 .text.SD_disk_write
                0x0000000008001f20      0x108 ./Core/Src/fatfs_sd.o
                0x0000000008001f20                SD_disk_write
 .text.SD_disk_ioctl
                0x0000000008002028      0x264 ./Core/Src/fatfs_sd.o
                0x0000000008002028                SD_disk_ioctl
 .text.main     0x000000000800228c      0x1ac ./Core/Src/main.o
                0x000000000800228c                main
 .text.SystemClock_Config
                0x0000000008002438       0xd8 ./Core/Src/main.o
                0x0000000008002438                SystemClock_Config
 .text.MX_ADC1_Init
                0x0000000008002510       0xe0 ./Core/Src/main.o
 .text.MX_I2C1_Init
                0x00000000080025f0       0x80 ./Core/Src/main.o
 .text.MX_I2C2_Init
                0x0000000008002670       0x80 ./Core/Src/main.o
 .text.MX_SPI1_Init
                0x00000000080026f0       0x7c ./Core/Src/main.o
 .text.MX_SPI2_Init
                0x000000000800276c       0x7c ./Core/Src/main.o
 .text.MX_TIM3_Init
                0x00000000080027e8      0x104 ./Core/Src/main.o
 .text.MX_TIM6_Init
                0x00000000080028ec       0x6c ./Core/Src/main.o
 .text.MX_TIM7_Init
                0x0000000008002958       0x70 ./Core/Src/main.o
 .text.MX_USART2_UART_Init
                0x00000000080029c8       0x60 ./Core/Src/main.o
 .text.MX_DMA_Init
                0x0000000008002a28       0x3c ./Core/Src/main.o
 .text.MX_GPIO_Init
                0x0000000008002a64      0x148 ./Core/Src/main.o
 .text.manual_mode_func
                0x0000000008002bac       0xcc ./Core/Src/main.o
                0x0000000008002bac                manual_mode_func
 .text.automatik_mode
                0x0000000008002c78      0x124 ./Core/Src/main.o
                0x0000000008002c78                automatik_mode
 .text.get_param_from_ina219
                0x0000000008002d9c       0x84 ./Core/Src/main.o
                0x0000000008002d9c                get_param_from_ina219
 .text.HAL_GPIO_EXTI_Callback
                0x0000000008002e20      0x5f4 ./Core/Src/main.o
                0x0000000008002e20                HAL_GPIO_EXTI_Callback
 .text.mode_change_func
                0x0000000008003414       0x50 ./Core/Src/main.o
                0x0000000008003414                mode_change_func
 .text.button_mode_func
                0x0000000008003464       0x30 ./Core/Src/main.o
                0x0000000008003464                button_mode_func
 .text.button_mode_led_delay
                0x0000000008003494       0xbc ./Core/Src/main.o
                0x0000000008003494                button_mode_led_delay
 .text.read_state_of_relays
                0x0000000008003550       0x94 ./Core/Src/main.o
                0x0000000008003550                read_state_of_relays
 .text.print_gmg12864_level_1
                0x00000000080035e4      0x118 ./Core/Src/main.o
                0x00000000080035e4                print_gmg12864_level_1
 .text.GMG12864_first_line_level_1
                0x00000000080036fc       0x48 ./Core/Src/main.o
                0x00000000080036fc                GMG12864_first_line_level_1
 .text.GMG12864_second_line_level_1
                0x0000000008003744       0x50 ./Core/Src/main.o
                0x0000000008003744                GMG12864_second_line_level_1
 .text.GMG12864_third_line_level_1
                0x0000000008003794       0x48 ./Core/Src/main.o
                0x0000000008003794                GMG12864_third_line_level_1
 .text.GMG12864_fourth_line_level_1
                0x00000000080037dc       0x48 ./Core/Src/main.o
                0x00000000080037dc                GMG12864_fourth_line_level_1
 .text.GMG12864_fifth_line_level_1
                0x0000000008003824       0x48 ./Core/Src/main.o
                0x0000000008003824                GMG12864_fifth_line_level_1
 .text.GMG12864_sixth_line_level_1
                0x000000000800386c       0x5c ./Core/Src/main.o
                0x000000000800386c                GMG12864_sixth_line_level_1
 .text.GMG12864_first_line_level_2
                0x00000000080038c8       0x3c ./Core/Src/main.o
                0x00000000080038c8                GMG12864_first_line_level_2
 .text.GMG12864_second_line_level_2
                0x0000000008003904       0x48 ./Core/Src/main.o
                0x0000000008003904                GMG12864_second_line_level_2
 .text.GMG12864_third_line_level_2
                0x000000000800394c       0x48 ./Core/Src/main.o
                0x000000000800394c                GMG12864_third_line_level_2
 .text.GMG12864_fourth_line_level_2
                0x0000000008003994       0x48 ./Core/Src/main.o
                0x0000000008003994                GMG12864_fourth_line_level_2
 .text.GMG12864_fifth_line_level_2
                0x00000000080039dc       0x48 ./Core/Src/main.o
                0x00000000080039dc                GMG12864_fifth_line_level_2
 .text.GMG12864_sixth_line_level_2
                0x0000000008003a24       0x5c ./Core/Src/main.o
                0x0000000008003a24                GMG12864_sixth_line_level_2
 .text.GMG12864_first_line_level_3
                0x0000000008003a80       0x3c ./Core/Src/main.o
                0x0000000008003a80                GMG12864_first_line_level_3
 .text.GMG12864_second_line_level_3
                0x0000000008003abc       0x5c ./Core/Src/main.o
                0x0000000008003abc                GMG12864_second_line_level_3
 .text.GMG12864_third_line_level_3
                0x0000000008003b18       0x50 ./Core/Src/main.o
                0x0000000008003b18                GMG12864_third_line_level_3
 .text.GMG12864_fourth_line_level_3
                0x0000000008003b68       0x48 ./Core/Src/main.o
                0x0000000008003b68                GMG12864_fourth_line_level_3
 .text.GMG12864_fifth_line_level_3
                0x0000000008003bb0       0x48 ./Core/Src/main.o
                0x0000000008003bb0                GMG12864_fifth_line_level_3
 .text.GMG12864_sixth_line_level_3
                0x0000000008003bf8       0x48 ./Core/Src/main.o
                0x0000000008003bf8                GMG12864_sixth_line_level_3
 .text.sd_card_write
                0x0000000008003c40      0x158 ./Core/Src/main.o
                0x0000000008003c40                sd_card_write
 .text.ds3231_get_time_and_temp
                0x0000000008003d98       0x30 ./Core/Src/main.o
                0x0000000008003d98                ds3231_get_time_and_temp
 .text.get_current_ASC712
                0x0000000008003dc8      0x120 ./Core/Src/main.o
                0x0000000008003dc8                get_current_ASC712
 .text.tim7_start
                0x0000000008003ee8       0x14 ./Core/Src/main.o
                0x0000000008003ee8                tim7_start
 .text.tim7_stop
                0x0000000008003efc       0x1c ./Core/Src/main.o
                0x0000000008003efc                tim7_stop
 .text.get_capacity_of_battery
                0x0000000008003f18       0x78 ./Core/Src/main.o
                0x0000000008003f18                get_capacity_of_battery
 .text.start_capacity_timer
                0x0000000008003f90       0x28 ./Core/Src/main.o
                0x0000000008003f90                start_capacity_timer
 .text.stop_capacity_timer
                0x0000000008003fb8       0x18 ./Core/Src/main.o
                0x0000000008003fb8                stop_capacity_timer
 .text.Error_Handler
                0x0000000008003fd0        0xa ./Core/Src/main.o
                0x0000000008003fd0                Error_Handler
 *fill*         0x0000000008003fda        0x2 
 .text.max_ds3231_get_time
                0x0000000008003fdc      0x14c ./Core/Src/max_ds3231_lib.o
                0x0000000008003fdc                max_ds3231_get_time
 .text.max_ds3231_get_temperature
                0x0000000008004128       0xc8 ./Core/Src/max_ds3231_lib.o
                0x0000000008004128                max_ds3231_get_temperature
 .text.HAL_MspInit
                0x00000000080041f0       0x48 ./Core/Src/stm32f3xx_hal_msp.o
                0x00000000080041f0                HAL_MspInit
 .text.HAL_ADC_MspInit
                0x0000000008004238       0xd4 ./Core/Src/stm32f3xx_hal_msp.o
                0x0000000008004238                HAL_ADC_MspInit
 .text.HAL_I2C_MspInit
                0x000000000800430c      0x148 ./Core/Src/stm32f3xx_hal_msp.o
                0x000000000800430c                HAL_I2C_MspInit
 .text.HAL_SPI_MspInit
                0x0000000008004454      0x144 ./Core/Src/stm32f3xx_hal_msp.o
                0x0000000008004454                HAL_SPI_MspInit
 .text.HAL_TIM_Base_MspInit
                0x0000000008004598       0xac ./Core/Src/stm32f3xx_hal_msp.o
                0x0000000008004598                HAL_TIM_Base_MspInit
 .text.HAL_TIM_MspPostInit
                0x0000000008004644       0x70 ./Core/Src/stm32f3xx_hal_msp.o
                0x0000000008004644                HAL_TIM_MspPostInit
 .text.HAL_UART_MspInit
                0x00000000080046b4       0x84 ./Core/Src/stm32f3xx_hal_msp.o
                0x00000000080046b4                HAL_UART_MspInit
 .text.SDTimer_Handler
                0x0000000008004738       0x48 ./Core/Src/stm32f3xx_it.o
                0x0000000008004738                SDTimer_Handler
 .text.NMI_Handler
                0x0000000008004780        0x6 ./Core/Src/stm32f3xx_it.o
                0x0000000008004780                NMI_Handler
 .text.HardFault_Handler
                0x0000000008004786        0x6 ./Core/Src/stm32f3xx_it.o
                0x0000000008004786                HardFault_Handler
 .text.MemManage_Handler
                0x000000000800478c        0x6 ./Core/Src/stm32f3xx_it.o
                0x000000000800478c                MemManage_Handler
 .text.BusFault_Handler
                0x0000000008004792        0x6 ./Core/Src/stm32f3xx_it.o
                0x0000000008004792                BusFault_Handler
 .text.UsageFault_Handler
                0x0000000008004798        0x6 ./Core/Src/stm32f3xx_it.o
                0x0000000008004798                UsageFault_Handler
 .text.SVC_Handler
                0x000000000800479e        0xe ./Core/Src/stm32f3xx_it.o
                0x000000000800479e                SVC_Handler
 .text.DebugMon_Handler
                0x00000000080047ac        0xe ./Core/Src/stm32f3xx_it.o
                0x00000000080047ac                DebugMon_Handler
 .text.PendSV_Handler
                0x00000000080047ba        0xe ./Core/Src/stm32f3xx_it.o
                0x00000000080047ba                PendSV_Handler
 .text.SysTick_Handler
                0x00000000080047c8       0x34 ./Core/Src/stm32f3xx_it.o
                0x00000000080047c8                SysTick_Handler
 .text.DMA1_Channel1_IRQHandler
                0x00000000080047fc       0x80 ./Core/Src/stm32f3xx_it.o
                0x00000000080047fc                DMA1_Channel1_IRQHandler
 .text.EXTI9_5_IRQHandler
                0x000000000800487c       0x18 ./Core/Src/stm32f3xx_it.o
                0x000000000800487c                EXTI9_5_IRQHandler
 .text.I2C2_EV_IRQHandler
                0x0000000008004894       0x14 ./Core/Src/stm32f3xx_it.o
                0x0000000008004894                I2C2_EV_IRQHandler
 .text.I2C2_ER_IRQHandler
                0x00000000080048a8       0x14 ./Core/Src/stm32f3xx_it.o
                0x00000000080048a8                I2C2_ER_IRQHandler
 .text.SPI1_IRQHandler
                0x00000000080048bc       0x1c ./Core/Src/stm32f3xx_it.o
                0x00000000080048bc                SPI1_IRQHandler
 .text.SPI2_IRQHandler
                0x00000000080048d8       0x1c ./Core/Src/stm32f3xx_it.o
                0x00000000080048d8                SPI2_IRQHandler
 .text.EXTI15_10_IRQHandler
                0x00000000080048f4       0x10 ./Core/Src/stm32f3xx_it.o
                0x00000000080048f4                EXTI15_10_IRQHandler
 .text.TIM6_DAC_IRQHandler
                0x0000000008004904       0x30 ./Core/Src/stm32f3xx_it.o
                0x0000000008004904                TIM6_DAC_IRQHandler
 .text.TIM7_IRQHandler
                0x0000000008004934       0x24 ./Core/Src/stm32f3xx_it.o
                0x0000000008004934                TIM7_IRQHandler
 .text._getpid  0x0000000008004958       0x10 ./Core/Src/syscalls.o
                0x0000000008004958                _getpid
 .text._kill    0x0000000008004968       0x20 ./Core/Src/syscalls.o
                0x0000000008004968                _kill
 .text._exit    0x0000000008004988       0x14 ./Core/Src/syscalls.o
                0x0000000008004988                _exit
 .text._read    0x000000000800499c       0x3a ./Core/Src/syscalls.o
                0x000000000800499c                _read
 .text._write   0x00000000080049d6       0x38 ./Core/Src/syscalls.o
                0x00000000080049d6                _write
 .text._close   0x0000000008004a0e       0x18 ./Core/Src/syscalls.o
                0x0000000008004a0e                _close
 .text._fstat   0x0000000008004a26       0x20 ./Core/Src/syscalls.o
                0x0000000008004a26                _fstat
 .text._isatty  0x0000000008004a46       0x16 ./Core/Src/syscalls.o
                0x0000000008004a46                _isatty
 .text._lseek   0x0000000008004a5c       0x1a ./Core/Src/syscalls.o
                0x0000000008004a5c                _lseek
 *fill*         0x0000000008004a76        0x2 
 .text._sbrk    0x0000000008004a78       0x6c ./Core/Src/sysmem.o
                0x0000000008004a78                _sbrk
 .text.SystemInit
                0x0000000008004ae4       0x24 ./Core/Src/system_stm32f3xx.o
                0x0000000008004ae4                SystemInit
 .text.Reset_Handler
                0x0000000008004b08       0x50 ./Core/Startup/startup_stm32f303retx.o
                0x0000000008004b08                Reset_Handler
 .text.Default_Handler
                0x0000000008004b58        0x2 ./Core/Startup/startup_stm32f303retx.o
                0x0000000008004b58                RTC_Alarm_IRQHandler
                0x0000000008004b58                TIM8_TRG_COM_IRQHandler
                0x0000000008004b58                TIM8_CC_IRQHandler
                0x0000000008004b58                SPI4_IRQHandler
                0x0000000008004b58                TIM1_CC_IRQHandler
                0x0000000008004b58                USB_HP_IRQHandler
                0x0000000008004b58                PVD_IRQHandler
                0x0000000008004b58                TAMP_STAMP_IRQHandler
                0x0000000008004b58                EXTI3_IRQHandler
                0x0000000008004b58                I2C3_ER_IRQHandler
                0x0000000008004b58                USB_HP_CAN_TX_IRQHandler
                0x0000000008004b58                EXTI0_IRQHandler
                0x0000000008004b58                FPU_IRQHandler
                0x0000000008004b58                TIM1_UP_TIM16_IRQHandler
                0x0000000008004b58                ADC1_2_IRQHandler
                0x0000000008004b58                CAN_SCE_IRQHandler
                0x0000000008004b58                TIM8_UP_IRQHandler
                0x0000000008004b58                DMA2_Channel2_IRQHandler
                0x0000000008004b58                DMA1_Channel4_IRQHandler
                0x0000000008004b58                TIM20_TRG_COM_IRQHandler
                0x0000000008004b58                USART3_IRQHandler
                0x0000000008004b58                DMA1_Channel7_IRQHandler
                0x0000000008004b58                UART5_IRQHandler
                0x0000000008004b58                ADC3_IRQHandler
                0x0000000008004b58                TIM4_IRQHandler
                0x0000000008004b58                CAN_RX1_IRQHandler
                0x0000000008004b58                DMA2_Channel1_IRQHandler
                0x0000000008004b58                I2C1_EV_IRQHandler
                0x0000000008004b58                DMA1_Channel6_IRQHandler
                0x0000000008004b58                UART4_IRQHandler
                0x0000000008004b58                DMA2_Channel4_IRQHandler
                0x0000000008004b58                TIM3_IRQHandler
                0x0000000008004b58                RCC_IRQHandler
                0x0000000008004b58                TIM20_UP_IRQHandler
                0x0000000008004b58                Default_Handler
                0x0000000008004b58                USBWakeUp_RMP_IRQHandler
                0x0000000008004b58                I2C3_EV_IRQHandler
                0x0000000008004b58                RTC_WKUP_IRQHandler
                0x0000000008004b58                USB_LP_CAN_RX0_IRQHandler
                0x0000000008004b58                DMA2_Channel5_IRQHandler
                0x0000000008004b58                DMA1_Channel5_IRQHandler
                0x0000000008004b58                USB_LP_IRQHandler
                0x0000000008004b58                EXTI4_IRQHandler
                0x0000000008004b58                TIM1_TRG_COM_TIM17_IRQHandler
                0x0000000008004b58                DMA1_Channel3_IRQHandler
                0x0000000008004b58                ADC4_IRQHandler
                0x0000000008004b58                WWDG_IRQHandler
                0x0000000008004b58                TIM2_IRQHandler
                0x0000000008004b58                COMP7_IRQHandler
                0x0000000008004b58                COMP1_2_3_IRQHandler
                0x0000000008004b58                EXTI1_IRQHandler
                0x0000000008004b58                USART2_IRQHandler
                0x0000000008004b58                COMP4_5_6_IRQHandler
                0x0000000008004b58                TIM20_BRK_IRQHandler
                0x0000000008004b58                DMA1_Channel2_IRQHandler
                0x0000000008004b58                TIM8_BRK_IRQHandler
                0x0000000008004b58                FLASH_IRQHandler
                0x0000000008004b58                TIM20_CC_IRQHandler
                0x0000000008004b58                USART1_IRQHandler
                0x0000000008004b58                SPI3_IRQHandler
                0x0000000008004b58                I2C1_ER_IRQHandler
                0x0000000008004b58                FMC_IRQHandler
                0x0000000008004b58                USBWakeUp_IRQHandler
                0x0000000008004b58                DMA2_Channel3_IRQHandler
                0x0000000008004b58                EXTI2_TSC_IRQHandler
                0x0000000008004b58                TIM1_BRK_TIM15_IRQHandler
 *fill*         0x0000000008004b5a        0x2 
 .text.HAL_Init
                0x0000000008004b5c       0x2c ./Drivers/STM32F3xx_HAL_Driver/Src/stm32f3xx_hal.o
                0x0000000008004b5c                HAL_Init
 .text.HAL_InitTick
                0x0000000008004b88       0x60 ./Drivers/STM32F3xx_HAL_Driver/Src/stm32f3xx_hal.o
                0x0000000008004b88                HAL_InitTick
 .text.HAL_IncTick
                0x0000000008004be8       0x28 ./Drivers/STM32F3xx_HAL_Driver/Src/stm32f3xx_hal.o
                0x0000000008004be8                HAL_IncTick
 .text.HAL_GetTick
                0x0000000008004c10       0x18 ./Drivers/STM32F3xx_HAL_Driver/Src/stm32f3xx_hal.o
                0x0000000008004c10                HAL_GetTick
 .text.HAL_Delay
                0x0000000008004c28       0x48 ./Drivers/STM32F3xx_HAL_Driver/Src/stm32f3xx_hal.o
                0x0000000008004c28                HAL_Delay
 .text.HAL_ADC_ConvCpltCallback
                0x0000000008004c70       0x14 ./Drivers/STM32F3xx_HAL_Driver/Src/stm32f3xx_hal_adc.o
                0x0000000008004c70                HAL_ADC_ConvCpltCallback
 .text.HAL_ADC_ConvHalfCpltCallback
                0x0000000008004c84       0x14 ./Drivers/STM32F3xx_HAL_Driver/Src/stm32f3xx_hal_adc.o
                0x0000000008004c84                HAL_ADC_ConvHalfCpltCallback
 .text.HAL_ADC_ErrorCallback
                0x0000000008004c98       0x14 ./Drivers/STM32F3xx_HAL_Driver/Src/stm32f3xx_hal_adc.o
                0x0000000008004c98                HAL_ADC_ErrorCallback
 .text.HAL_ADC_Init
                0x0000000008004cac      0x3f4 ./Drivers/STM32F3xx_HAL_Driver/Src/stm32f3xx_hal_adc_ex.o
                0x0000000008004cac                HAL_ADC_Init
 .text.HAL_ADC_Start_DMA
                0x00000000080050a0      0x238 ./Drivers/STM32F3xx_HAL_Driver/Src/stm32f3xx_hal_adc_ex.o
                0x00000000080050a0                HAL_ADC_Start_DMA
 .text.HAL_ADC_ConfigChannel
                0x00000000080052d8      0x5d8 ./Drivers/STM32F3xx_HAL_Driver/Src/stm32f3xx_hal_adc_ex.o
                0x00000000080052d8                HAL_ADC_ConfigChannel
 .text.HAL_ADCEx_MultiModeConfigChannel
                0x00000000080058b0      0x1e4 ./Drivers/STM32F3xx_HAL_Driver/Src/stm32f3xx_hal_adc_ex.o
                0x00000000080058b0                HAL_ADCEx_MultiModeConfigChannel
 .text.ADC_DMAConvCplt
                0x0000000008005a94       0x7a ./Drivers/STM32F3xx_HAL_Driver/Src/stm32f3xx_hal_adc_ex.o
 .text.ADC_DMAHalfConvCplt
                0x0000000008005b0e       0x1c ./Drivers/STM32F3xx_HAL_Driver/Src/stm32f3xx_hal_adc_ex.o
 .text.ADC_DMAError
                0x0000000008005b2a       0x34 ./Drivers/STM32F3xx_HAL_Driver/Src/stm32f3xx_hal_adc_ex.o
 *fill*         0x0000000008005b5e        0x2 
 .text.ADC_Enable
                0x0000000008005b60       0xc8 ./Drivers/STM32F3xx_HAL_Driver/Src/stm32f3xx_hal_adc_ex.o
 .text.ADC_Disable
                0x0000000008005c28       0xcc ./Drivers/STM32F3xx_HAL_Driver/Src/stm32f3xx_hal_adc_ex.o
 .text.__NVIC_SetPriorityGrouping
                0x0000000008005cf4       0x48 ./Drivers/STM32F3xx_HAL_Driver/Src/stm32f3xx_hal_cortex.o
 .text.__NVIC_GetPriorityGrouping
                0x0000000008005d3c       0x1c ./Drivers/STM32F3xx_HAL_Driver/Src/stm32f3xx_hal_cortex.o
 .text.__NVIC_EnableIRQ
                0x0000000008005d58       0x3c ./Drivers/STM32F3xx_HAL_Driver/Src/stm32f3xx_hal_cortex.o
 .text.__NVIC_SetPriority
                0x0000000008005d94       0x54 ./Drivers/STM32F3xx_HAL_Driver/Src/stm32f3xx_hal_cortex.o
 .text.NVIC_EncodePriority
                0x0000000008005de8       0x66 ./Drivers/STM32F3xx_HAL_Driver/Src/stm32f3xx_hal_cortex.o
 *fill*         0x0000000008005e4e        0x2 
 .text.SysTick_Config
                0x0000000008005e50       0x44 ./Drivers/STM32F3xx_HAL_Driver/Src/stm32f3xx_hal_cortex.o
 .text.HAL_NVIC_SetPriorityGrouping
                0x0000000008005e94       0x16 ./Drivers/STM32F3xx_HAL_Driver/Src/stm32f3xx_hal_cortex.o
                0x0000000008005e94                HAL_NVIC_SetPriorityGrouping
 .text.HAL_NVIC_SetPriority
                0x0000000008005eaa       0x38 ./Drivers/STM32F3xx_HAL_Driver/Src/stm32f3xx_hal_cortex.o
                0x0000000008005eaa                HAL_NVIC_SetPriority
 .text.HAL_NVIC_EnableIRQ
                0x0000000008005ee2       0x1c ./Drivers/STM32F3xx_HAL_Driver/Src/stm32f3xx_hal_cortex.o
                0x0000000008005ee2                HAL_NVIC_EnableIRQ
 .text.HAL_SYSTICK_Config
                0x0000000008005efe       0x18 ./Drivers/STM32F3xx_HAL_Driver/Src/stm32f3xx_hal_cortex.o
                0x0000000008005efe                HAL_SYSTICK_Config
 .text.HAL_DMA_Init
                0x0000000008005f16       0x8e ./Drivers/STM32F3xx_HAL_Driver/Src/stm32f3xx_hal_dma.o
                0x0000000008005f16                HAL_DMA_Init
 .text.HAL_DMA_Start_IT
                0x0000000008005fa4       0xbe ./Drivers/STM32F3xx_HAL_Driver/Src/stm32f3xx_hal_dma.o
                0x0000000008005fa4                HAL_DMA_Start_IT
 .text.HAL_DMA_Abort_IT
                0x0000000008006062       0x7c ./Drivers/STM32F3xx_HAL_Driver/Src/stm32f3xx_hal_dma.o
                0x0000000008006062                HAL_DMA_Abort_IT
 .text.HAL_DMA_IRQHandler
                0x00000000080060de      0x146 ./Drivers/STM32F3xx_HAL_Driver/Src/stm32f3xx_hal_dma.o
                0x00000000080060de                HAL_DMA_IRQHandler
 .text.HAL_DMA_GetState
                0x0000000008006224       0x1a ./Drivers/STM32F3xx_HAL_Driver/Src/stm32f3xx_hal_dma.o
                0x0000000008006224                HAL_DMA_GetState
 .text.DMA_SetConfig
                0x000000000800623e       0x5c ./Drivers/STM32F3xx_HAL_Driver/Src/stm32f3xx_hal_dma.o
 *fill*         0x000000000800629a        0x2 
 .text.DMA_CalcBaseAndBitshift
                0x000000000800629c       0x78 ./Drivers/STM32F3xx_HAL_Driver/Src/stm32f3xx_hal_dma.o
 .text.HAL_GPIO_Init
                0x0000000008006314      0x314 ./Drivers/STM32F3xx_HAL_Driver/Src/stm32f3xx_hal_gpio.o
                0x0000000008006314                HAL_GPIO_Init
 .text.HAL_GPIO_WritePin
                0x0000000008006628       0x30 ./Drivers/STM32F3xx_HAL_Driver/Src/stm32f3xx_hal_gpio.o
                0x0000000008006628                HAL_GPIO_WritePin
 .text.HAL_GPIO_EXTI_IRQHandler
                0x0000000008006658       0x30 ./Drivers/STM32F3xx_HAL_Driver/Src/stm32f3xx_hal_gpio.o
                0x0000000008006658                HAL_GPIO_EXTI_IRQHandler
 .text.HAL_I2C_Init
                0x0000000008006688      0x11e ./Drivers/STM32F3xx_HAL_Driver/Src/stm32f3xx_hal_i2c.o
                0x0000000008006688                HAL_I2C_Init
 *fill*         0x00000000080067a6        0x2 
 .text.HAL_I2C_Master_Transmit
                0x00000000080067a8      0x1e8 ./Drivers/STM32F3xx_HAL_Driver/Src/stm32f3xx_hal_i2c.o
                0x00000000080067a8                HAL_I2C_Master_Transmit
 .text.HAL_I2C_Master_Receive
                0x0000000008006990      0x1ec ./Drivers/STM32F3xx_HAL_Driver/Src/stm32f3xx_hal_i2c.o
                0x0000000008006990                HAL_I2C_Master_Receive
 .text.HAL_I2C_Mem_Write
                0x0000000008006b7c      0x228 ./Drivers/STM32F3xx_HAL_Driver/Src/stm32f3xx_hal_i2c.o
                0x0000000008006b7c                HAL_I2C_Mem_Write
 .text.HAL_I2C_Mem_Read
                0x0000000008006da4      0x234 ./Drivers/STM32F3xx_HAL_Driver/Src/stm32f3xx_hal_i2c.o
                0x0000000008006da4                HAL_I2C_Mem_Read
 .text.HAL_I2C_IsDeviceReady
                0x0000000008006fd8      0x20e ./Drivers/STM32F3xx_HAL_Driver/Src/stm32f3xx_hal_i2c.o
                0x0000000008006fd8                HAL_I2C_IsDeviceReady
 .text.HAL_I2C_EV_IRQHandler
                0x00000000080071e6       0x34 ./Drivers/STM32F3xx_HAL_Driver/Src/stm32f3xx_hal_i2c.o
                0x00000000080071e6                HAL_I2C_EV_IRQHandler
 .text.HAL_I2C_ER_IRQHandler
                0x000000000800721a       0xc2 ./Drivers/STM32F3xx_HAL_Driver/Src/stm32f3xx_hal_i2c.o
                0x000000000800721a                HAL_I2C_ER_IRQHandler
 .text.HAL_I2C_SlaveTxCpltCallback
                0x00000000080072dc       0x14 ./Drivers/STM32F3xx_HAL_Driver/Src/stm32f3xx_hal_i2c.o
                0x00000000080072dc                HAL_I2C_SlaveTxCpltCallback
 .text.HAL_I2C_SlaveRxCpltCallback
                0x00000000080072f0       0x14 ./Drivers/STM32F3xx_HAL_Driver/Src/stm32f3xx_hal_i2c.o
                0x00000000080072f0                HAL_I2C_SlaveRxCpltCallback
 .text.HAL_I2C_AddrCallback
                0x0000000008007304       0x1c ./Drivers/STM32F3xx_HAL_Driver/Src/stm32f3xx_hal_i2c.o
                0x0000000008007304                HAL_I2C_AddrCallback
 .text.HAL_I2C_ListenCpltCallback
                0x0000000008007320       0x14 ./Drivers/STM32F3xx_HAL_Driver/Src/stm32f3xx_hal_i2c.o
                0x0000000008007320                HAL_I2C_ListenCpltCallback
 .text.HAL_I2C_ErrorCallback
                0x0000000008007334       0x14 ./Drivers/STM32F3xx_HAL_Driver/Src/stm32f3xx_hal_i2c.o
                0x0000000008007334                HAL_I2C_ErrorCallback
 .text.HAL_I2C_AbortCpltCallback
                0x0000000008007348       0x14 ./Drivers/STM32F3xx_HAL_Driver/Src/stm32f3xx_hal_i2c.o
                0x0000000008007348                HAL_I2C_AbortCpltCallback
 .text.I2C_Slave_ISR_IT
                0x000000000800735c      0x206 ./Drivers/STM32F3xx_HAL_Driver/Src/stm32f3xx_hal_i2c.o
 *fill*         0x0000000008007562        0x2 
 .text.I2C_RequestMemoryWrite
                0x0000000008007564       0xa8 ./Drivers/STM32F3xx_HAL_Driver/Src/stm32f3xx_hal_i2c.o
 .text.I2C_RequestMemoryRead
                0x000000000800760c       0xa8 ./Drivers/STM32F3xx_HAL_Driver/Src/stm32f3xx_hal_i2c.o
 .text.I2C_ITAddrCplt
                0x00000000080076b4      0x108 ./Drivers/STM32F3xx_HAL_Driver/Src/stm32f3xx_hal_i2c.o
 .text.I2C_ITSlaveSeqCplt
                0x00000000080077bc       0xbc ./Drivers/STM32F3xx_HAL_Driver/Src/stm32f3xx_hal_i2c.o
 .text.I2C_ITSlaveCplt
                0x0000000008007878      0x214 ./Drivers/STM32F3xx_HAL_Driver/Src/stm32f3xx_hal_i2c.o
 .text.I2C_ITListenCplt
                0x0000000008007a8c       0xac ./Drivers/STM32F3xx_HAL_Driver/Src/stm32f3xx_hal_i2c.o
 .text.I2C_ITError
                0x0000000008007b38      0x1a0 ./Drivers/STM32F3xx_HAL_Driver/Src/stm32f3xx_hal_i2c.o
 .text.I2C_TreatErrorCallback
                0x0000000008007cd8       0x4e ./Drivers/STM32F3xx_HAL_Driver/Src/stm32f3xx_hal_i2c.o
 .text.I2C_Flush_TXDR
                0x0000000008007d26       0x48 ./Drivers/STM32F3xx_HAL_Driver/Src/stm32f3xx_hal_i2c.o
 .text.I2C_DMAAbort
                0x0000000008007d6e       0x3c ./Drivers/STM32F3xx_HAL_Driver/Src/stm32f3xx_hal_i2c.o
 .text.I2C_WaitOnFlagUntilTimeout
                0x0000000008007daa       0x80 ./Drivers/STM32F3xx_HAL_Driver/Src/stm32f3xx_hal_i2c.o
 .text.I2C_WaitOnTXISFlagUntilTimeout
                0x0000000008007e2a       0x80 ./Drivers/STM32F3xx_HAL_Driver/Src/stm32f3xx_hal_i2c.o
 .text.I2C_WaitOnSTOPFlagUntilTimeout
                0x0000000008007eaa       0x78 ./Drivers/STM32F3xx_HAL_Driver/Src/stm32f3xx_hal_i2c.o
 *fill*         0x0000000008007f22        0x2 
 .text.I2C_WaitOnRXNEFlagUntilTimeout
                0x0000000008007f24       0xd8 ./Drivers/STM32F3xx_HAL_Driver/Src/stm32f3xx_hal_i2c.o
 .text.I2C_IsAcknowledgeFailed
                0x0000000008007ffc       0xec ./Drivers/STM32F3xx_HAL_Driver/Src/stm32f3xx_hal_i2c.o
 .text.I2C_TransferConfig
                0x00000000080080e8       0x5c ./Drivers/STM32F3xx_HAL_Driver/Src/stm32f3xx_hal_i2c.o
 .text.I2C_Disable_IRQ
                0x0000000008008144       0xbc ./Drivers/STM32F3xx_HAL_Driver/Src/stm32f3xx_hal_i2c.o
 .text.HAL_I2CEx_ConfigAnalogFilter
                0x0000000008008200       0x96 ./Drivers/STM32F3xx_HAL_Driver/Src/stm32f3xx_hal_i2c_ex.o
                0x0000000008008200                HAL_I2CEx_ConfigAnalogFilter
 .text.HAL_I2CEx_ConfigDigitalFilter
                0x0000000008008296       0x98 ./Drivers/STM32F3xx_HAL_Driver/Src/stm32f3xx_hal_i2c_ex.o
                0x0000000008008296                HAL_I2CEx_ConfigDigitalFilter
 *fill*         0x000000000800832e        0x2 
 .text.HAL_RCC_OscConfig
                0x0000000008008330     0x10a8 ./Drivers/STM32F3xx_HAL_Driver/Src/stm32f3xx_hal_rcc.o
                0x0000000008008330                HAL_RCC_OscConfig
 .text.HAL_RCC_ClockConfig
                0x00000000080093d8      0x2f8 ./Drivers/STM32F3xx_HAL_Driver/Src/stm32f3xx_hal_rcc.o
                0x00000000080093d8                HAL_RCC_ClockConfig
 .text.HAL_RCC_GetSysClockFreq
                0x00000000080096d0       0xd4 ./Drivers/STM32F3xx_HAL_Driver/Src/stm32f3xx_hal_rcc.o
                0x00000000080096d0                HAL_RCC_GetSysClockFreq
 .text.HAL_RCC_GetHCLKFreq
                0x00000000080097a4       0x18 ./Drivers/STM32F3xx_HAL_Driver/Src/stm32f3xx_hal_rcc.o
                0x00000000080097a4                HAL_RCC_GetHCLKFreq
 .text.HAL_RCC_GetPCLK1Freq
                0x00000000080097bc       0x44 ./Drivers/STM32F3xx_HAL_Driver/Src/stm32f3xx_hal_rcc.o
                0x00000000080097bc                HAL_RCC_GetPCLK1Freq
 .text.HAL_RCC_GetPCLK2Freq
                0x0000000008009800       0x44 ./Drivers/STM32F3xx_HAL_Driver/Src/stm32f3xx_hal_rcc.o
                0x0000000008009800                HAL_RCC_GetPCLK2Freq
 .text.HAL_RCCEx_PeriphCLKConfig
                0x0000000008009844      0x43c ./Drivers/STM32F3xx_HAL_Driver/Src/stm32f3xx_hal_rcc_ex.o
                0x0000000008009844                HAL_RCCEx_PeriphCLKConfig
 .text.HAL_SPI_Init
                0x0000000008009c80      0x156 ./Drivers/STM32F3xx_HAL_Driver/Src/stm32f3xx_hal_spi.o
                0x0000000008009c80                HAL_SPI_Init
 .text.HAL_SPI_Transmit
                0x0000000008009dd6      0x2dc ./Drivers/STM32F3xx_HAL_Driver/Src/stm32f3xx_hal_spi.o
                0x0000000008009dd6                HAL_SPI_Transmit
 .text.HAL_SPI_TransmitReceive
                0x000000000800a0b2      0x426 ./Drivers/STM32F3xx_HAL_Driver/Src/stm32f3xx_hal_spi.o
                0x000000000800a0b2                HAL_SPI_TransmitReceive
 .text.HAL_SPI_IRQHandler
                0x000000000800a4d8      0x200 ./Drivers/STM32F3xx_HAL_Driver/Src/stm32f3xx_hal_spi.o
                0x000000000800a4d8                HAL_SPI_IRQHandler
 .text.HAL_SPI_ErrorCallback
                0x000000000800a6d8       0x14 ./Drivers/STM32F3xx_HAL_Driver/Src/stm32f3xx_hal_spi.o
                0x000000000800a6d8                HAL_SPI_ErrorCallback
 .text.HAL_SPI_GetState
                0x000000000800a6ec       0x1c ./Drivers/STM32F3xx_HAL_Driver/Src/stm32f3xx_hal_spi.o
                0x000000000800a6ec                HAL_SPI_GetState
 .text.SPI_DMAAbortOnError
                0x000000000800a708       0x2a ./Drivers/STM32F3xx_HAL_Driver/Src/stm32f3xx_hal_spi.o
 *fill*         0x000000000800a732        0x2 
 .text.SPI_WaitFlagStateUntilTimeout
                0x000000000800a734      0x110 ./Drivers/STM32F3xx_HAL_Driver/Src/stm32f3xx_hal_spi.o
 .text.SPI_WaitFifoStateUntilTimeout
                0x000000000800a844      0x12c ./Drivers/STM32F3xx_HAL_Driver/Src/stm32f3xx_hal_spi.o
 .text.SPI_EndRxTxTransaction
                0x000000000800a970       0x8c ./Drivers/STM32F3xx_HAL_Driver/Src/stm32f3xx_hal_spi.o
 .text.HAL_TIM_Base_Init
                0x000000000800a9fc       0xae ./Drivers/STM32F3xx_HAL_Driver/Src/stm32f3xx_hal_tim.o
                0x000000000800a9fc                HAL_TIM_Base_Init
 *fill*         0x000000000800aaaa        0x2 
 .text.HAL_TIM_Base_Start_IT
                0x000000000800aaac       0xe0 ./Drivers/STM32F3xx_HAL_Driver/Src/stm32f3xx_hal_tim.o
                0x000000000800aaac                HAL_TIM_Base_Start_IT
 .text.HAL_TIM_Base_Stop_IT
                0x000000000800ab8c       0x5e ./Drivers/STM32F3xx_HAL_Driver/Src/stm32f3xx_hal_tim.o
                0x000000000800ab8c                HAL_TIM_Base_Stop_IT
 .text.HAL_TIM_PWM_Init
                0x000000000800abea       0xae ./Drivers/STM32F3xx_HAL_Driver/Src/stm32f3xx_hal_tim.o
                0x000000000800abea                HAL_TIM_PWM_Init
 .text.HAL_TIM_PWM_MspInit
                0x000000000800ac98       0x14 ./Drivers/STM32F3xx_HAL_Driver/Src/stm32f3xx_hal_tim.o
                0x000000000800ac98                HAL_TIM_PWM_MspInit
 .text.HAL_TIM_PWM_Start
                0x000000000800acac      0x218 ./Drivers/STM32F3xx_HAL_Driver/Src/stm32f3xx_hal_tim.o
                0x000000000800acac                HAL_TIM_PWM_Start
 .text.HAL_TIM_IRQHandler
                0x000000000800aec4      0x23e ./Drivers/STM32F3xx_HAL_Driver/Src/stm32f3xx_hal_tim.o
                0x000000000800aec4                HAL_TIM_IRQHandler
 *fill*         0x000000000800b102        0x2 
 .text.HAL_TIM_PWM_ConfigChannel
                0x000000000800b104      0x228 ./Drivers/STM32F3xx_HAL_Driver/Src/stm32f3xx_hal_tim.o
                0x000000000800b104                HAL_TIM_PWM_ConfigChannel
 .text.HAL_TIM_ConfigClockSource
                0x000000000800b32c      0x192 ./Drivers/STM32F3xx_HAL_Driver/Src/stm32f3xx_hal_tim.o
                0x000000000800b32c                HAL_TIM_ConfigClockSource
 .text.HAL_TIM_PeriodElapsedCallback
                0x000000000800b4be       0x14 ./Drivers/STM32F3xx_HAL_Driver/Src/stm32f3xx_hal_tim.o
                0x000000000800b4be                HAL_TIM_PeriodElapsedCallback
 .text.HAL_TIM_OC_DelayElapsedCallback
                0x000000000800b4d2       0x14 ./Drivers/STM32F3xx_HAL_Driver/Src/stm32f3xx_hal_tim.o
                0x000000000800b4d2                HAL_TIM_OC_DelayElapsedCallback
 .text.HAL_TIM_IC_CaptureCallback
                0x000000000800b4e6       0x14 ./Drivers/STM32F3xx_HAL_Driver/Src/stm32f3xx_hal_tim.o
                0x000000000800b4e6                HAL_TIM_IC_CaptureCallback
 .text.HAL_TIM_PWM_PulseFinishedCallback
                0x000000000800b4fa       0x14 ./Drivers/STM32F3xx_HAL_Driver/Src/stm32f3xx_hal_tim.o
                0x000000000800b4fa                HAL_TIM_PWM_PulseFinishedCallback
 .text.HAL_TIM_TriggerCallback
                0x000000000800b50e       0x14 ./Drivers/STM32F3xx_HAL_Driver/Src/stm32f3xx_hal_tim.o
                0x000000000800b50e                HAL_TIM_TriggerCallback
 *fill*         0x000000000800b522        0x2 
 .text.TIM_Base_SetConfig
                0x000000000800b524      0x13c ./Drivers/STM32F3xx_HAL_Driver/Src/stm32f3xx_hal_tim.o
                0x000000000800b524                TIM_Base_SetConfig
 .text.TIM_OC1_SetConfig
                0x000000000800b660      0x134 ./Drivers/STM32F3xx_HAL_Driver/Src/stm32f3xx_hal_tim.o
 .text.TIM_OC2_SetConfig
                0x000000000800b794      0x128 ./Drivers/STM32F3xx_HAL_Driver/Src/stm32f3xx_hal_tim.o
                0x000000000800b794                TIM_OC2_SetConfig
 .text.TIM_OC3_SetConfig
                0x000000000800b8bc      0x124 ./Drivers/STM32F3xx_HAL_Driver/Src/stm32f3xx_hal_tim.o
 .text.TIM_OC4_SetConfig
                0x000000000800b9e0       0xe0 ./Drivers/STM32F3xx_HAL_Driver/Src/stm32f3xx_hal_tim.o
 .text.TIM_OC5_SetConfig
                0x000000000800bac0       0xd4 ./Drivers/STM32F3xx_HAL_Driver/Src/stm32f3xx_hal_tim.o
 .text.TIM_OC6_SetConfig
                0x000000000800bb94       0xd8 ./Drivers/STM32F3xx_HAL_Driver/Src/stm32f3xx_hal_tim.o
 .text.TIM_TI1_ConfigInputStage
                0x000000000800bc6c       0x5e ./Drivers/STM32F3xx_HAL_Driver/Src/stm32f3xx_hal_tim.o
 .text.TIM_TI2_ConfigInputStage
                0x000000000800bcca       0x60 ./Drivers/STM32F3xx_HAL_Driver/Src/stm32f3xx_hal_tim.o
 .text.TIM_ITRx_SetConfig
                0x000000000800bd2a       0x36 ./Drivers/STM32F3xx_HAL_Driver/Src/stm32f3xx_hal_tim.o
 .text.TIM_ETR_SetConfig
                0x000000000800bd60       0x40 ./Drivers/STM32F3xx_HAL_Driver/Src/stm32f3xx_hal_tim.o
                0x000000000800bd60                TIM_ETR_SetConfig
 .text.TIM_CCxChannelCmd
                0x000000000800bda0       0x4a ./Drivers/STM32F3xx_HAL_Driver/Src/stm32f3xx_hal_tim.o
                0x000000000800bda0                TIM_CCxChannelCmd
 *fill*         0x000000000800bdea        0x2 
 .text.HAL_TIMEx_MasterConfigSynchronization
                0x000000000800bdec      0x118 ./Drivers/STM32F3xx_HAL_Driver/Src/stm32f3xx_hal_tim_ex.o
                0x000000000800bdec                HAL_TIMEx_MasterConfigSynchronization
 .text.HAL_TIMEx_CommutCallback
                0x000000000800bf04       0x14 ./Drivers/STM32F3xx_HAL_Driver/Src/stm32f3xx_hal_tim_ex.o
                0x000000000800bf04                HAL_TIMEx_CommutCallback
 .text.HAL_TIMEx_BreakCallback
                0x000000000800bf18       0x14 ./Drivers/STM32F3xx_HAL_Driver/Src/stm32f3xx_hal_tim_ex.o
                0x000000000800bf18                HAL_TIMEx_BreakCallback
 .text.HAL_TIMEx_Break2Callback
                0x000000000800bf2c       0x14 ./Drivers/STM32F3xx_HAL_Driver/Src/stm32f3xx_hal_tim_ex.o
                0x000000000800bf2c                HAL_TIMEx_Break2Callback
 .text.HAL_UART_Init
                0x000000000800bf40       0x9c ./Drivers/STM32F3xx_HAL_Driver/Src/stm32f3xx_hal_uart.o
                0x000000000800bf40                HAL_UART_Init
 .text.UART_SetConfig
                0x000000000800bfdc      0x3ac ./Drivers/STM32F3xx_HAL_Driver/Src/stm32f3xx_hal_uart.o
                0x000000000800bfdc                UART_SetConfig
 .text.UART_AdvFeatureConfig
                0x000000000800c388      0x144 ./Drivers/STM32F3xx_HAL_Driver/Src/stm32f3xx_hal_uart.o
                0x000000000800c388                UART_AdvFeatureConfig
 .text.UART_CheckIdleState
                0x000000000800c4cc       0x92 ./Drivers/STM32F3xx_HAL_Driver/Src/stm32f3xx_hal_uart.o
                0x000000000800c4cc                UART_CheckIdleState
 .text.UART_WaitOnFlagUntilTimeout
                0x000000000800c55e      0x188 ./Drivers/STM32F3xx_HAL_Driver/Src/stm32f3xx_hal_uart.o
                0x000000000800c55e                UART_WaitOnFlagUntilTimeout
 *fill*         0x000000000800c6e6        0x2 
 .text.MX_FATFS_Init
                0x000000000800c6e8       0x24 ./FATFS/App/fatfs.o
                0x000000000800c6e8                MX_FATFS_Init
 .text.get_fattime
                0x000000000800c70c       0x10 ./FATFS/App/fatfs.o
                0x000000000800c70c                get_fattime
 .text.USER_initialize
                0x000000000800c71c       0x1e ./FATFS/Target/user_diskio.o
                0x000000000800c71c                USER_initialize
 .text.USER_status
                0x000000000800c73a       0x1e ./FATFS/Target/user_diskio.o
                0x000000000800c73a                USER_status
 .text.USER_read
                0x000000000800c758       0x28 ./FATFS/Target/user_diskio.o
                0x000000000800c758                USER_read
 .text.USER_write
                0x000000000800c780       0x28 ./FATFS/Target/user_diskio.o
                0x000000000800c780                USER_write
 .text.USER_ioctl
                0x000000000800c7a8       0x28 ./FATFS/Target/user_diskio.o
                0x000000000800c7a8                USER_ioctl
 .text.disk_status
                0x000000000800c7d0       0x34 ./Middlewares/Third_Party/FatFs/src/diskio.o
                0x000000000800c7d0                disk_status
 .text.disk_initialize
                0x000000000800c804       0x4c ./Middlewares/Third_Party/FatFs/src/diskio.o
                0x000000000800c804                disk_initialize
 .text.disk_read
                0x000000000800c850       0x40 ./Middlewares/Third_Party/FatFs/src/diskio.o
                0x000000000800c850                disk_read
 .text.disk_write
                0x000000000800c890       0x40 ./Middlewares/Third_Party/FatFs/src/diskio.o
                0x000000000800c890                disk_write
 .text.disk_ioctl
                0x000000000800c8d0       0x3c ./Middlewares/Third_Party/FatFs/src/diskio.o
                0x000000000800c8d0                disk_ioctl
 .text.mem_cpy  0x000000000800c90c       0x3e ./Middlewares/Third_Party/FatFs/src/ff.o
 .text.mem_set  0x000000000800c94a       0x36 ./Middlewares/Third_Party/FatFs/src/ff.o
 .text.mem_cmp  0x000000000800c980       0x4e ./Middlewares/Third_Party/FatFs/src/ff.o
 .text.chk_chr  0x000000000800c9ce       0x36 ./Middlewares/Third_Party/FatFs/src/ff.o
 .text.chk_lock
                0x000000000800ca04       0xe0 ./Middlewares/Third_Party/FatFs/src/ff.o
 .text.enq_lock
                0x000000000800cae4       0x48 ./Middlewares/Third_Party/FatFs/src/ff.o
 .text.inc_lock
                0x000000000800cb2c      0x17c ./Middlewares/Third_Party/FatFs/src/ff.o
 .text.dec_lock
                0x000000000800cca8       0x88 ./Middlewares/Third_Party/FatFs/src/ff.o
 .text.clear_lock
                0x000000000800cd30       0x54 ./Middlewares/Third_Party/FatFs/src/ff.o
 .text.sync_window
                0x000000000800cd84       0xa4 ./Middlewares/Third_Party/FatFs/src/ff.o
 .text.move_window
                0x000000000800ce28       0x64 ./Middlewares/Third_Party/FatFs/src/ff.o
 .text.sync_fs  0x000000000800ce8c      0x17e ./Middlewares/Third_Party/FatFs/src/ff.o
 .text.clust2sect
                0x000000000800d00a       0x4a ./Middlewares/Third_Party/FatFs/src/ff.o
                0x000000000800d00a                clust2sect
 .text.get_fat  0x000000000800d054      0x1f8 ./Middlewares/Third_Party/FatFs/src/ff.o
                0x000000000800d054                get_fat
 .text.put_fat  0x000000000800d24c      0x2a6 ./Middlewares/Third_Party/FatFs/src/ff.o
                0x000000000800d24c                put_fat
 .text.remove_chain
                0x000000000800d4f2       0xc2 ./Middlewares/Third_Party/FatFs/src/ff.o
 .text.create_chain
                0x000000000800d5b4      0x150 ./Middlewares/Third_Party/FatFs/src/ff.o
 .text.clmt_clust
                0x000000000800d704       0x82 ./Middlewares/Third_Party/FatFs/src/ff.o
 .text.dir_sdi  0x000000000800d786      0x19c ./Middlewares/Third_Party/FatFs/src/ff.o
 .text.dir_next
                0x000000000800d922      0x294 ./Middlewares/Third_Party/FatFs/src/ff.o
 .text.dir_alloc
                0x000000000800dbb6       0x9c ./Middlewares/Third_Party/FatFs/src/ff.o
 .text.ld_clust
                0x000000000800dc52       0x5e ./Middlewares/Third_Party/FatFs/src/ff.o
 .text.st_clust
                0x000000000800dcb0       0x4e ./Middlewares/Third_Party/FatFs/src/ff.o
 *fill*         0x000000000800dcfe        0x2 
 .text.cmp_lfn  0x000000000800dd00       0xdc ./Middlewares/Third_Party/FatFs/src/ff.o
 .text.fit_lfn  0x000000000800dddc       0xec ./Middlewares/Third_Party/FatFs/src/ff.o
 .text.gen_numname
                0x000000000800dec8      0x11c ./Middlewares/Third_Party/FatFs/src/ff.o
 .text.sum_sfn  0x000000000800dfe4       0x42 ./Middlewares/Third_Party/FatFs/src/ff.o
 .text.dir_find
                0x000000000800e026      0x198 ./Middlewares/Third_Party/FatFs/src/ff.o
 *fill*         0x000000000800e1be        0x2 
 .text.dir_register
                0x000000000800e1c0      0x248 ./Middlewares/Third_Party/FatFs/src/ff.o
 .text.create_name
                0x000000000800e408      0x37c ./Middlewares/Third_Party/FatFs/src/ff.o
 .text.follow_path
                0x000000000800e784       0xec ./Middlewares/Third_Party/FatFs/src/ff.o
 .text.get_ldnumber
                0x000000000800e870       0x88 ./Middlewares/Third_Party/FatFs/src/ff.o
 .text.check_fs
                0x000000000800e8f8       0xdc ./Middlewares/Third_Party/FatFs/src/ff.o
 .text.find_volume
                0x000000000800e9d4      0x664 ./Middlewares/Third_Party/FatFs/src/ff.o
 .text.validate
                0x000000000800f038       0x76 ./Middlewares/Third_Party/FatFs/src/ff.o
 *fill*         0x000000000800f0ae        0x2 
 .text.f_mount  0x000000000800f0b0       0x94 ./Middlewares/Third_Party/FatFs/src/ff.o
                0x000000000800f0b0                f_mount
 .text.f_open   0x000000000800f144      0x630 ./Middlewares/Third_Party/FatFs/src/ff.o
                0x000000000800f144                f_open
 .text.f_write  0x000000000800f774      0x472 ./Middlewares/Third_Party/FatFs/src/ff.o
                0x000000000800f774                f_write
 .text.f_sync   0x000000000800fbe6      0x19c ./Middlewares/Third_Party/FatFs/src/ff.o
                0x000000000800fbe6                f_sync
 .text.f_close  0x000000000800fd82       0x56 ./Middlewares/Third_Party/FatFs/src/ff.o
                0x000000000800fd82                f_close
 .text.f_lseek  0x000000000800fdd8      0x5e2 ./Middlewares/Third_Party/FatFs/src/ff.o
                0x000000000800fdd8                f_lseek
 .text.putc_bfd
                0x00000000080103ba       0x7a ./Middlewares/Third_Party/FatFs/src/ff.o
 .text.f_puts   0x0000000008010434       0x72 ./Middlewares/Third_Party/FatFs/src/ff.o
                0x0000000008010434                f_puts
 *fill*         0x00000000080104a6        0x2 
 .text.FATFS_LinkDriverEx
                0x00000000080104a8       0x98 ./Middlewares/Third_Party/FatFs/src/ff_gen_drv.o
                0x00000000080104a8                FATFS_LinkDriverEx
 .text.FATFS_LinkDriver
                0x0000000008010540       0x1e ./Middlewares/Third_Party/FatFs/src/ff_gen_drv.o
                0x0000000008010540                FATFS_LinkDriver
 *fill*         0x000000000801055e        0x2 
 .text.ff_convert
                0x0000000008010560       0x78 ./Middlewares/Third_Party/FatFs/src/option/ccsbcs.o
                0x0000000008010560                ff_convert
 .text.ff_wtoupper
                0x00000000080105d8       0x5c ./Middlewares/Third_Party/FatFs/src/option/ccsbcs.o
                0x00000000080105d8                ff_wtoupper
 .text.__errno  0x0000000008010634        0xc c:/st/stm32cubeide_1.10.1/stm32cubeide/plugins/com.st.stm32cube.ide.mcu.externaltools.gnu-tools-for-stm32.10.3-2021.10.win32_1.0.0.202111181127/tools/bin/../lib/gcc/arm-none-eabi/10.3.1/../../../../arm-none-eabi/lib/thumb/v7e-m+fp/hard\libc_nano.a(lib_a-errno.o)
                0x0000000008010634                __errno
 .text.__libc_init_array
                0x0000000008010640       0x48 c:/st/stm32cubeide_1.10.1/stm32cubeide/plugins/com.st.stm32cube.ide.mcu.externaltools.gnu-tools-for-stm32.10.3-2021.10.win32_1.0.0.202111181127/tools/bin/../lib/gcc/arm-none-eabi/10.3.1/../../../../arm-none-eabi/lib/thumb/v7e-m+fp/hard\libc_nano.a(lib_a-init.o)
                0x0000000008010640                __libc_init_array
 .text.memset   0x0000000008010688       0x10 c:/st/stm32cubeide_1.10.1/stm32cubeide/plugins/com.st.stm32cube.ide.mcu.externaltools.gnu-tools-for-stm32.10.3-2021.10.win32_1.0.0.202111181127/tools/bin/../lib/gcc/arm-none-eabi/10.3.1/../../../../arm-none-eabi/lib/thumb/v7e-m+fp/hard\libc_nano.a(lib_a-memset.o)
                0x0000000008010688                memset
 .text.__cvt    0x0000000008010698       0xc4 c:/st/stm32cubeide_1.10.1/stm32cubeide/plugins/com.st.stm32cube.ide.mcu.externaltools.gnu-tools-for-stm32.10.3-2021.10.win32_1.0.0.202111181127/tools/bin/../lib/gcc/arm-none-eabi/10.3.1/../../../../arm-none-eabi/lib/thumb/v7e-m+fp/hard\libc_nano.a(lib_a-nano-vfprintf_float.o)
                0x0000000008010698                __cvt
 .text.__exponent
                0x000000000801075c       0x7c c:/st/stm32cubeide_1.10.1/stm32cubeide/plugins/com.st.stm32cube.ide.mcu.externaltools.gnu-tools-for-stm32.10.3-2021.10.win32_1.0.0.202111181127/tools/bin/../lib/gcc/arm-none-eabi/10.3.1/../../../../arm-none-eabi/lib/thumb/v7e-m+fp/hard\libc_nano.a(lib_a-nano-vfprintf_float.o)
                0x000000000801075c                __exponent
 .text._printf_float
                0x00000000080107d8      0x46c c:/st/stm32cubeide_1.10.1/stm32cubeide/plugins/com.st.stm32cube.ide.mcu.externaltools.gnu-tools-for-stm32.10.3-2021.10.win32_1.0.0.202111181127/tools/bin/../lib/gcc/arm-none-eabi/10.3.1/../../../../arm-none-eabi/lib/thumb/v7e-m+fp/hard\libc_nano.a(lib_a-nano-vfprintf_float.o)
                0x00000000080107d8                _printf_float
 .text._printf_common
                0x0000000008010c44       0xda c:/st/stm32cubeide_1.10.1/stm32cubeide/plugins/com.st.stm32cube.ide.mcu.externaltools.gnu-tools-for-stm32.10.3-2021.10.win32_1.0.0.202111181127/tools/bin/../lib/gcc/arm-none-eabi/10.3.1/../../../../arm-none-eabi/lib/thumb/v7e-m+fp/hard\libc_nano.a(lib_a-nano-vfprintf_i.o)
                0x0000000008010c44                _printf_common
 *fill*         0x0000000008010d1e        0x2 
 .text._printf_i
                0x0000000008010d20      0x24c c:/st/stm32cubeide_1.10.1/stm32cubeide/plugins/com.st.stm32cube.ide.mcu.externaltools.gnu-tools-for-stm32.10.3-2021.10.win32_1.0.0.202111181127/tools/bin/../lib/gcc/arm-none-eabi/10.3.1/../../../../arm-none-eabi/lib/thumb/v7e-m+fp/hard\libc_nano.a(lib_a-nano-vfprintf_i.o)
                0x0000000008010d20                _printf_i
 .text.sprintf  0x0000000008010f6c       0x40 c:/st/stm32cubeide_1.10.1/stm32cubeide/plugins/com.st.stm32cube.ide.mcu.externaltools.gnu-tools-for-stm32.10.3-2021.10.win32_1.0.0.202111181127/tools/bin/../lib/gcc/arm-none-eabi/10.3.1/../../../../arm-none-eabi/lib/thumb/v7e-m+fp/hard\libc_nano.a(lib_a-sprintf.o)
                0x0000000008010f6c                siprintf
                0x0000000008010f6c                sprintf
 .text.quorem   0x0000000008010fac      0x116 c:/st/stm32cubeide_1.10.1/stm32cubeide/plugins/com.st.stm32cube.ide.mcu.externaltools.gnu-tools-for-stm32.10.3-2021.10.win32_1.0.0.202111181127/tools/bin/../lib/gcc/arm-none-eabi/10.3.1/../../../../arm-none-eabi/lib/thumb/v7e-m+fp/hard\libc_nano.a(lib_a-dtoa.o)
 *fill*         0x00000000080110c2        0x6 
 .text._dtoa_r  0x00000000080110c8      0xbdc c:/st/stm32cubeide_1.10.1/stm32cubeide/plugins/com.st.stm32cube.ide.mcu.externaltools.gnu-tools-for-stm32.10.3-2021.10.win32_1.0.0.202111181127/tools/bin/../lib/gcc/arm-none-eabi/10.3.1/../../../../arm-none-eabi/lib/thumb/v7e-m+fp/hard\libc_nano.a(lib_a-dtoa.o)
                0x00000000080110c8                _dtoa_r
 .text._localeconv_r
                0x0000000008011ca4        0x8 c:/st/stm32cubeide_1.10.1/stm32cubeide/plugins/com.st.stm32cube.ide.mcu.externaltools.gnu-tools-for-stm32.10.3-2021.10.win32_1.0.0.202111181127/tools/bin/../lib/gcc/arm-none-eabi/10.3.1/../../../../arm-none-eabi/lib/thumb/v7e-m+fp/hard\libc_nano.a(lib_a-localeconv.o)
                0x0000000008011ca4                _localeconv_r
 .text.malloc   0x0000000008011cac       0x10 c:/st/stm32cubeide_1.10.1/stm32cubeide/plugins/com.st.stm32cube.ide.mcu.externaltools.gnu-tools-for-stm32.10.3-2021.10.win32_1.0.0.202111181127/tools/bin/../lib/gcc/arm-none-eabi/10.3.1/../../../../arm-none-eabi/lib/thumb/v7e-m+fp/hard\libc_nano.a(lib_a-malloc.o)
                0x0000000008011cac                malloc
 .text.memcpy   0x0000000008011cbc       0x1c c:/st/stm32cubeide_1.10.1/stm32cubeide/plugins/com.st.stm32cube.ide.mcu.externaltools.gnu-tools-for-stm32.10.3-2021.10.win32_1.0.0.202111181127/tools/bin/../lib/gcc/arm-none-eabi/10.3.1/../../../../arm-none-eabi/lib/thumb/v7e-m+fp/hard\libc_nano.a(lib_a-memcpy-stub.o)
                0x0000000008011cbc                memcpy
 .text._Balloc  0x0000000008011cd8       0x80 c:/st/stm32cubeide_1.10.1/stm32cubeide/plugins/com.st.stm32cube.ide.mcu.externaltools.gnu-tools-for-stm32.10.3-2021.10.win32_1.0.0.202111181127/tools/bin/../lib/gcc/arm-none-eabi/10.3.1/../../../../arm-none-eabi/lib/thumb/v7e-m+fp/hard\libc_nano.a(lib_a-mprec.o)
                0x0000000008011cd8                _Balloc
 .text._Bfree   0x0000000008011d58       0x44 c:/st/stm32cubeide_1.10.1/stm32cubeide/plugins/com.st.stm32cube.ide.mcu.externaltools.gnu-tools-for-stm32.10.3-2021.10.win32_1.0.0.202111181127/tools/bin/../lib/gcc/arm-none-eabi/10.3.1/../../../../arm-none-eabi/lib/thumb/v7e-m+fp/hard\libc_nano.a(lib_a-mprec.o)
                0x0000000008011d58                _Bfree
 .text.__multadd
                0x0000000008011d9c       0x8c c:/st/stm32cubeide_1.10.1/stm32cubeide/plugins/com.st.stm32cube.ide.mcu.externaltools.gnu-tools-for-stm32.10.3-2021.10.win32_1.0.0.202111181127/tools/bin/../lib/gcc/arm-none-eabi/10.3.1/../../../../arm-none-eabi/lib/thumb/v7e-m+fp/hard\libc_nano.a(lib_a-mprec.o)
                0x0000000008011d9c                __multadd
 .text.__hi0bits
                0x0000000008011e28       0x40 c:/st/stm32cubeide_1.10.1/stm32cubeide/plugins/com.st.stm32cube.ide.mcu.externaltools.gnu-tools-for-stm32.10.3-2021.10.win32_1.0.0.202111181127/tools/bin/../lib/gcc/arm-none-eabi/10.3.1/../../../../arm-none-eabi/lib/thumb/v7e-m+fp/hard\libc_nano.a(lib_a-mprec.o)
                0x0000000008011e28                __hi0bits
 .text.__lo0bits
                0x0000000008011e68       0x5e c:/st/stm32cubeide_1.10.1/stm32cubeide/plugins/com.st.stm32cube.ide.mcu.externaltools.gnu-tools-for-stm32.10.3-2021.10.win32_1.0.0.202111181127/tools/bin/../lib/gcc/arm-none-eabi/10.3.1/../../../../arm-none-eabi/lib/thumb/v7e-m+fp/hard\libc_nano.a(lib_a-mprec.o)
                0x0000000008011e68                __lo0bits
 *fill*         0x0000000008011ec6        0x2 
 .text.__i2b    0x0000000008011ec8       0x2c c:/st/stm32cubeide_1.10.1/stm32cubeide/plugins/com.st.stm32cube.ide.mcu.externaltools.gnu-tools-for-stm32.10.3-2021.10.win32_1.0.0.202111181127/tools/bin/../lib/gcc/arm-none-eabi/10.3.1/../../../../arm-none-eabi/lib/thumb/v7e-m+fp/hard\libc_nano.a(lib_a-mprec.o)
                0x0000000008011ec8                __i2b
 .text.__multiply
                0x0000000008011ef4      0x154 c:/st/stm32cubeide_1.10.1/stm32cubeide/plugins/com.st.stm32cube.ide.mcu.externaltools.gnu-tools-for-stm32.10.3-2021.10.win32_1.0.0.202111181127/tools/bin/../lib/gcc/arm-none-eabi/10.3.1/../../../../arm-none-eabi/lib/thumb/v7e-m+fp/hard\libc_nano.a(lib_a-mprec.o)
                0x0000000008011ef4                __multiply
 .text.__pow5mult
                0x0000000008012048       0xb4 c:/st/stm32cubeide_1.10.1/stm32cubeide/plugins/com.st.stm32cube.ide.mcu.externaltools.gnu-tools-for-stm32.10.3-2021.10.win32_1.0.0.202111181127/tools/bin/../lib/gcc/arm-none-eabi/10.3.1/../../../../arm-none-eabi/lib/thumb/v7e-m+fp/hard\libc_nano.a(lib_a-mprec.o)
                0x0000000008012048                __pow5mult
 .text.__lshift
                0x00000000080120fc       0xe0 c:/st/stm32cubeide_1.10.1/stm32cubeide/plugins/com.st.stm32cube.ide.mcu.externaltools.gnu-tools-for-stm32.10.3-2021.10.win32_1.0.0.202111181127/tools/bin/../lib/gcc/arm-none-eabi/10.3.1/../../../../arm-none-eabi/lib/thumb/v7e-m+fp/hard\libc_nano.a(lib_a-mprec.o)
                0x00000000080120fc                __lshift
 .text.__mcmp   0x00000000080121dc       0x38 c:/st/stm32cubeide_1.10.1/stm32cubeide/plugins/com.st.stm32cube.ide.mcu.externaltools.gnu-tools-for-stm32.10.3-2021.10.win32_1.0.0.202111181127/tools/bin/../lib/gcc/arm-none-eabi/10.3.1/../../../../arm-none-eabi/lib/thumb/v7e-m+fp/hard\libc_nano.a(lib_a-mprec.o)
                0x00000000080121dc                __mcmp
 .text.__mdiff  0x0000000008012214      0x114 c:/st/stm32cubeide_1.10.1/stm32cubeide/plugins/com.st.stm32cube.ide.mcu.externaltools.gnu-tools-for-stm32.10.3-2021.10.win32_1.0.0.202111181127/tools/bin/../lib/gcc/arm-none-eabi/10.3.1/../../../../arm-none-eabi/lib/thumb/v7e-m+fp/hard\libc_nano.a(lib_a-mprec.o)
                0x0000000008012214                __mdiff
 .text.__d2b    0x0000000008012328       0xb8 c:/st/stm32cubeide_1.10.1/stm32cubeide/plugins/com.st.stm32cube.ide.mcu.externaltools.gnu-tools-for-stm32.10.3-2021.10.win32_1.0.0.202111181127/tools/bin/../lib/gcc/arm-none-eabi/10.3.1/../../../../arm-none-eabi/lib/thumb/v7e-m+fp/hard\libc_nano.a(lib_a-mprec.o)
                0x0000000008012328                __d2b
 .text._calloc_r
                0x00000000080123e0       0x2c c:/st/stm32cubeide_1.10.1/stm32cubeide/plugins/com.st.stm32cube.ide.mcu.externaltools.gnu-tools-for-stm32.10.3-2021.10.win32_1.0.0.202111181127/tools/bin/../lib/gcc/arm-none-eabi/10.3.1/../../../../arm-none-eabi/lib/thumb/v7e-m+fp/hard\libc_nano.a(lib_a-nano-callocr.o)
                0x00000000080123e0                _calloc_r
 .text._free_r  0x000000000801240c       0x98 c:/st/stm32cubeide_1.10.1/stm32cubeide/plugins/com.st.stm32cube.ide.mcu.externaltools.gnu-tools-for-stm32.10.3-2021.10.win32_1.0.0.202111181127/tools/bin/../lib/gcc/arm-none-eabi/10.3.1/../../../../arm-none-eabi/lib/thumb/v7e-m+fp/hard\libc_nano.a(lib_a-nano-freer.o)
                0x000000000801240c                _free_r
 .text.sbrk_aligned
                0x00000000080124a4       0x40 c:/st/stm32cubeide_1.10.1/stm32cubeide/plugins/com.st.stm32cube.ide.mcu.externaltools.gnu-tools-for-stm32.10.3-2021.10.win32_1.0.0.202111181127/tools/bin/../lib/gcc/arm-none-eabi/10.3.1/../../../../arm-none-eabi/lib/thumb/v7e-m+fp/hard\libc_nano.a(lib_a-nano-mallocr.o)
 .text._malloc_r
                0x00000000080124e4       0xe8 c:/st/stm32cubeide_1.10.1/stm32cubeide/plugins/com.st.stm32cube.ide.mcu.externaltools.gnu-tools-for-stm32.10.3-2021.10.win32_1.0.0.202111181127/tools/bin/../lib/gcc/arm-none-eabi/10.3.1/../../../../arm-none-eabi/lib/thumb/v7e-m+fp/hard\libc_nano.a(lib_a-nano-mallocr.o)
                0x00000000080124e4                _malloc_r
 .text.__ssputs_r
                0x00000000080125cc       0xb6 c:/st/stm32cubeide_1.10.1/stm32cubeide/plugins/com.st.stm32cube.ide.mcu.externaltools.gnu-tools-for-stm32.10.3-2021.10.win32_1.0.0.202111181127/tools/bin/../lib/gcc/arm-none-eabi/10.3.1/../../../../arm-none-eabi/lib/thumb/v7e-m+fp/hard\libc_nano.a(lib_a-nano-svfprintf.o)
                0x00000000080125cc                __ssputs_r
 *fill*         0x0000000008012682        0x2 
 .text._svfprintf_r
                0x0000000008012684      0x200 c:/st/stm32cubeide_1.10.1/stm32cubeide/plugins/com.st.stm32cube.ide.mcu.externaltools.gnu-tools-for-stm32.10.3-2021.10.win32_1.0.0.202111181127/tools/bin/../lib/gcc/arm-none-eabi/10.3.1/../../../../arm-none-eabi/lib/thumb/v7e-m+fp/hard\libc_nano.a(lib_a-nano-svfprintf.o)
                0x0000000008012684                _svfiprintf_r
                0x0000000008012684                _svfprintf_r
 .text._sbrk_r  0x0000000008012884       0x20 c:/st/stm32cubeide_1.10.1/stm32cubeide/plugins/com.st.stm32cube.ide.mcu.externaltools.gnu-tools-for-stm32.10.3-2021.10.win32_1.0.0.202111181127/tools/bin/../lib/gcc/arm-none-eabi/10.3.1/../../../../arm-none-eabi/lib/thumb/v7e-m+fp/hard\libc_nano.a(lib_a-sbrkr.o)
                0x0000000008012884                _sbrk_r
 .text.__assert_func
                0x00000000080128a4       0x3c c:/st/stm32cubeide_1.10.1/stm32cubeide/plugins/com.st.stm32cube.ide.mcu.externaltools.gnu-tools-for-stm32.10.3-2021.10.win32_1.0.0.202111181127/tools/bin/../lib/gcc/arm-none-eabi/10.3.1/../../../../arm-none-eabi/lib/thumb/v7e-m+fp/hard\libc_nano.a(lib_a-assert.o)
                0x00000000080128a4                __assert_func
 .text.fprintf  0x00000000080128e0       0x24 c:/st/stm32cubeide_1.10.1/stm32cubeide/plugins/com.st.stm32cube.ide.mcu.externaltools.gnu-tools-for-stm32.10.3-2021.10.win32_1.0.0.202111181127/tools/bin/../lib/gcc/arm-none-eabi/10.3.1/../../../../arm-none-eabi/lib/thumb/v7e-m+fp/hard\libc_nano.a(lib_a-fprintf.o)
                0x00000000080128e0                fiprintf
                0x00000000080128e0                fprintf
 .text.__ascii_mbtowc
                0x0000000008012904       0x24 c:/st/stm32cubeide_1.10.1/stm32cubeide/plugins/com.st.stm32cube.ide.mcu.externaltools.gnu-tools-for-stm32.10.3-2021.10.win32_1.0.0.202111181127/tools/bin/../lib/gcc/arm-none-eabi/10.3.1/../../../../arm-none-eabi/lib/thumb/v7e-m+fp/hard\libc_nano.a(lib_a-mbtowc_r.o)
                0x0000000008012904                __ascii_mbtowc
 .text.memmove  0x0000000008012928       0x34 c:/st/stm32cubeide_1.10.1/stm32cubeide/plugins/com.st.stm32cube.ide.mcu.externaltools.gnu-tools-for-stm32.10.3-2021.10.win32_1.0.0.202111181127/tools/bin/../lib/gcc/arm-none-eabi/10.3.1/../../../../arm-none-eabi/lib/thumb/v7e-m+fp/hard\libc_nano.a(lib_a-memmove.o)
                0x0000000008012928                memmove
 .text.__malloc_lock
                0x000000000801295c        0xc c:/st/stm32cubeide_1.10.1/stm32cubeide/plugins/com.st.stm32cube.ide.mcu.externaltools.gnu-tools-for-stm32.10.3-2021.10.win32_1.0.0.202111181127/tools/bin/../lib/gcc/arm-none-eabi/10.3.1/../../../../arm-none-eabi/lib/thumb/v7e-m+fp/hard\libc_nano.a(lib_a-mlock.o)
                0x000000000801295c                __malloc_lock
 .text.__malloc_unlock
                0x0000000008012968        0xc c:/st/stm32cubeide_1.10.1/stm32cubeide/plugins/com.st.stm32cube.ide.mcu.externaltools.gnu-tools-for-stm32.10.3-2021.10.win32_1.0.0.202111181127/tools/bin/../lib/gcc/arm-none-eabi/10.3.1/../../../../arm-none-eabi/lib/thumb/v7e-m+fp/hard\libc_nano.a(lib_a-mlock.o)
                0x0000000008012968                __malloc_unlock
 .text._realloc_r
                0x0000000008012974       0x5e c:/st/stm32cubeide_1.10.1/stm32cubeide/plugins/com.st.stm32cube.ide.mcu.externaltools.gnu-tools-for-stm32.10.3-2021.10.win32_1.0.0.202111181127/tools/bin/../lib/gcc/arm-none-eabi/10.3.1/../../../../arm-none-eabi/lib/thumb/v7e-m+fp/hard\libc_nano.a(lib_a-nano-reallocr.o)
                0x0000000008012974                _realloc_r
 .text.__sfputc_r
                0x00000000080129d2       0x2e c:/st/stm32cubeide_1.10.1/stm32cubeide/plugins/com.st.stm32cube.ide.mcu.externaltools.gnu-tools-for-stm32.10.3-2021.10.win32_1.0.0.202111181127/tools/bin/../lib/gcc/arm-none-eabi/10.3.1/../../../../arm-none-eabi/lib/thumb/v7e-m+fp/hard\libc_nano.a(lib_a-nano-vfprintf.o)
 .text.__sfputs_r
                0x0000000008012a00       0x24 c:/st/stm32cubeide_1.10.1/stm32cubeide/plugins/com.st.stm32cube.ide.mcu.externaltools.gnu-tools-for-stm32.10.3-2021.10.win32_1.0.0.202111181127/tools/bin/../lib/gcc/arm-none-eabi/10.3.1/../../../../arm-none-eabi/lib/thumb/v7e-m+fp/hard\libc_nano.a(lib_a-nano-vfprintf.o)
                0x0000000008012a00                __sfputs_r
 .text._vfprintf_r
                0x0000000008012a24      0x260 c:/st/stm32cubeide_1.10.1/stm32cubeide/plugins/com.st.stm32cube.ide.mcu.externaltools.gnu-tools-for-stm32.10.3-2021.10.win32_1.0.0.202111181127/tools/bin/../lib/gcc/arm-none-eabi/10.3.1/../../../../arm-none-eabi/lib/thumb/v7e-m+fp/hard\libc_nano.a(lib_a-nano-vfprintf.o)
                0x0000000008012a24                _vfprintf_r
                0x0000000008012a24                _vfiprintf_r
 .text.__swbuf_r
                0x0000000008012c84       0xa4 c:/st/stm32cubeide_1.10.1/stm32cubeide/plugins/com.st.stm32cube.ide.mcu.externaltools.gnu-tools-for-stm32.10.3-2021.10.win32_1.0.0.202111181127/tools/bin/../lib/gcc/arm-none-eabi/10.3.1/../../../../arm-none-eabi/lib/thumb/v7e-m+fp/hard\libc_nano.a(lib_a-wbuf.o)
                0x0000000008012c84                __swbuf_r
 .text.__ascii_wctomb
                0x0000000008012d28       0x1a c:/st/stm32cubeide_1.10.1/stm32cubeide/plugins/com.st.stm32cube.ide.mcu.externaltools.gnu-tools-for-stm32.10.3-2021.10.win32_1.0.0.202111181127/tools/bin/../lib/gcc/arm-none-eabi/10.3.1/../../../../arm-none-eabi/lib/thumb/v7e-m+fp/hard\libc_nano.a(lib_a-wctomb_r.o)
                0x0000000008012d28                __ascii_wctomb
 *fill*         0x0000000008012d42        0x2 
 .text.__swsetup_r
                0x0000000008012d44       0xdc c:/st/stm32cubeide_1.10.1/stm32cubeide/plugins/com.st.stm32cube.ide.mcu.externaltools.gnu-tools-for-stm32.10.3-2021.10.win32_1.0.0.202111181127/tools/bin/../lib/gcc/arm-none-eabi/10.3.1/../../../../arm-none-eabi/lib/thumb/v7e-m+fp/hard\libc_nano.a(lib_a-wsetup.o)
                0x0000000008012d44                __swsetup_r
 .text.abort    0x0000000008012e20        0xe c:/st/stm32cubeide_1.10.1/stm32cubeide/plugins/com.st.stm32cube.ide.mcu.externaltools.gnu-tools-for-stm32.10.3-2021.10.win32_1.0.0.202111181127/tools/bin/../lib/gcc/arm-none-eabi/10.3.1/../../../../arm-none-eabi/lib/thumb/v7e-m+fp/hard\libc_nano.a(lib_a-abort.o)
                0x0000000008012e20                abort
 *fill*         0x0000000008012e2e        0x2 
 .text.__sflush_r
                0x0000000008012e30      0x10c c:/st/stm32cubeide_1.10.1/stm32cubeide/plugins/com.st.stm32cube.ide.mcu.externaltools.gnu-tools-for-stm32.10.3-2021.10.win32_1.0.0.202111181127/tools/bin/../lib/gcc/arm-none-eabi/10.3.1/../../../../arm-none-eabi/lib/thumb/v7e-m+fp/hard\libc_nano.a(lib_a-fflush.o)
                0x0000000008012e30                __sflush_r
 .text._fflush_r
                0x0000000008012f3c       0x78 c:/st/stm32cubeide_1.10.1/stm32cubeide/plugins/com.st.stm32cube.ide.mcu.externaltools.gnu-tools-for-stm32.10.3-2021.10.win32_1.0.0.202111181127/tools/bin/../lib/gcc/arm-none-eabi/10.3.1/../../../../arm-none-eabi/lib/thumb/v7e-m+fp/hard\libc_nano.a(lib_a-fflush.o)
                0x0000000008012f3c                _fflush_r
 .text.std      0x0000000008012fb4       0x48 c:/st/stm32cubeide_1.10.1/stm32cubeide/plugins/com.st.stm32cube.ide.mcu.externaltools.gnu-tools-for-stm32.10.3-2021.10.win32_1.0.0.202111181127/tools/bin/../lib/gcc/arm-none-eabi/10.3.1/../../../../arm-none-eabi/lib/thumb/v7e-m+fp/hard\libc_nano.a(lib_a-findfp.o)
 .text._cleanup_r
                0x0000000008012ffc        0xc c:/st/stm32cubeide_1.10.1/stm32cubeide/plugins/com.st.stm32cube.ide.mcu.externaltools.gnu-tools-for-stm32.10.3-2021.10.win32_1.0.0.202111181127/tools/bin/../lib/gcc/arm-none-eabi/10.3.1/../../../../arm-none-eabi/lib/thumb/v7e-m+fp/hard\libc_nano.a(lib_a-findfp.o)
                0x0000000008012ffc                _cleanup_r
 .text.__sfmoreglue
                0x0000000008013008       0x2c c:/st/stm32cubeide_1.10.1/stm32cubeide/plugins/com.st.stm32cube.ide.mcu.externaltools.gnu-tools-for-stm32.10.3-2021.10.win32_1.0.0.202111181127/tools/bin/../lib/gcc/arm-none-eabi/10.3.1/../../../../arm-none-eabi/lib/thumb/v7e-m+fp/hard\libc_nano.a(lib_a-findfp.o)
                0x0000000008013008                __sfmoreglue
 .text.__sfp_lock_acquire
                0x0000000008013034        0xc c:/st/stm32cubeide_1.10.1/stm32cubeide/plugins/com.st.stm32cube.ide.mcu.externaltools.gnu-tools-for-stm32.10.3-2021.10.win32_1.0.0.202111181127/tools/bin/../lib/gcc/arm-none-eabi/10.3.1/../../../../arm-none-eabi/lib/thumb/v7e-m+fp/hard\libc_nano.a(lib_a-findfp.o)
                0x0000000008013034                __sfp_lock_acquire
 .text.__sfp_lock_release
                0x0000000008013040        0xc c:/st/stm32cubeide_1.10.1/stm32cubeide/plugins/com.st.stm32cube.ide.mcu.externaltools.gnu-tools-for-stm32.10.3-2021.10.win32_1.0.0.202111181127/tools/bin/../lib/gcc/arm-none-eabi/10.3.1/../../../../arm-none-eabi/lib/thumb/v7e-m+fp/hard\libc_nano.a(lib_a-findfp.o)
                0x0000000008013040                __sfp_lock_release
 .text.__sinit_lock_acquire
                0x000000000801304c        0xc c:/st/stm32cubeide_1.10.1/stm32cubeide/plugins/com.st.stm32cube.ide.mcu.externaltools.gnu-tools-for-stm32.10.3-2021.10.win32_1.0.0.202111181127/tools/bin/../lib/gcc/arm-none-eabi/10.3.1/../../../../arm-none-eabi/lib/thumb/v7e-m+fp/hard\libc_nano.a(lib_a-findfp.o)
                0x000000000801304c                __sinit_lock_acquire
 .text.__sinit_lock_release
                0x0000000008013058        0xc c:/st/stm32cubeide_1.10.1/stm32cubeide/plugins/com.st.stm32cube.ide.mcu.externaltools.gnu-tools-for-stm32.10.3-2021.10.win32_1.0.0.202111181127/tools/bin/../lib/gcc/arm-none-eabi/10.3.1/../../../../arm-none-eabi/lib/thumb/v7e-m+fp/hard\libc_nano.a(lib_a-findfp.o)
                0x0000000008013058                __sinit_lock_release
 .text.__sinit  0x0000000008013064       0x70 c:/st/stm32cubeide_1.10.1/stm32cubeide/plugins/com.st.stm32cube.ide.mcu.externaltools.gnu-tools-for-stm32.10.3-2021.10.win32_1.0.0.202111181127/tools/bin/../lib/gcc/arm-none-eabi/10.3.1/../../../../arm-none-eabi/lib/thumb/v7e-m+fp/hard\libc_nano.a(lib_a-findfp.o)
                0x0000000008013064                __sinit
 .text.__sfp    0x00000000080130d4       0x8c c:/st/stm32cubeide_1.10.1/stm32cubeide/plugins/com.st.stm32cube.ide.mcu.externaltools.gnu-tools-for-stm32.10.3-2021.10.win32_1.0.0.202111181127/tools/bin/../lib/gcc/arm-none-eabi/10.3.1/../../../../arm-none-eabi/lib/thumb/v7e-m+fp/hard\libc_nano.a(lib_a-findfp.o)
                0x00000000080130d4                __sfp
 .text._fwalk_reent
                0x0000000008013160       0x3e c:/st/stm32cubeide_1.10.1/stm32cubeide/plugins/com.st.stm32cube.ide.mcu.externaltools.gnu-tools-for-stm32.10.3-2021.10.win32_1.0.0.202111181127/tools/bin/../lib/gcc/arm-none-eabi/10.3.1/../../../../arm-none-eabi/lib/thumb/v7e-m+fp/hard\libc_nano.a(lib_a-fwalk.o)
                0x0000000008013160                _fwalk_reent
 .text.__retarget_lock_init_recursive
                0x000000000801319e        0x2 c:/st/stm32cubeide_1.10.1/stm32cubeide/plugins/com.st.stm32cube.ide.mcu.externaltools.gnu-tools-for-stm32.10.3-2021.10.win32_1.0.0.202111181127/tools/bin/../lib/gcc/arm-none-eabi/10.3.1/../../../../arm-none-eabi/lib/thumb/v7e-m+fp/hard\libc_nano.a(lib_a-lock.o)
                0x000000000801319e                __retarget_lock_init_recursive
 .text.__retarget_lock_acquire_recursive
                0x00000000080131a0        0x2 c:/st/stm32cubeide_1.10.1/stm32cubeide/plugins/com.st.stm32cube.ide.mcu.externaltools.gnu-tools-for-stm32.10.3-2021.10.win32_1.0.0.202111181127/tools/bin/../lib/gcc/arm-none-eabi/10.3.1/../../../../arm-none-eabi/lib/thumb/v7e-m+fp/hard\libc_nano.a(lib_a-lock.o)
                0x00000000080131a0                __retarget_lock_acquire_recursive
 .text.__retarget_lock_release_recursive
                0x00000000080131a2        0x2 c:/st/stm32cubeide_1.10.1/stm32cubeide/plugins/com.st.stm32cube.ide.mcu.externaltools.gnu-tools-for-stm32.10.3-2021.10.win32_1.0.0.202111181127/tools/bin/../lib/gcc/arm-none-eabi/10.3.1/../../../../arm-none-eabi/lib/thumb/v7e-m+fp/hard\libc_nano.a(lib_a-lock.o)
                0x00000000080131a2                __retarget_lock_release_recursive
 .text.__swhatbuf_r
                0x00000000080131a4       0x4a c:/st/stm32cubeide_1.10.1/stm32cubeide/plugins/com.st.stm32cube.ide.mcu.externaltools.gnu-tools-for-stm32.10.3-2021.10.win32_1.0.0.202111181127/tools/bin/../lib/gcc/arm-none-eabi/10.3.1/../../../../arm-none-eabi/lib/thumb/v7e-m+fp/hard\libc_nano.a(lib_a-makebuf.o)
                0x00000000080131a4                __swhatbuf_r
 *fill*         0x00000000080131ee        0x2 
 .text.__smakebuf_r
                0x00000000080131f0       0x80 c:/st/stm32cubeide_1.10.1/stm32cubeide/plugins/com.st.stm32cube.ide.mcu.externaltools.gnu-tools-for-stm32.10.3-2021.10.win32_1.0.0.202111181127/tools/bin/../lib/gcc/arm-none-eabi/10.3.1/../../../../arm-none-eabi/lib/thumb/v7e-m+fp/hard\libc_nano.a(lib_a-makebuf.o)
                0x00000000080131f0                __smakebuf_r
 .text._malloc_usable_size_r
                0x0000000008013270       0x10 c:/st/stm32cubeide_1.10.1/stm32cubeide/plugins/com.st.stm32cube.ide.mcu.externaltools.gnu-tools-for-stm32.10.3-2021.10.win32_1.0.0.202111181127/tools/bin/../lib/gcc/arm-none-eabi/10.3.1/../../../../arm-none-eabi/lib/thumb/v7e-m+fp/hard\libc_nano.a(lib_a-nano-msizer.o)
                0x0000000008013270                _malloc_usable_size_r
 .text._raise_r
                0x0000000008013280       0x50 c:/st/stm32cubeide_1.10.1/stm32cubeide/plugins/com.st.stm32cube.ide.mcu.externaltools.gnu-tools-for-stm32.10.3-2021.10.win32_1.0.0.202111181127/tools/bin/../lib/gcc/arm-none-eabi/10.3.1/../../../../arm-none-eabi/lib/thumb/v7e-m+fp/hard\libc_nano.a(lib_a-signal.o)
                0x0000000008013280                _raise_r
 .text.raise    0x00000000080132d0       0x10 c:/st/stm32cubeide_1.10.1/stm32cubeide/plugins/com.st.stm32cube.ide.mcu.externaltools.gnu-tools-for-stm32.10.3-2021.10.win32_1.0.0.202111181127/tools/bin/../lib/gcc/arm-none-eabi/10.3.1/../../../../arm-none-eabi/lib/thumb/v7e-m+fp/hard\libc_nano.a(lib_a-signal.o)
                0x00000000080132d0                raise
 .text._kill_r  0x00000000080132e0       0x24 c:/st/stm32cubeide_1.10.1/stm32cubeide/plugins/com.st.stm32cube.ide.mcu.externaltools.gnu-tools-for-stm32.10.3-2021.10.win32_1.0.0.202111181127/tools/bin/../lib/gcc/arm-none-eabi/10.3.1/../../../../arm-none-eabi/lib/thumb/v7e-m+fp/hard\libc_nano.a(lib_a-signalr.o)
                0x00000000080132e0                _kill_r
 .text._getpid_r
                0x0000000008013304        0x4 c:/st/stm32cubeide_1.10.1/stm32cubeide/plugins/com.st.stm32cube.ide.mcu.externaltools.gnu-tools-for-stm32.10.3-2021.10.win32_1.0.0.202111181127/tools/bin/../lib/gcc/arm-none-eabi/10.3.1/../../../../arm-none-eabi/lib/thumb/v7e-m+fp/hard\libc_nano.a(lib_a-signalr.o)
                0x0000000008013304                _getpid_r
 .text.__sread  0x0000000008013308       0x22 c:/st/stm32cubeide_1.10.1/stm32cubeide/plugins/com.st.stm32cube.ide.mcu.externaltools.gnu-tools-for-stm32.10.3-2021.10.win32_1.0.0.202111181127/tools/bin/../lib/gcc/arm-none-eabi/10.3.1/../../../../arm-none-eabi/lib/thumb/v7e-m+fp/hard\libc_nano.a(lib_a-stdio.o)
                0x0000000008013308                __sread
 .text.__swrite
                0x000000000801332a       0x38 c:/st/stm32cubeide_1.10.1/stm32cubeide/plugins/com.st.stm32cube.ide.mcu.externaltools.gnu-tools-for-stm32.10.3-2021.10.win32_1.0.0.202111181127/tools/bin/../lib/gcc/arm-none-eabi/10.3.1/../../../../arm-none-eabi/lib/thumb/v7e-m+fp/hard\libc_nano.a(lib_a-stdio.o)
                0x000000000801332a                __swrite
 .text.__sseek  0x0000000008013362       0x24 c:/st/stm32cubeide_1.10.1/stm32cubeide/plugins/com.st.stm32cube.ide.mcu.externaltools.gnu-tools-for-stm32.10.3-2021.10.win32_1.0.0.202111181127/tools/bin/../lib/gcc/arm-none-eabi/10.3.1/../../../../arm-none-eabi/lib/thumb/v7e-m+fp/hard\libc_nano.a(lib_a-stdio.o)
                0x0000000008013362                __sseek
 .text.__sclose
                0x0000000008013386        0x8 c:/st/stm32cubeide_1.10.1/stm32cubeide/plugins/com.st.stm32cube.ide.mcu.externaltools.gnu-tools-for-stm32.10.3-2021.10.win32_1.0.0.202111181127/tools/bin/../lib/gcc/arm-none-eabi/10.3.1/../../../../arm-none-eabi/lib/thumb/v7e-m+fp/hard\libc_nano.a(lib_a-stdio.o)
                0x0000000008013386                __sclose
 *fill*         0x000000000801338e        0x2 
 .text._write_r
                0x0000000008013390       0x24 c:/st/stm32cubeide_1.10.1/stm32cubeide/plugins/com.st.stm32cube.ide.mcu.externaltools.gnu-tools-for-stm32.10.3-2021.10.win32_1.0.0.202111181127/tools/bin/../lib/gcc/arm-none-eabi/10.3.1/../../../../arm-none-eabi/lib/thumb/v7e-m+fp/hard\libc_nano.a(lib_a-writer.o)
                0x0000000008013390                _write_r
 .text._close_r