../Core/Src/GMG12864_lib.c:384:6:GMG12864_logo_demonstration	24	static
../Core/Src/GMG12864_lib.c:418:13:GMG12864_Send_command	16	static
../Core/Src/GMG12864_lib.c:431:13:GMG12864_Send_data	16	static
../Core/Src/GMG12864_lib.c:438:6:GMG12864_Clean_Frame_buffer	8	static
../Core/Src/GMG12864_lib.c:445:6:GMG12864_Init	8	static
../Core/Src/GMG12864_lib.c:481:6:GMG12864_DrawBitmap	24	static
../Core/Src/GMG12864_lib.c:506:6:GMG12864_Draw_pixel	24	static
../Core/Src/GMG12864_lib.c:524:6:GMG12864_Update	16	static
../Core/Src/GMG12864_lib.c:538:6:GMG12864_Print_symbol_5x7	32	static
../Core/Src/GMG12864_lib.c:581:6:GMG12864_Print_symbol_3x5	32	static
../Core/Src/GMG12864_lib.c:624:6:GMG12864_Decode_UTF8	40	static
../Core/Src/GMG12864_lib.c:747:6:GMG12864_Inversion	16	static
../Core/Src/GMG12864_lib.c:758:9:GMG12864_Value_for_Plot	64	static
../Core/Src/GMG12864_lib.c:785:6:GMG12864_Fill_the_array_Plot	32	static
../Core/Src/GMG12864_lib.c:823:6:GMG12864_Generate_a_Graph	88	static
../Core/Src/GMG12864_lib.c:940:6:GMG12864_Draw_line	48	static
../Core/Src/GMG12864_lib.c:964:6:GMG12864_Draw_rectangle	32	static
../Core/Src/GMG12864_lib.c:988:6:GMG12864_Draw_rectangle_filled	40	static
../Core/Src/GMG12864_lib.c:1011:6:GMG12864_Draw_circle	48	static
../Core/Src/GMG12864_lib.c:1051:6:GMG12864_Draw_circle_filled	48	static
../Core/Src/GMG12864_lib.c:1088:6:GMG12864_Draw_triangle	32	static
../Core/Src/GMG12864_lib.c:1104:6:GMG12864_Draw_triangle_filled	64	static
