../Core/Src/main.c:160:5:main	8	static
../Core/Src/main.c:239:6:SystemClock_Config	160	static
../Core/Src/main.c:291:13:MX_ADC1_Init	48	static
../Core/Src/main.c:357:13:MX_I2C1_Init	8	static
../Core/Src/main.c:405:13:MX_I2C2_Init	8	static
../Core/Src/main.c:453:13:MX_SPI1_Init	8	static
../Core/Src/main.c:493:13:MX_SPI2_Init	8	static
../Core/Src/main.c:533:13:MX_TIM6_Init	24	static
../Core/Src/main.c:571:13:MX_USART2_UART_Init	8	static
../Core/Src/main.c:604:13:MX_DMA_Init	16	static
../Core/Src/main.c:622:13:MX_GPIO_Init	48	static
../Core/Src/main.c:677:6:manual_mode_func	4	static
../Core/Src/main.c:704:6:automatik_mode	4	static
../Core/Src/main.c:730:6:get_param_from_ina219	8	static
../Core/Src/main.c:740:6:HAL_GPIO_EXTI_Callback	16	static
../Core/Src/main.c:753:6:mode_change_func	4	static
../Core/Src/main.c:762:6:read_state_of_relays	4	static
../Core/Src/main.c:768:6:print_gmg12864_level_1	8	static
../Core/Src/main.c:790:6:GMG12864_first_line_level_1	24	static
../Core/Src/main.c:796:6:GMG12864_second_line_level_1	24	static
../Core/Src/main.c:802:6:GMG12864_third_line_level_1	24	static
../Core/Src/main.c:809:6:GMG12864_fourth_line_level_1	24	static
../Core/Src/main.c:815:6:GMG12864_fifth_line_level_1	24	static
../Core/Src/main.c:821:6:GMG12864_sixth_line_level_1	24	static
../Core/Src/main.c:827:6:GMG12864_first_line_level_2	24	static
../Core/Src/main.c:833:6:GMG12864_second_line_level_2	24	static
../Core/Src/main.c:839:6:GMG12864_third_line_level_2	24	static
../Core/Src/main.c:845:6:GMG12864_fourth_line_level_2	24	static
../Core/Src/main.c:851:6:GMG12864_fifth_line_level_2	24	static
../Core/Src/main.c:857:6:GMG12864_sixth_line_level_2	24	static
../Core/Src/main.c:863:6:sd_card_write	16	static
../Core/Src/main.c:887:6:manual_init_sd_card	8	static
../Core/Src/main.c:902:6:ds3231_get_time_and_temp	8	static
../Core/Src/main.c:910:7:get_current_ASC712	16	static
../Core/Src/main.c:927:6:Error_Handler	4	static,ignoring_inline_asm
