../Core/Src/main.c:211:5:main	8	static
../Core/Src/main.c:308:6:SystemClock_Config	160	static
../Core/Src/main.c:362:13:MX_ADC1_Init	48	static
../Core/Src/main.c:428:13:MX_I2C1_Init	8	static
../Core/Src/main.c:476:13:MX_I2C2_Init	8	static
../Core/Src/main.c:524:13:MX_SPI1_Init	8	static
../Core/Src/main.c:564:13:MX_SPI2_Init	8	static
../Core/Src/main.c:604:13:MX_TIM3_Init	64	static
../Core/Src/main.c:667:13:MX_TIM6_Init	24	static
../Core/Src/main.c:705:13:MX_TIM7_Init	24	static
../Core/Src/main.c:743:13:MX_USART2_UART_Init	8	static
../Core/Src/main.c:776:13:MX_DMA_Init	16	static
../Core/Src/main.c:794:13:MX_GPIO_Init	48	static
../Core/Src/main.c:858:6:manual_mode_func	4	static
../Core/Src/main.c:887:6:automatik_mode	8	static
../Core/Src/main.c:926:6:get_param_from_ina219	8	static
../Core/Src/main.c:937:6:HAL_GPIO_EXTI_Callback	16	static
../Core/Src/main.c:1115:6:mode_change_func	8	static
../Core/Src/main.c:1127:6:button_mode_func	4	static
../Core/Src/main.c:1136:6:button_mode_led_delay	8	static
../Core/Src/main.c:1160:6:read_state_of_relays	4	static
../Core/Src/main.c:1175:6:print_gmg12864_level_1	8	static
../Core/Src/main.c:1205:6:GMG12864_first_line_level_1	24	static
../Core/Src/main.c:1211:6:GMG12864_second_line_level_1	24	static
../Core/Src/main.c:1217:6:GMG12864_third_line_level_1	24	static
../Core/Src/main.c:1223:6:GMG12864_fourth_line_level_1	24	static
../Core/Src/main.c:1229:6:GMG12864_fifth_line_level_1	24	static
../Core/Src/main.c:1235:6:GMG12864_sixth_line_level_1	24	static
../Core/Src/main.c:1241:6:GMG12864_first_line_level_2	24	static
../Core/Src/main.c:1247:6:GMG12864_second_line_level_2	24	static
../Core/Src/main.c:1253:6:GMG12864_third_line_level_2	24	static
../Core/Src/main.c:1259:6:GMG12864_fourth_line_level_2	24	static
../Core/Src/main.c:1265:6:GMG12864_fifth_line_level_2	24	static
../Core/Src/main.c:1271:6:GMG12864_sixth_line_level_2	24	static
../Core/Src/main.c:1277:6:GMG12864_first_line_level_3	24	static
../Core/Src/main.c:1283:6:GMG12864_second_line_level_3	24	static
../Core/Src/main.c:1289:6:GMG12864_third_line_level_3	24	static
../Core/Src/main.c:1295:6:GMG12864_fourth_line_level_3	24	static
../Core/Src/main.c:1301:6:GMG12864_fifth_line_level_3	24	static
../Core/Src/main.c:1307:6:GMG12864_sixth_line_level_3	24	static
../Core/Src/main.c:1313:6:sd_card_write	8	static
../Core/Src/main.c:1337:6:ds3231_get_time_and_temp	8	static
../Core/Src/main.c:1345:7:get_current_ASC712	16	static
../Core/Src/main.c:1365:6:tim7_start	8	static
../Core/Src/main.c:1369:6:tim7_stop	8	static
../Core/Src/main.c:1374:6:get_capacity_of_battery	4	static
../Core/Src/main.c:1381:6:start_capacity_timer	8	static
../Core/Src/main.c:1388:6:stop_capacity_timer	8	static
../Core/Src/main.c:1397:6:Error_Handler	4	static,ignoring_inline_asm
