../Core/Src/main.c:178:5:main	8	static
../Core/Src/main.c:266:6:SystemClock_Config	160	static
../Core/Src/main.c:318:13:MX_ADC1_Init	48	static
../Core/Src/main.c:384:13:MX_I2C1_Init	8	static
../Core/Src/main.c:432:13:MX_I2C2_Init	8	static
../Core/Src/main.c:480:13:MX_SPI1_Init	8	static
../Core/Src/main.c:520:13:MX_SPI2_Init	8	static
../Core/Src/main.c:560:13:MX_TIM6_Init	24	static
../Core/Src/main.c:598:13:MX_USART2_UART_Init	8	static
../Core/Src/main.c:631:13:MX_DMA_Init	16	static
../Core/Src/main.c:649:13:MX_GPIO_Init	48	static
../Core/Src/main.c:707:6:manual_mode_func	4	static
../Core/Src/main.c:735:6:automatik_mode	4	static
../Core/Src/main.c:761:6:get_param_from_ina219	8	static
../Core/Src/main.c:772:6:HAL_GPIO_EXTI_Callback	16	static
../Core/Src/main.c:903:6:mode_change_func	8	static
../Core/Src/main.c:914:6:read_state_of_relays	4	static
../Core/Src/main.c:920:6:print_gmg12864_level_1	8	static
../Core/Src/main.c:942:6:GMG12864_first_line_level_1	24	static
../Core/Src/main.c:948:6:GMG12864_second_line_level_1	24	static
../Core/Src/main.c:954:6:GMG12864_third_line_level_1	24	static
../Core/Src/main.c:961:6:GMG12864_fourth_line_level_1	24	static
../Core/Src/main.c:967:6:GMG12864_fifth_line_level_1	24	static
../Core/Src/main.c:973:6:GMG12864_sixth_line_level_1	24	static
../Core/Src/main.c:979:6:GMG12864_first_line_level_2	24	static
../Core/Src/main.c:985:6:GMG12864_second_line_level_2	24	static
../Core/Src/main.c:991:6:GMG12864_third_line_level_2	24	static
../Core/Src/main.c:997:6:GMG12864_fourth_line_level_2	24	static
../Core/Src/main.c:1003:6:GMG12864_fifth_line_level_2	24	static
../Core/Src/main.c:1009:6:GMG12864_sixth_line_level_2	24	static
../Core/Src/main.c:1015:6:sd_card_write	16	static
../Core/Src/main.c:1039:6:manual_init_sd_card	8	static
../Core/Src/main.c:1054:6:ds3231_get_time_and_temp	8	static
../Core/Src/main.c:1062:7:get_current_ASC712	16	static
../Core/Src/main.c:1087:6:Error_Handler	4	static,ignoring_inline_asm
