../Core/Src/main.c:120:5:main	8	static
../Core/Src/main.c:182:6:SystemClock_Config	160	static
../Core/Src/main.c:233:13:MX_I2C1_Init	8	static
../Core/Src/main.c:281:13:MX_I2C2_Init	8	static
../Core/Src/main.c:329:13:MX_SPI1_Init	8	static
../Core/Src/main.c:369:13:MX_SPI2_Init	8	static
../Core/Src/main.c:409:13:MX_USART2_UART_Init	8	static
../Core/Src/main.c:444:13:MX_GPIO_Init	48	static
../Core/Src/main.c:499:6:manual_mode_func	4	static
../Core/Src/main.c:526:6:automatik_mode	4	static
../Core/Src/main.c:552:6:get_param_from_ina219	8	static
../Core/Src/main.c:562:6:HAL_GPIO_EXTI_Callback	16	static
../Core/Src/main.c:569:6:mode_change_func	4	static
../Core/Src/main.c:578:6:read_state_of_relays	4	static
../Core/Src/main.c:584:6:print_gmg12864_level_1	8	static
../Core/Src/main.c:596:6:GMG12864_first_line_level_1	24	static
../Core/Src/main.c:602:6:GMG12864_second_line_level_1	24	static
../Core/Src/main.c:608:6:GMG12864_third_line_level_1	24	static
../Core/Src/main.c:614:6:GMG12864_fourth_line_level_1	24	static
../Core/Src/main.c:620:6:GMG12864_fifth_line_level_1	24	static
../Core/Src/main.c:626:6:GMG12864_sixth_line_level_1	24	static
../Core/Src/main.c:632:6:sd_card_write	8	static
../Core/Src/main.c:646:6:Error_Handler	4	static,ignoring_inline_asm
