../Core/Src/main.c:216:5:main	8	static
../Core/Src/main.c:313:6:SystemClock_Config	160	static
../Core/Src/main.c:367:13:MX_ADC1_Init	48	static
../Core/Src/main.c:433:13:MX_I2C1_Init	8	static
../Core/Src/main.c:481:13:MX_I2C2_Init	8	static
../Core/Src/main.c:529:13:MX_SPI1_Init	8	static
../Core/Src/main.c:569:13:MX_SPI2_Init	8	static
../Core/Src/main.c:609:13:MX_TIM3_Init	64	static
../Core/Src/main.c:672:13:MX_TIM6_Init	24	static
../Core/Src/main.c:710:13:MX_TIM7_Init	24	static
../Core/Src/main.c:748:13:MX_USART2_UART_Init	8	static
../Core/Src/main.c:781:13:MX_DMA_Init	16	static
../Core/Src/main.c:799:13:MX_GPIO_Init	48	static
../Core/Src/main.c:863:6:manual_mode_func	4	static
../Core/Src/main.c:892:6:automatik_mode	8	static
../Core/Src/main.c:931:6:get_param_from_ina219	8	static
../Core/Src/main.c:942:6:HAL_GPIO_EXTI_Callback	16	static
../Core/Src/main.c:1120:6:mode_change_func	8	static
../Core/Src/main.c:1132:6:button_mode_func	4	static
../Core/Src/main.c:1141:6:button_mode_led_delay	8	static
../Core/Src/main.c:1165:6:read_state_of_relays	4	static
../Core/Src/main.c:1180:6:print_gmg12864_level_1	8	static
../Core/Src/main.c:1210:6:GMG12864_first_line_level_1	24	static
../Core/Src/main.c:1216:6:GMG12864_second_line_level_1	24	static
../Core/Src/main.c:1222:6:GMG12864_third_line_level_1	24	static
../Core/Src/main.c:1228:6:GMG12864_fourth_line_level_1	24	static
../Core/Src/main.c:1234:6:GMG12864_fifth_line_level_1	24	static
../Core/Src/main.c:1240:6:GMG12864_sixth_line_level_1	24	static
../Core/Src/main.c:1246:6:GMG12864_first_line_level_2	24	static
../Core/Src/main.c:1252:6:GMG12864_second_line_level_2	24	static
../Core/Src/main.c:1258:6:GMG12864_third_line_level_2	24	static
../Core/Src/main.c:1264:6:GMG12864_fourth_line_level_2	24	static
../Core/Src/main.c:1270:6:GMG12864_fifth_line_level_2	24	static
../Core/Src/main.c:1276:6:GMG12864_sixth_line_level_2	24	static
../Core/Src/main.c:1282:6:GMG12864_first_line_level_3	24	static
../Core/Src/main.c:1288:6:GMG12864_second_line_level_3	24	static
../Core/Src/main.c:1294:6:GMG12864_third_line_level_3	24	static
../Core/Src/main.c:1300:6:GMG12864_fourth_line_level_3	24	static
../Core/Src/main.c:1306:6:GMG12864_fifth_line_level_3	24	static
../Core/Src/main.c:1312:6:GMG12864_sixth_line_level_3	24	static
../Core/Src/main.c:1318:6:sd_card_write	8	static
../Core/Src/main.c:1345:6:ds3231_get_time_and_temp	8	static
../Core/Src/main.c:1353:7:get_current_ASC712	16	static
../Core/Src/main.c:1373:6:tim7_start	8	static
../Core/Src/main.c:1377:6:tim7_stop	8	static
../Core/Src/main.c:1382:6:get_capacity_of_battery	4	static
../Core/Src/main.c:1394:6:start_capacity_timer	8	static
../Core/Src/main.c:1401:6:stop_capacity_timer	8	static
../Core/Src/main.c:1410:6:Error_Handler	4	static,ignoring_inline_asm
