../Core/Src/main.c:184:5:main	8	static
../Core/Src/main.c:272:6:SystemClock_Config	160	static
../Core/Src/main.c:324:13:MX_ADC1_Init	48	static
../Core/Src/main.c:390:13:MX_I2C1_Init	8	static
../Core/Src/main.c:438:13:MX_I2C2_Init	8	static
../Core/Src/main.c:486:13:MX_SPI1_Init	8	static
../Core/Src/main.c:526:13:MX_SPI2_Init	8	static
../Core/Src/main.c:566:13:MX_TIM6_Init	24	static
../Core/Src/main.c:604:13:MX_USART2_UART_Init	8	static
../Core/Src/main.c:637:13:MX_DMA_Init	16	static
../Core/Src/main.c:655:13:MX_GPIO_Init	48	static
../Core/Src/main.c:713:6:manual_mode_func	4	static
../Core/Src/main.c:741:6:automatik_mode	4	static
../Core/Src/main.c:767:6:get_param_from_ina219	8	static
../Core/Src/main.c:778:6:HAL_GPIO_EXTI_Callback	16	static
../Core/Src/main.c:908:6:mode_change_func	8	static
../Core/Src/main.c:919:6:read_state_of_relays	4	static
../Core/Src/main.c:925:6:print_gmg12864_level_1	8	static
../Core/Src/main.c:955:6:GMG12864_first_line_level_1	24	static
../Core/Src/main.c:961:6:GMG12864_second_line_level_1	24	static
../Core/Src/main.c:967:6:GMG12864_third_line_level_1	24	static
../Core/Src/main.c:973:6:GMG12864_fourth_line_level_1	24	static
../Core/Src/main.c:979:6:GMG12864_fifth_line_level_1	24	static
../Core/Src/main.c:985:6:GMG12864_sixth_line_level_1	24	static
../Core/Src/main.c:991:6:GMG12864_first_line_level_2	24	static
../Core/Src/main.c:997:6:GMG12864_second_line_level_2	24	static
../Core/Src/main.c:1003:6:GMG12864_third_line_level_2	24	static
../Core/Src/main.c:1008:6:GMG12864_fourth_line_level_2	24	static
../Core/Src/main.c:1014:6:GMG12864_fifth_line_level_2	24	static
../Core/Src/main.c:1020:6:GMG12864_sixth_line_level_2	24	static
../Core/Src/main.c:1026:6:GMG12864_first_line_level_3	24	static
../Core/Src/main.c:1032:6:GMG12864_second_line_level_3	24	static
../Core/Src/main.c:1038:6:GMG12864_third_line_level_3	24	static
../Core/Src/main.c:1044:6:GMG12864_fourth_line_level_3	24	static
../Core/Src/main.c:1050:6:GMG12864_fifth_line_level_3	24	static
../Core/Src/main.c:1056:6:GMG12864_sixth_line_level_3	24	static
../Core/Src/main.c:1062:6:sd_card_write	8	static
../Core/Src/main.c:1086:6:manual_init_sd_card	8	static
../Core/Src/main.c:1101:6:ds3231_get_time_and_temp	8	static
../Core/Src/main.c:1109:7:get_current_ASC712	16	static
../Core/Src/main.c:1134:6:Error_Handler	4	static,ignoring_inline_asm
