../Core/Src/main.c:160:5:main	8	static
../Core/Src/main.c:241:6:SystemClock_Config	160	static
../Core/Src/main.c:293:13:MX_ADC1_Init	48	static
../Core/Src/main.c:359:13:MX_I2C1_Init	8	static
../Core/Src/main.c:407:13:MX_I2C2_Init	8	static
../Core/Src/main.c:455:13:MX_SPI1_Init	8	static
../Core/Src/main.c:495:13:MX_SPI2_Init	8	static
../Core/Src/main.c:535:13:MX_TIM6_Init	24	static
../Core/Src/main.c:573:13:MX_USART2_UART_Init	8	static
../Core/Src/main.c:606:13:MX_DMA_Init	16	static
../Core/Src/main.c:624:13:MX_GPIO_Init	48	static
../Core/Src/main.c:679:6:manual_mode_func	4	static
../Core/Src/main.c:706:6:automatik_mode	4	static
../Core/Src/main.c:732:6:get_param_from_ina219	8	static
../Core/Src/main.c:742:6:HAL_GPIO_EXTI_Callback	16	static
../Core/Src/main.c:755:6:mode_change_func	4	static
../Core/Src/main.c:764:6:read_state_of_relays	4	static
../Core/Src/main.c:770:6:print_gmg12864_level_1	8	static
../Core/Src/main.c:792:6:GMG12864_first_line_level_1	24	static
../Core/Src/main.c:798:6:GMG12864_second_line_level_1	24	static
../Core/Src/main.c:804:6:GMG12864_third_line_level_1	24	static
../Core/Src/main.c:811:6:GMG12864_fourth_line_level_1	24	static
../Core/Src/main.c:817:6:GMG12864_fifth_line_level_1	24	static
../Core/Src/main.c:823:6:GMG12864_sixth_line_level_1	24	static
../Core/Src/main.c:829:6:GMG12864_first_line_level_2	24	static
../Core/Src/main.c:835:6:GMG12864_second_line_level_2	24	static
../Core/Src/main.c:841:6:GMG12864_third_line_level_2	24	static
../Core/Src/main.c:847:6:GMG12864_fourth_line_level_2	24	static
../Core/Src/main.c:853:6:GMG12864_fifth_line_level_2	24	static
../Core/Src/main.c:859:6:GMG12864_sixth_line_level_2	24	static
../Core/Src/main.c:865:6:sd_card_write	16	static
../Core/Src/main.c:889:6:manual_init_sd_card	8	static
../Core/Src/main.c:904:6:ds3231_get_time_and_temp	8	static
../Core/Src/main.c:912:7:get_current_ASC712	16	static
../Core/Src/main.c:929:6:Error_Handler	4	static,ignoring_inline_asm
