../Core/Src/main.c:136:5:main	8	static
../Core/Src/main.c:207:6:SystemClock_Config	160	static
../Core/Src/main.c:258:13:MX_I2C1_Init	8	static
../Core/Src/main.c:306:13:MX_I2C2_Init	8	static
../Core/Src/main.c:354:13:MX_SPI1_Init	8	static
../Core/Src/main.c:394:13:MX_SPI2_Init	8	static
../Core/Src/main.c:434:13:MX_USART2_UART_Init	8	static
../Core/Src/main.c:469:13:MX_GPIO_Init	48	static
../Core/Src/main.c:524:6:manual_mode_func	4	static
../Core/Src/main.c:551:6:automatik_mode	4	static
../Core/Src/main.c:577:6:get_param_from_ina219	8	static
../Core/Src/main.c:587:6:HAL_GPIO_EXTI_Callback	16	static
../Core/Src/main.c:595:6:mode_change_func	4	static
../Core/Src/main.c:604:6:read_state_of_relays	4	static
../Core/Src/main.c:610:6:print_gmg12864_level_1	8	static
../Core/Src/main.c:622:6:GMG12864_first_line_level_1	24	static
../Core/Src/main.c:628:6:GMG12864_second_line_level_1	24	static
../Core/Src/main.c:634:6:GMG12864_third_line_level_1	24	static
../Core/Src/main.c:640:6:GMG12864_fourth_line_level_1	24	static
../Core/Src/main.c:646:6:GMG12864_fifth_line_level_1	24	static
../Core/Src/main.c:652:6:GMG12864_sixth_line_level_1	24	static
../Core/Src/main.c:658:6:sd_card_write	8	static
../Core/Src/main.c:682:6:manual_init_sd_card	8	static
../Core/Src/main.c:697:6:ds3231_get_time_and_temp	8	static
../Core/Src/main.c:711:6:Error_Handler	4	static,ignoring_inline_asm
