../Core/Src/main.c:136:5:main	8	static
../Core/Src/main.c:211:6:SystemClock_Config	160	static
../Core/Src/main.c:262:13:MX_I2C1_Init	8	static
../Core/Src/main.c:310:13:MX_I2C2_Init	8	static
../Core/Src/main.c:358:13:MX_SPI1_Init	8	static
../Core/Src/main.c:398:13:MX_SPI2_Init	8	static
../Core/Src/main.c:438:13:MX_USART2_UART_Init	8	static
../Core/Src/main.c:473:13:MX_GPIO_Init	48	static
../Core/Src/main.c:528:6:manual_mode_func	4	static
../Core/Src/main.c:555:6:automatik_mode	4	static
../Core/Src/main.c:581:6:get_param_from_ina219	8	static
../Core/Src/main.c:591:6:HAL_GPIO_EXTI_Callback	16	static
../Core/Src/main.c:599:6:mode_change_func	4	static
../Core/Src/main.c:608:6:read_state_of_relays	4	static
../Core/Src/main.c:614:6:print_gmg12864_level_1	8	static
../Core/Src/main.c:626:6:GMG12864_first_line_level_1	24	static
../Core/Src/main.c:632:6:GMG12864_second_line_level_1	24	static
../Core/Src/main.c:638:6:GMG12864_third_line_level_1	24	static
../Core/Src/main.c:645:6:GMG12864_fourth_line_level_1	24	static
../Core/Src/main.c:651:6:GMG12864_fifth_line_level_1	24	static
../Core/Src/main.c:657:6:GMG12864_sixth_line_level_1	24	static
../Core/Src/main.c:663:6:sd_card_write	16	static
../Core/Src/main.c:687:6:manual_init_sd_card	8	static
../Core/Src/main.c:702:6:ds3231_get_time_and_temp	8	static
../Core/Src/main.c:716:6:Error_Handler	4	static,ignoring_inline_asm
