../Core/Src/main.c:183:5:main	8	static
../Core/Src/main.c:271:6:SystemClock_Config	160	static
../Core/Src/main.c:323:13:MX_ADC1_Init	48	static
../Core/Src/main.c:389:13:MX_I2C1_Init	8	static
../Core/Src/main.c:437:13:MX_I2C2_Init	8	static
../Core/Src/main.c:485:13:MX_SPI1_Init	8	static
../Core/Src/main.c:525:13:MX_SPI2_Init	8	static
../Core/Src/main.c:565:13:MX_TIM6_Init	24	static
../Core/Src/main.c:603:13:MX_USART2_UART_Init	8	static
../Core/Src/main.c:636:13:MX_DMA_Init	16	static
../Core/Src/main.c:654:13:MX_GPIO_Init	48	static
../Core/Src/main.c:718:6:manual_mode_func	4	static
../Core/Src/main.c:746:6:automatik_mode	4	static
../Core/Src/main.c:772:6:get_param_from_ina219	8	static
../Core/Src/main.c:783:6:HAL_GPIO_EXTI_Callback	16	static
../Core/Src/main.c:913:6:mode_change_func	8	static
../Core/Src/main.c:924:6:button_mode_func	4	static
../Core/Src/main.c:933:6:read_state_of_relays	4	static
../Core/Src/main.c:939:6:print_gmg12864_level_1	8	static
../Core/Src/main.c:969:6:GMG12864_first_line_level_1	24	static
../Core/Src/main.c:975:6:GMG12864_second_line_level_1	24	static
../Core/Src/main.c:981:6:GMG12864_third_line_level_1	24	static
../Core/Src/main.c:987:6:GMG12864_fourth_line_level_1	24	static
../Core/Src/main.c:993:6:GMG12864_fifth_line_level_1	24	static
../Core/Src/main.c:999:6:GMG12864_sixth_line_level_1	24	static
../Core/Src/main.c:1005:6:GMG12864_first_line_level_2	24	static
../Core/Src/main.c:1011:6:GMG12864_second_line_level_2	24	static
../Core/Src/main.c:1017:6:GMG12864_third_line_level_2	24	static
../Core/Src/main.c:1022:6:GMG12864_fourth_line_level_2	24	static
../Core/Src/main.c:1028:6:GMG12864_fifth_line_level_2	24	static
../Core/Src/main.c:1034:6:GMG12864_sixth_line_level_2	24	static
../Core/Src/main.c:1040:6:GMG12864_first_line_level_3	24	static
../Core/Src/main.c:1046:6:GMG12864_second_line_level_3	24	static
../Core/Src/main.c:1052:6:GMG12864_third_line_level_3	24	static
../Core/Src/main.c:1058:6:GMG12864_fourth_line_level_3	24	static
../Core/Src/main.c:1064:6:GMG12864_fifth_line_level_3	24	static
../Core/Src/main.c:1070:6:GMG12864_sixth_line_level_3	24	static
../Core/Src/main.c:1076:6:sd_card_write	8	static
../Core/Src/main.c:1100:6:ds3231_get_time_and_temp	8	static
../Core/Src/main.c:1108:7:get_current_ASC712	16	static
../Core/Src/main.c:1133:6:Error_Handler	4	static,ignoring_inline_asm
