../Core/Src/main.c:111:5:main	8	static
../Core/Src/main.c:174:6:SystemClock_Config	160	static
../Core/Src/main.c:223:13:MX_I2C1_Init	8	static
../Core/Src/main.c:271:13:MX_SPI1_Init	8	static
../Core/Src/main.c:311:13:MX_SPI2_Init	8	static
../Core/Src/main.c:351:13:MX_USART2_UART_Init	8	static
../Core/Src/main.c:386:13:MX_GPIO_Init	48	static
../Core/Src/main.c:432:6:manual_mode_func	4	static
../Core/Src/main.c:459:6:automatik_mode	4	static
../Core/Src/main.c:485:6:get_param_from_ina219	8	static
../Core/Src/main.c:495:6:HAL_GPIO_EXTI_Callback	16	static
../Core/Src/main.c:502:6:mode_change_func	4	static
../Core/Src/main.c:511:6:read_state_of_relays	4	static
../Core/Src/main.c:517:6:print_gmg12864_level_1	8	static
../Core/Src/main.c:529:6:GMG12864_first_line_level_1	24	static
../Core/Src/main.c:535:6:GMG12864_second_line_level_1	24	static
../Core/Src/main.c:541:6:GMG12864_third_line_level_1	24	static
../Core/Src/main.c:547:6:GMG12864_fourth_line_level_1	24	static
../Core/Src/main.c:553:6:GMG12864_fifth_line_level_1	24	static
../Core/Src/main.c:559:6:GMG12864_sixth_line_level_1	24	static
../Core/Src/main.c:571:6:Error_Handler	4	static,ignoring_inline_asm
