../Core/Src/main.c:197:5:main	8	static
../Core/Src/main.c:292:6:SystemClock_Config	160	static
../Core/Src/main.c:346:13:MX_ADC1_Init	48	static
../Core/Src/main.c:412:13:MX_I2C1_Init	8	static
../Core/Src/main.c:460:13:MX_I2C2_Init	8	static
../Core/Src/main.c:508:13:MX_SPI1_Init	8	static
../Core/Src/main.c:548:13:MX_SPI2_Init	8	static
../Core/Src/main.c:588:13:MX_TIM3_Init	64	static
../Core/Src/main.c:651:13:MX_TIM6_Init	24	static
../Core/Src/main.c:689:13:MX_TIM7_Init	24	static
../Core/Src/main.c:727:13:MX_USART2_UART_Init	8	static
../Core/Src/main.c:760:13:MX_DMA_Init	16	static
../Core/Src/main.c:778:13:MX_GPIO_Init	48	static
../Core/Src/main.c:842:6:manual_mode_func	4	static
../Core/Src/main.c:871:6:automatik_mode	8	static
../Core/Src/main.c:906:6:get_param_from_ina219	8	static
../Core/Src/main.c:917:6:HAL_GPIO_EXTI_Callback	16	static
../Core/Src/main.c:1095:6:mode_change_func	8	static
../Core/Src/main.c:1106:6:button_mode_func	4	static
../Core/Src/main.c:1115:6:button_mode_led_delay	8	static
../Core/Src/main.c:1139:6:read_state_of_relays	4	static
../Core/Src/main.c:1154:6:print_gmg12864_level_1	8	static
../Core/Src/main.c:1184:6:GMG12864_first_line_level_1	24	static
../Core/Src/main.c:1190:6:GMG12864_second_line_level_1	24	static
../Core/Src/main.c:1196:6:GMG12864_third_line_level_1	24	static
../Core/Src/main.c:1202:6:GMG12864_fourth_line_level_1	24	static
../Core/Src/main.c:1208:6:GMG12864_fifth_line_level_1	24	static
../Core/Src/main.c:1214:6:GMG12864_sixth_line_level_1	24	static
../Core/Src/main.c:1220:6:GMG12864_first_line_level_2	24	static
../Core/Src/main.c:1226:6:GMG12864_second_line_level_2	24	static
../Core/Src/main.c:1232:6:GMG12864_third_line_level_2	24	static
../Core/Src/main.c:1237:6:GMG12864_fourth_line_level_2	24	static
../Core/Src/main.c:1243:6:GMG12864_fifth_line_level_2	24	static
../Core/Src/main.c:1249:6:GMG12864_sixth_line_level_2	24	static
../Core/Src/main.c:1255:6:GMG12864_first_line_level_3	24	static
../Core/Src/main.c:1261:6:GMG12864_second_line_level_3	24	static
../Core/Src/main.c:1267:6:GMG12864_third_line_level_3	24	static
../Core/Src/main.c:1273:6:GMG12864_fourth_line_level_3	24	static
../Core/Src/main.c:1279:6:GMG12864_fifth_line_level_3	24	static
../Core/Src/main.c:1285:6:GMG12864_sixth_line_level_3	24	static
../Core/Src/main.c:1291:6:sd_card_write	8	static
../Core/Src/main.c:1315:6:ds3231_get_time_and_temp	8	static
../Core/Src/main.c:1323:7:get_current_ASC712	16	static
../Core/Src/main.c:1343:6:tim7_start	8	static
../Core/Src/main.c:1347:6:tim7_stop	8	static
../Core/Src/main.c:1357:6:Error_Handler	4	static,ignoring_inline_asm
