../Core/Src/stm32f3xx_it.c:73:6:SDTimer_Handler	4	static
../Core/Src/stm32f3xx_it.c:99:6:NMI_Handler	4	static
../Core/Src/stm32f3xx_it.c:114:6:HardFault_Handler	4	static
../Core/Src/stm32f3xx_it.c:129:6:MemManage_Handler	4	static
../Core/Src/stm32f3xx_it.c:144:6:BusFault_Handler	4	static
../Core/Src/stm32f3xx_it.c:159:6:UsageFault_Handler	4	static
../Core/Src/stm32f3xx_it.c:174:6:SVC_Handler	4	static
../Core/Src/stm32f3xx_it.c:187:6:DebugMon_Handler	4	static
../Core/Src/stm32f3xx_it.c:200:6:PendSV_Handler	4	static
../Core/Src/stm32f3xx_it.c:213:6:SysTick_Handler	8	static
../Core/Src/stm32f3xx_it.c:239:6:DMA1_Channel1_IRQHandler	8	static
../Core/Src/stm32f3xx_it.c:260:6:EXTI9_5_IRQHandler	8	static
../Core/Src/stm32f3xx_it.c:275:6:I2C2_EV_IRQHandler	8	static
../Core/Src/stm32f3xx_it.c:289:6:I2C2_ER_IRQHandler	8	static
../Core/Src/stm32f3xx_it.c:303:6:SPI1_IRQHandler	8	static
../Core/Src/stm32f3xx_it.c:317:6:SPI2_IRQHandler	8	static
../Core/Src/stm32f3xx_it.c:331:6:EXTI15_10_IRQHandler	8	static
../Core/Src/stm32f3xx_it.c:345:6:TIM6_DAC_IRQHandler	8	static
