../Core/Src/stm32f3xx_it.c:75:6:SDTimer_Handler	4	static
../Core/Src/stm32f3xx_it.c:102:6:NMI_Handler	4	static
../Core/Src/stm32f3xx_it.c:117:6:HardFault_Handler	4	static
../Core/Src/stm32f3xx_it.c:132:6:MemManage_Handler	4	static
../Core/Src/stm32f3xx_it.c:147:6:BusFault_Handler	4	static
../Core/Src/stm32f3xx_it.c:162:6:UsageFault_Handler	4	static
../Core/Src/stm32f3xx_it.c:177:6:SVC_Handler	4	static
../Core/Src/stm32f3xx_it.c:190:6:DebugMon_Handler	4	static
../Core/Src/stm32f3xx_it.c:203:6:PendSV_Handler	4	static
../Core/Src/stm32f3xx_it.c:216:6:SysTick_Handler	8	static
../Core/Src/stm32f3xx_it.c:242:6:DMA1_Channel1_IRQHandler	8	static
../Core/Src/stm32f3xx_it.c:263:6:EXTI9_5_IRQHandler	8	static
../Core/Src/stm32f3xx_it.c:278:6:I2C2_EV_IRQHandler	8	static
../Core/Src/stm32f3xx_it.c:292:6:I2C2_ER_IRQHandler	8	static
../Core/Src/stm32f3xx_it.c:306:6:SPI1_IRQHandler	8	static
../Core/Src/stm32f3xx_it.c:320:6:SPI2_IRQHandler	8	static
../Core/Src/stm32f3xx_it.c:334:6:EXTI15_10_IRQHandler	8	static
../Core/Src/stm32f3xx_it.c:348:6:TIM6_DAC_IRQHandler	8	static
../Core/Src/stm32f3xx_it.c:363:6:TIM7_IRQHandler	8	static
